Archive member included because of file (symbol)

/home/markw/gcc-arm-none-eabi-4_9-2015q3/bin/../lib/gcc/arm-none-eabi/4.9.3/../../../../arm-none-eabi/lib/armv7-m/libm.a(lib_a-ef_log10.o)
                              build/org.mro.perh_1.0/obj/libmwrappers.o (symbol from plugin) (__ieee754_log10f)
/home/markw/gcc-arm-none-eabi-4_9-2015q3/bin/../lib/gcc/arm-none-eabi/4.9.3/../../../../arm-none-eabi/lib/armv7-m/libm.a(lib_a-ef_log.o)
                              /home/markw/gcc-arm-none-eabi-4_9-2015q3/bin/../lib/gcc/arm-none-eabi/4.9.3/../../../../arm-none-eabi/lib/armv7-m/libm.a(lib_a-ef_log10.o) (__ieee754_logf)
/home/markw/gcc-arm-none-eabi-4_9-2015q3/bin/../lib/gcc/arm-none-eabi/4.9.3/armv7-m/libgcc.a(_arm_addsubsf3.o)
                              /home/markw/gcc-arm-none-eabi-4_9-2015q3/bin/../lib/gcc/arm-none-eabi/4.9.3/../../../../arm-none-eabi/lib/armv7-m/libm.a(lib_a-ef_log10.o) (__aeabi_fsub)
/home/markw/gcc-arm-none-eabi-4_9-2015q3/bin/../lib/gcc/arm-none-eabi/4.9.3/armv7-m/libgcc.a(_arm_muldivsf3.o)
                              /home/markw/gcc-arm-none-eabi-4_9-2015q3/bin/../lib/gcc/arm-none-eabi/4.9.3/../../../../arm-none-eabi/lib/armv7-m/libm.a(lib_a-ef_log10.o) (__aeabi_fmul)
/home/markw/gcc-arm-none-eabi-4_9-2015q3/bin/../lib/gcc/arm-none-eabi/4.9.3/armv7-m/libgcc.a(_arm_cmpsf2.o)
                              /home/markw/gcc-arm-none-eabi-4_9-2015q3/bin/../lib/gcc/arm-none-eabi/4.9.3/../../../../arm-none-eabi/lib/armv7-m/libm.a(lib_a-ef_log.o) (__aeabi_fcmpeq)
/home/markw/gcc-arm-none-eabi-4_9-2015q3/bin/../lib/gcc/arm-none-eabi/4.9.3/../../../../arm-none-eabi/lib/armv7-m/libg_nano.a(lib_a-strnlen.o)
                              build/org.mro.perh_1.0/obj/uavcan_debug.o (symbol from plugin) (strnlen)
/home/markw/gcc-arm-none-eabi-4_9-2015q3/bin/../lib/gcc/arm-none-eabi/4.9.3/armv7-m/libgcc.a(_arm_fixunssfsi.o)
                              /tmp/cc5qy2A7.ltrans0.ltrans.o (__aeabi_f2uiz)
/home/markw/gcc-arm-none-eabi-4_9-2015q3/bin/../lib/gcc/arm-none-eabi/4.9.3/armv7-m/libgcc.a(_aeabi_uldivmod.o)
                              /tmp/cc5qy2A7.ltrans0.ltrans.o (__aeabi_uldivmod)
/home/markw/gcc-arm-none-eabi-4_9-2015q3/bin/../lib/gcc/arm-none-eabi/4.9.3/armv7-m/libgcc.a(bpabi.o)
                              /home/markw/gcc-arm-none-eabi-4_9-2015q3/bin/../lib/gcc/arm-none-eabi/4.9.3/armv7-m/libgcc.a(_aeabi_uldivmod.o) (__gnu_uldivmod_helper)
/home/markw/gcc-arm-none-eabi-4_9-2015q3/bin/../lib/gcc/arm-none-eabi/4.9.3/armv7-m/libgcc.a(_dvmd_tls.o)
                              /home/markw/gcc-arm-none-eabi-4_9-2015q3/bin/../lib/gcc/arm-none-eabi/4.9.3/armv7-m/libgcc.a(_aeabi_uldivmod.o) (__aeabi_ldiv0)
/home/markw/gcc-arm-none-eabi-4_9-2015q3/bin/../lib/gcc/arm-none-eabi/4.9.3/armv7-m/libgcc.a(_divdi3.o)
                              /home/markw/gcc-arm-none-eabi-4_9-2015q3/bin/../lib/gcc/arm-none-eabi/4.9.3/armv7-m/libgcc.a(bpabi.o) (__divdi3)
/home/markw/gcc-arm-none-eabi-4_9-2015q3/bin/../lib/gcc/arm-none-eabi/4.9.3/armv7-m/libgcc.a(_udivdi3.o)
                              /home/markw/gcc-arm-none-eabi-4_9-2015q3/bin/../lib/gcc/arm-none-eabi/4.9.3/armv7-m/libgcc.a(bpabi.o) (__udivdi3)
/home/markw/gcc-arm-none-eabi-4_9-2015q3/bin/../lib/gcc/arm-none-eabi/4.9.3/../../../../arm-none-eabi/lib/armv7-m/libg_nano.a(lib_a-memcmp.o)
                              /tmp/cc5qy2A7.ltrans1.ltrans.o (memcmp)
/home/markw/gcc-arm-none-eabi-4_9-2015q3/bin/../lib/gcc/arm-none-eabi/4.9.3/../../../../arm-none-eabi/lib/armv7-m/libg_nano.a(lib_a-memcpy.o)
                              /tmp/cc5qy2A7.ltrans0.ltrans.o (memcpy)
/home/markw/gcc-arm-none-eabi-4_9-2015q3/bin/../lib/gcc/arm-none-eabi/4.9.3/../../../../arm-none-eabi/lib/armv7-m/libg_nano.a(lib_a-memmove.o)
                              /tmp/cc5qy2A7.ltrans1.ltrans.o (memmove)
/home/markw/gcc-arm-none-eabi-4_9-2015q3/bin/../lib/gcc/arm-none-eabi/4.9.3/../../../../arm-none-eabi/lib/armv7-m/libg_nano.a(lib_a-memset.o)
                              /tmp/cc5qy2A7.ltrans0.ltrans.o (memset)
/home/markw/gcc-arm-none-eabi-4_9-2015q3/bin/../lib/gcc/arm-none-eabi/4.9.3/../../../../arm-none-eabi/lib/armv7-m/libg_nano.a(lib_a-strcmp.o)
                              /tmp/cc5qy2A7.ltrans7.ltrans.o (strcmp)

Discarded input sections

 .data          0x00000000        0x0 build/org.mro.perh_1.0/obj/crt0_v7m.o
 .bss           0x00000000        0x0 build/org.mro.perh_1.0/obj/crt0_v7m.o
 .data          0x00000000        0x0 build/org.mro.perh_1.0/obj/chcoreasm_v7m.o
 .bss           0x00000000        0x0 build/org.mro.perh_1.0/obj/chcoreasm_v7m.o
 .text          0x00000000        0x0 build/org.mro.perh_1.0/obj/setup.o (symbol from plugin)
 .text          0x00000000        0x0 /tmp/cc5qy2A7.ltrans0.ltrans.o
 .data          0x00000000        0x0 /tmp/cc5qy2A7.ltrans0.ltrans.o
 .bss           0x00000000        0x0 /tmp/cc5qy2A7.ltrans0.ltrans.o
 .rodata.DTIDMask.4708
                0x00000000        0x2 /tmp/cc5qy2A7.ltrans0.ltrans.o
[...]
Memory Configuration

Name             Origin             Length             Attributes
bl               0x08000000         0x00003000         xr
app              0x08003000         0x0000c000         xr
param1           0x0800f000         0x00000800         xr
param2           0x0800f800         0x00000800         xr
ram              0x20000000         0x00003f00         xrw
app_bl_shared    0x20003f00         0x00000100         xrw
ram1             0x00000000         0xffffffff
ram2             0x00000000         0xffffffff
ram3             0x00000000         0xffffffff
ram4             0x00000000         0xffffffff
ram5             0x00000000         0xffffffff
ram6             0x00000000         0xffffffff
ram7             0x00000000         0xffffffff
*default*        0x00000000         0xffffffff

Linker script and memory map

LOAD build/org.mro.perh_1.0/obj/crt0_v7m.o
LOAD build/org.mro.perh_1.0/obj/chcoreasm_v7m.o
LOAD build/org.mro.perh_1.0/obj/setup.o
LOAD /tmp/cc5qy2A7.ltrans0.ltrans.o
LOAD /tmp/cc5qy2A7.ltrans1.ltrans.o
LOAD /tmp/cc5qy2A7.ltrans2.ltrans.o
LOAD /tmp/cc5qy2A7.ltrans3.ltrans.o
LOAD /tmp/cc5qy2A7.ltrans4.ltrans.o
LOAD /tmp/cc5qy2A7.ltrans5.ltrans.o
LOAD /tmp/cc5qy2A7.ltrans6.ltrans.o
LOAD /tmp/cc5qy2A7.ltrans7.ltrans.o
LOAD /tmp/cc5qy2A7.ltrans8.ltrans.o
LOAD /tmp/cc5qy2A7.ltrans9.ltrans.o
LOAD /tmp/cc5qy2A7.ltrans10.ltrans.o
LOAD /home/markw/gcc-arm-none-eabi-4_9-2015q3/bin/../lib/gcc/arm-none-eabi/4.9.3/armv7-m/libgcc.a
LOAD /home/markw/gcc-arm-none-eabi-4_9-2015q3/bin/../lib/gcc/arm-none-eabi/4.9.3/../../../../arm-none-eabi/lib/armv7-m/libg_nano.a
LOAD /home/markw/gcc-arm-none-eabi-4_9-2015q3/bin/../lib/gcc/arm-none-eabi/4.9.3/../../../../arm-none-eabi/lib/armv7-m/libc_nano.a
LOAD /home/markw/gcc-arm-none-eabi-4_9-2015q3/bin/../lib/gcc/arm-none-eabi/4.9.3/armv7-m/libgcc.a
LOAD /home/markw/gcc-arm-none-eabi-4_9-2015q3/bin/../lib/gcc/arm-none-eabi/4.9.3/../../../../arm-none-eabi/lib/armv7-m/libc_nano.a
LOAD /home/markw/gcc-arm-none-eabi-4_9-2015q3/bin/../lib/gcc/arm-none-eabi/4.9.3/../../../../arm-none-eabi/lib/armv7-m/libnosys.a
LOAD /home/markw/gcc-arm-none-eabi-4_9-2015q3/bin/../lib/gcc/arm-none-eabi/4.9.3/armv7-m/libgcc.a
LOAD /home/markw/gcc-arm-none-eabi-4_9-2015q3/bin/../lib/gcc/arm-none-eabi/4.9.3/../../../../arm-none-eabi/lib/armv7-m/libc_nano.a
LOAD /home/markw/gcc-arm-none-eabi-4_9-2015q3/bin/../lib/gcc/arm-none-eabi/4.9.3/../../../../arm-none-eabi/lib/armv7-m/libnosys.a
LOAD build/org.mro.perh_1.0/obj/canard.o
LOAD build/org.mro.perh_1.0/obj/uavcan.protocol.NodeStatus.o
LOAD build/org.mro.perh_1.0/obj/uavcan.protocol.RestartNode_res.o
LOAD build/org.mro.perh_1.0/obj/uavcan.protocol.RestartNode_req.o
LOAD build/org.mro.perh_1.0/obj/uavcan.protocol.dynamic_node_id.Allocation.o
LOAD build/org.mro.perh_1.0/obj/uavcan.protocol.debug.LogLevel.o
LOAD build/org.mro.perh_1.0/obj/uavcan.protocol.debug.LogMessage.o
LOAD build/org.mro.perh_1.0/obj/uavcan.protocol.debug.KeyValue.o
LOAD build/org.mro.perh_1.0/obj/uavcan.protocol.GetNodeInfo_res.o
LOAD build/org.mro.perh_1.0/obj/uavcan.protocol.HardwareVersion.o
LOAD build/org.mro.perh_1.0/obj/uavcan.protocol.SoftwareVersion.o
LOAD build/org.mro.perh_1.0/obj/uavcan.protocol.GetNodeInfo_req.o
LOAD build/org.mro.perh_1.0/obj/crt1.o
LOAD build/org.mro.perh_1.0/obj/vectors.o
LOAD build/org.mro.perh_1.0/obj/chsys.o
LOAD build/org.mro.perh_1.0/obj/chdebug.o
LOAD build/org.mro.perh_1.0/obj/chtrace.o
LOAD build/org.mro.perh_1.0/obj/chvt.o
LOAD build/org.mro.perh_1.0/obj/chschd.o
LOAD build/org.mro.perh_1.0/obj/chthreads.o
LOAD build/org.mro.perh_1.0/obj/chtm.o
LOAD build/org.mro.perh_1.0/obj/chstats.o
LOAD build/org.mro.perh_1.0/obj/chregistry.o
LOAD build/org.mro.perh_1.0/obj/chsem.o
LOAD build/org.mro.perh_1.0/obj/chmtx.o
LOAD build/org.mro.perh_1.0/obj/chcond.o
LOAD build/org.mro.perh_1.0/obj/chevents.o
LOAD build/org.mro.perh_1.0/obj/chmsg.o
LOAD build/org.mro.perh_1.0/obj/chdynamic.o
LOAD build/org.mro.perh_1.0/obj/chmboxes.o
LOAD build/org.mro.perh_1.0/obj/chmemcore.o
LOAD build/org.mro.perh_1.0/obj/chheap.o
LOAD build/org.mro.perh_1.0/obj/chmempools.o
LOAD build/org.mro.perh_1.0/obj/chcore.o
LOAD build/org.mro.perh_1.0/obj/chcore_v7m.o
LOAD build/org.mro.perh_1.0/obj/osal.o
LOAD build/org.mro.perh_1.0/obj/hal.o
LOAD build/org.mro.perh_1.0/obj/hal_buffers.o
LOAD build/org.mro.perh_1.0/obj/hal_queues.o
LOAD build/org.mro.perh_1.0/obj/hal_mmcsd.o
LOAD build/org.mro.perh_1.0/obj/hal_adc.o
LOAD build/org.mro.perh_1.0/obj/hal_can.o
LOAD build/org.mro.perh_1.0/obj/hal_dac.o
LOAD build/org.mro.perh_1.0/obj/hal_ext.o
LOAD build/org.mro.perh_1.0/obj/hal_gpt.o
LOAD build/org.mro.perh_1.0/obj/hal_i2c.o
LOAD build/org.mro.perh_1.0/obj/hal_i2s.o
LOAD build/org.mro.perh_1.0/obj/hal_icu.o
LOAD build/org.mro.perh_1.0/obj/hal_mac.o
LOAD build/org.mro.perh_1.0/obj/hal_mmc_spi.o
LOAD build/org.mro.perh_1.0/obj/hal_pal.o
LOAD build/org.mro.perh_1.0/obj/hal_pwm.o
LOAD build/org.mro.perh_1.0/obj/hal_qspi.o
LOAD build/org.mro.perh_1.0/obj/hal_rtc.o
LOAD build/org.mro.perh_1.0/obj/hal_sdc.o
LOAD build/org.mro.perh_1.0/obj/hal_serial.o
LOAD build/org.mro.perh_1.0/obj/hal_serial_usb.o
LOAD build/org.mro.perh_1.0/obj/hal_spi.o
LOAD build/org.mro.perh_1.0/obj/hal_st.o
LOAD build/org.mro.perh_1.0/obj/hal_uart.o
LOAD build/org.mro.perh_1.0/obj/hal_usb.o
LOAD build/org.mro.perh_1.0/obj/hal_wdg.o
LOAD build/org.mro.perh_1.0/obj/nvic.o
LOAD build/org.mro.perh_1.0/obj/hal_lld.o
LOAD build/org.mro.perh_1.0/obj/hal_ext_lld_isr.o
LOAD build/org.mro.perh_1.0/obj/hal_adc_lld.o
LOAD build/org.mro.perh_1.0/obj/hal_can_lld.o
LOAD build/org.mro.perh_1.0/obj/hal_dac_lld.o
LOAD build/org.mro.perh_1.0/obj/stm32_dma.o
LOAD build/org.mro.perh_1.0/obj/hal_ext_lld.o
LOAD build/org.mro.perh_1.0/obj/hal_pal_lld.o
LOAD build/org.mro.perh_1.0/obj/hal_i2c_lld.o
LOAD build/org.mro.perh_1.0/obj/hal_rtc_lld.o
LOAD build/org.mro.perh_1.0/obj/hal_sdc_lld.o
LOAD build/org.mro.perh_1.0/obj/hal_i2s_lld.o
LOAD build/org.mro.perh_1.0/obj/hal_spi_lld.o
LOAD build/org.mro.perh_1.0/obj/hal_st_lld.o
LOAD build/org.mro.perh_1.0/obj/hal_gpt_lld.o
LOAD build/org.mro.perh_1.0/obj/hal_icu_lld.o
LOAD build/org.mro.perh_1.0/obj/hal_pwm_lld.o
LOAD build/org.mro.perh_1.0/obj/hal_serial_lld.o
LOAD build/org.mro.perh_1.0/obj/hal_uart_lld.o
LOAD build/org.mro.perh_1.0/obj/hal_usb_lld.o
LOAD build/org.mro.perh_1.0/obj/hal_wdg_lld.o
LOAD build/org.mro.perh_1.0/obj/board.o
LOAD build/org.mro.perh_1.0/obj/warnings.o
LOAD build/org.mro.perh_1.0/obj/shared_app_descriptor.o
LOAD build/org.mro.perh_1.0/obj/shared_boot_msg.o
LOAD build/org.mro.perh_1.0/obj/crc64_we.o
LOAD build/org.mro.perh_1.0/obj/helpers.o
LOAD build/org.mro.perh_1.0/obj/slip.o
LOAD build/org.mro.perh_1.0/obj/libmwrappers.o
LOAD build/org.mro.perh_1.0/obj/ch_init.o
LOAD build/org.mro.perh_1.0/obj/hal_init.o
LOAD build/org.mro.perh_1.0/obj/app_descriptor.o
LOAD build/org.mro.perh_1.0/obj/timing.o
LOAD build/org.mro.perh_1.0/obj/system.o
LOAD build/org.mro.perh_1.0/obj/fifoallocator.o
LOAD build/org.mro.perh_1.0/obj/pubsub.o
LOAD build/org.mro.perh_1.0/obj/worker_thread.o
LOAD build/org.mro.perh_1.0/obj/can_driver_stm32.o
LOAD build/org.mro.perh_1.0/obj/can_tx_queue.o
LOAD build/org.mro.perh_1.0/obj/can_helpers.o
LOAD build/org.mro.perh_1.0/obj/can.o
LOAD build/org.mro.perh_1.0/obj/can_autobaud.o
LOAD build/org.mro.perh_1.0/obj/uavcan.o
LOAD build/org.mro.perh_1.0/obj/uavcan_nodestatus_publisher.o
LOAD build/org.mro.perh_1.0/obj/uavcan_getnodeinfo_server.o
LOAD build/org.mro.perh_1.0/obj/uavcan_allocatee.o
LOAD build/org.mro.perh_1.0/obj/uavcan_restart.o
LOAD build/org.mro.perh_1.0/obj/uavcan_debug.o
LOAD build/org.mro.perh_1.0/obj/stack_measurement.o
LOAD build/org.mro.perh_1.0/obj/freemem_check.o
LOAD build/org.mro.perh_1.0/obj/platform_stm32f103xB.o
LOAD build/org.mro.perh_1.0/obj/chprintf.o
LOAD build/org.mro.perh_1.0/obj/memstreams.o
LOAD build/org.mro.perh_1.0/obj/nullstreams.o

.param1

.param2
                0x20003f00                PROVIDE (_app_bl_shared_sec, ORIGIN (app_bl_shared))
                0x08000000                PROVIDE (_bl_flash_sec, ORIGIN (bl))
                0x08003000                PROVIDE (_bl_flash_sec_end, (ORIGIN (bl) + 0x3000))
                0x08003000                PROVIDE (_app_flash_sec, ORIGIN (app))
                0x0800f000                PROVIDE (_app_flash_sec_end, (ORIGIN (app) + 0xc000))
                0x0800f000                PROVIDE (_param1_flash_sec, ORIGIN (param1))
                0x0800f800                PROVIDE (_param1_flash_sec_end, (ORIGIN (param1) + 0x800))
                0x0800f800                PROVIDE (_param2_flash_sec, ORIGIN (param2))
                0x08010000                PROVIDE (_param2_flash_sec_end, (ORIGIN (param2) + 0x800))

.mstack         0x20000000      0x500
                0x20000000                . = ALIGN (0x8)
                0x20000000                __main_stack_base__ = .
                0x20000500                . = (. + __main_stack_size__)
 *fill*         0x20000000      0x500 
                0x20000500                . = ALIGN (0x8)
                0x20000500                __main_stack_end__ = .

.pstack         0x20000500      0x500
                0x20000500                __process_stack_base__ = .
                0x20000500                __main_thread_stack_base__ = .
                0x20000a00                . = (. + __process_stack_size__)
 *fill*         0x20000500      0x500 
                0x20000a00                . = ALIGN (0x8)
                0x20000a00                __process_stack_end__ = .
                0x20000a00                __main_thread_stack_end__ = .

.vectors        0x08003000      0x188
 *(.vectors)
 .vectors       0x08003000      0x160 /tmp/cc5qy2A7.ltrans0.ltrans.o
                0x08003000                _vectors
 *(.app_descriptor)
 .app_descriptor
                0x08003160       0x28 /tmp/cc5qy2A7.ltrans0.ltrans.o
                0x08003160                shared_app_descriptor

.xtors          0x08003188       0x3c
                0x08003188                __init_array_start = .
 *(SORT(.init_array.*))
 .init_array.00130
                0x08003188        0x4 /tmp/cc5qy2A7.ltrans4.ltrans.o
 .init_array.00133
                0x0800318c        0x4 /tmp/cc5qy2A7.ltrans4.ltrans.o
 .init_array.00136
                0x08003190        0x8 /tmp/cc5qy2A7.ltrans10.ltrans.o
 .init_array.00137
                0x08003198        0x4 /tmp/cc5qy2A7.ltrans0.ltrans.o
 .init_array.00137
                0x0800319c        0x4 /tmp/cc5qy2A7.ltrans4.ltrans.o
 .init_array.00138
                0x080031a0        0x4 /tmp/cc5qy2A7.ltrans10.ltrans.o
 .init_array.00142
                0x080031a4        0x4 /tmp/cc5qy2A7.ltrans3.ltrans.o
 .init_array.00143
                0x080031a8        0x4 /tmp/cc5qy2A7.ltrans2.ltrans.o
 .init_array.00148
                0x080031ac        0x4 /tmp/cc5qy2A7.ltrans2.ltrans.o
 .init_array.00149
                0x080031b0        0x4 /tmp/cc5qy2A7.ltrans0.ltrans.o
 .init_array.00149
                0x080031b4        0xc /tmp/cc5qy2A7.ltrans1.ltrans.o
 .init_array.00152
                0x080031c0        0x4 /tmp/cc5qy2A7.ltrans0.ltrans.o
 *(.init_array)
                0x080031c4                __init_array_end = .
                0x080031c4                __fini_array_start = .
 *(.fini_array)
 *(SORT(.fini_array.*))
                0x080031c4                __fini_array_end = .

.text           0x080031d0     0xb424
 *(.text)
 .text          0x080031d0       0xd4 build/org.mro.perh_1.0/obj/crt0_v7m.o
                0x080031d0                Reset_Handler
 .text          0x080032a4       0x34 build/org.mro.perh_1.0/obj/chcoreasm_v7m.o
                0x080032a4                _port_switch
                0x080032b4                _port_thread_start
                0x080032c8                _port_switch_from_isr
                0x080032d4                _port_exit_from_isr
 .text          0x080032d8       0x40 /home/markw/gcc-arm-none-eabi-4_9-2015q3/bin/../lib/gcc/arm-none-eabi/4.9.3/armv7-m/libgcc.a(_arm_fixunssfsi.o)
                0x080032d8                __aeabi_f2uiz
                0x080032d8                __fixunssfsi
 .text          0x08003318       0x30 /home/markw/gcc-arm-none-eabi-4_9-2015q3/bin/../lib/gcc/arm-none-eabi/4.9.3/armv7-m/libgcc.a(_aeabi_uldivmod.o)
                0x08003318                __aeabi_uldivmod
 .text          0x08003348       0x60 /home/markw/gcc-arm-none-eabi-4_9-2015q3/bin/../lib/gcc/arm-none-eabi/4.9.3/armv7-m/libgcc.a(bpabi.o)
                0x08003348                __gnu_ldivmod_helper
                0x08003378                __gnu_uldivmod_helper
 .text          0x080033a8        0x4 /home/markw/gcc-arm-none-eabi-4_9-2015q3/bin/../lib/gcc/arm-none-eabi/4.9.3/armv7-m/libgcc.a(_dvmd_tls.o)
                0x080033a8                __aeabi_ldiv0
                0x080033a8                __aeabi_idiv0
 .text          0x080033ac      0x2ac /home/markw/gcc-arm-none-eabi-4_9-2015q3/bin/../lib/gcc/arm-none-eabi/4.9.3/armv7-m/libgcc.a(_divdi3.o)
                0x080033ac                __divdi3
 .text          0x08003658      0x270 /home/markw/gcc-arm-none-eabi-4_9-2015q3/bin/../lib/gcc/arm-none-eabi/4.9.3/armv7-m/libgcc.a(_udivdi3.o)
                0x08003658                __udivdi3
 .text          0x080038c8      0x21c /home/markw/gcc-arm-none-eabi-4_9-2015q3/bin/../lib/gcc/arm-none-eabi/4.9.3/armv7-m/libgcc.a(_arm_addsubsf3.o)
                0x080038c8                __aeabi_frsub
                0x080038d0                __subsf3
                0x080038d0                __aeabi_fsub
                0x080038d4                __aeabi_fadd
                0x080038d4                __addsf3
                0x08003a34                __aeabi_ui2f
                0x08003a34                __floatunsisf
                0x08003a3c                __aeabi_i2f
                0x08003a3c                __floatsisf
                0x08003a58                __floatundisf
                0x08003a58                __aeabi_ul2f
                0x08003a68                __floatdisf
                0x08003a68                __aeabi_l2f
 .text          0x08003ae4      0x2a0 /home/markw/gcc-arm-none-eabi-4_9-2015q3/bin/../lib/gcc/arm-none-eabi/4.9.3/armv7-m/libgcc.a(_arm_muldivsf3.o)
                0x08003ae4                __mulsf3
                0x08003ae4                __aeabi_fmul
                0x08003c4c                __divsf3
                0x08003c4c                __aeabi_fdiv
 *(.text.*)
 .text.allocation_start_request_timer.lto_priv.72
                0x08003d84       0x9c /tmp/cc5qy2A7.ltrans0.ltrans.o
                0x08003d84                allocation_start_request_timer.lto_priv.72
 .text.allocation_start_followup_timer.lto_priv.71
                0x08003e20       0x8c /tmp/cc5qy2A7.ltrans0.ltrans.o
                0x08003e20                allocation_start_followup_timer.lto_priv.71
 .text.allocation_running.lto_priv.73
                0x08003eac       0x28 /tmp/cc5qy2A7.ltrans0.ltrans.o
                0x08003eac                allocation_running.lto_priv.73
 .text.getRandomFloat
                0x08003ed4       0x90 /tmp/cc5qy2A7.ltrans0.ltrans.o
 .text.NVIC_SystemReset
                0x08003f64       0x28 /tmp/cc5qy2A7.ltrans0.ltrans.o
 .text.LL_MS2ST
                0x08003f8c       0xc0 /tmp/cc5qy2A7.ltrans0.ltrans.o
 .text._local_ctor_25
                0x0800404c       0x38 /tmp/cc5qy2A7.ltrans0.ltrans.o
 .text.delayed_restart_func
                0x08004084       0x14 /tmp/cc5qy2A7.ltrans0.ltrans.o
 .text.restart_req_handler
                0x08004098       0x84 /tmp/cc5qy2A7.ltrans0.ltrans.o
 .text.uavcan_send_debug_msg
                0x0800411c       0xa8 /tmp/cc5qy2A7.ltrans0.ltrans.o
                0x0800411c                uavcan_send_debug_msg
 .text._local_ctor_31
                0x080041c4       0x2c /tmp/cc5qy2A7.ltrans0.ltrans.o
 .text._print_thread_free_stack
                0x080041f0       0x44 /tmp/cc5qy2A7.ltrans0.ltrans.o
 .text.print_thread_free_stack
                0x08004234       0x5c /tmp/cc5qy2A7.ltrans0.ltrans.o
 .text.print_exception_free_stack
                0x08004290       0x18 /tmp/cc5qy2A7.ltrans0.ltrans.o
 .text.stack_print_task_func
                0x080042a8       0x30 /tmp/cc5qy2A7.ltrans0.ltrans.o
 .text._local_ctor_14
                0x080042d8       0x3c /tmp/cc5qy2A7.ltrans0.ltrans.o
 .text.__early_init
                0x08004314        0xc /tmp/cc5qy2A7.ltrans0.ltrans.o
                0x08004314                __early_init
 .text.board_get_unique_id
                0x08004320       0x64 /tmp/cc5qy2A7.ltrans0.ltrans.o
                0x08004320                board_get_unique_id
 .text.long_to_string_with_divisor
                0x08004384       0xac /tmp/cc5qy2A7.ltrans0.ltrans.o
 .text.ch_ltoa  0x08004430       0x24 /tmp/cc5qy2A7.ltrans0.ltrans.o
 .text.chvprintf
                0x08004454      0x454 /tmp/cc5qy2A7.ltrans0.ltrans.o
 .text._writes  0x080048a8       0x58 /tmp/cc5qy2A7.ltrans0.ltrans.o
 .text._reads   0x08004900       0x58 /tmp/cc5qy2A7.ltrans0.ltrans.o
 .text._put.lto_priv.6
                0x08004958       0x48 /tmp/cc5qy2A7.ltrans0.ltrans.o
 .text._get.lto_priv.4
                0x080049a0       0x44 /tmp/cc5qy2A7.ltrans0.ltrans.o
 .text.msObjectInit
                0x080049e4       0x3c /tmp/cc5qy2A7.ltrans0.ltrans.o
 .text._uavcan_set_node_id.lto_priv.97
                0x08004a20       0x48 /tmp/cc5qy2A7.ltrans1.ltrans.o
                0x08004a20                _uavcan_set_node_id.lto_priv.97
 .text.uavcan_set_node_id
                0x08004a68       0x2c /tmp/cc5qy2A7.ltrans1.ltrans.o
 .text.copy_bit_array
                0x08004a94       0x7c /tmp/cc5qy2A7.ltrans1.ltrans.o
 .text.uavcan_transmit_chunk_handler
                0x08004b10       0xe4 /tmp/cc5qy2A7.ltrans1.ltrans.o
 .text._uavcan_send
                0x08004bf4      0x354 /tmp/cc5qy2A7.ltrans1.ltrans.o
 .text.uavcan_broadcast
                0x08004f48       0x88 /tmp/cc5qy2A7.ltrans1.ltrans.o
                0x08004f48                uavcan_broadcast
 .text.uavcan_respond
                0x08004fd0       0x68 /tmp/cc5qy2A7.ltrans1.ltrans.o
                0x08004fd0                uavcan_respond
 .text.uavcan_can_rx_handler.lto_priv.81
                0x08005038       0x50 /tmp/cc5qy2A7.ltrans1.ltrans.o
                0x08005038                uavcan_can_rx_handler.lto_priv.81
 .text.stale_transfer_cleanup_task_func.lto_priv.83
                0x08005088       0x38 /tmp/cc5qy2A7.ltrans1.ltrans.o
                0x08005088                stale_transfer_cleanup_task_func.lto_priv.83
 .text.uavcan_get_instance.lto_priv.96
                0x080050c0       0x48 /tmp/cc5qy2A7.ltrans1.ltrans.o
                0x080050c0                uavcan_get_instance.lto_priv.96
 .text.uavcan_get_num_instances
                0x08005108       0x38 /tmp/cc5qy2A7.ltrans1.ltrans.o
 .text.uavcan_get_idx.lto_priv.98
                0x08005140       0x40 /tmp/cc5qy2A7.ltrans1.ltrans.o
                0x08005140                uavcan_get_idx.lto_priv.98
 .text.convert_can_frame_to_CanardCANFrame
                0x08005180       0x88 /tmp/cc5qy2A7.ltrans1.ltrans.o
 .text.uavcan_message_writer_func
                0x08005208       0x68 /tmp/cc5qy2A7.ltrans1.ltrans.o
 .text.uavcan_on_transfer_rx.lto_priv.79
                0x08005270       0x94 /tmp/cc5qy2A7.ltrans1.ltrans.o
                0x08005270                uavcan_on_transfer_rx.lto_priv.79
 .text.uavcan_should_accept_transfer.lto_priv.80
                0x08005304       0x8c /tmp/cc5qy2A7.ltrans1.ltrans.o
                0x08005304                uavcan_should_accept_transfer.lto_priv.80
 .text.uavcan_transfer_id_map_init.lto_priv.99
                0x08005390       0x40 /tmp/cc5qy2A7.ltrans1.ltrans.o
                0x08005390                uavcan_transfer_id_map_init.lto_priv.99
 .text.uavcan_transfer_id_map_retrieve
                0x080053d0      0x188 /tmp/cc5qy2A7.ltrans1.ltrans.o
 .text.uavcan_nodestatus_publisher_get_nodestatus_message
                0x08005558       0x14 /tmp/cc5qy2A7.ltrans1.ltrans.o
 .text._local_ctor_24
                0x0800556c       0x50 /tmp/cc5qy2A7.ltrans1.ltrans.o
 .text.node_status_publisher_task_func
                0x080055bc       0x44 /tmp/cc5qy2A7.ltrans1.ltrans.o
 .text._local_ctor_26
                0x08005600       0x38 /tmp/cc5qy2A7.ltrans1.ltrans.o
 .text.getnodeinfo_req_handler
                0x08005638       0xa4 /tmp/cc5qy2A7.ltrans1.ltrans.o
 .text.chCoreAlloc
                0x080056dc       0x1c /tmp/cc5qy2A7.ltrans1.ltrans.o
 .text._local_ctor_34
                0x080056f8       0x9c /tmp/cc5qy2A7.ltrans1.ltrans.o
 .text.allocation_stop_and_cleanup.lto_priv.64
                0x08005794       0x2c /tmp/cc5qy2A7.ltrans1.ltrans.o
                0x08005794                allocation_stop_and_cleanup.lto_priv.64
 .text.allocation_timer_expired.lto_priv.7
                0x080057c0       0xa4 /tmp/cc5qy2A7.ltrans1.ltrans.o
                0x080057c0                allocation_timer_expired.lto_priv.7
 .text.allocation_message_handler
                0x08005864       0xa8 /tmp/cc5qy2A7.ltrans1.ltrans.o
 .text.can_start
                0x0800590c       0x30 /tmp/cc5qy2A7.ltrans2.ltrans.o
 .text.can_stop_I
                0x0800593c       0x30 /tmp/cc5qy2A7.ltrans2.ltrans.o
                0x0800593c                can_stop_I
 .text.can_allocate_tx_frame_and_append_I
                0x0800596c       0x60 /tmp/cc5qy2A7.ltrans2.ltrans.o
 .text.can_allocate_tx_frame_and_append
                0x080059cc       0x28 /tmp/cc5qy2A7.ltrans2.ltrans.o
                0x080059cc                can_allocate_tx_frame_and_append
 .text.can_enqueue_tx_frames
                0x080059f4       0x7c /tmp/cc5qy2A7.ltrans2.ltrans.o
                0x080059f4                can_enqueue_tx_frames
 .text.can_free_tx_frames
                0x08005a70       0x3c /tmp/cc5qy2A7.ltrans2.ltrans.o
                0x08005a70                can_free_tx_frames
 .text.can_driver_register
                0x08005aac      0x168 /tmp/cc5qy2A7.ltrans2.ltrans.o
                0x08005aac                can_driver_register
 .text.can_try_enqueue_waiting_frame_I
                0x08005c14      0x110 /tmp/cc5qy2A7.ltrans2.ltrans.o
 .text.can_try_enqueue_waiting_frame
                0x08005d24       0x1c /tmp/cc5qy2A7.ltrans2.ltrans.o
 .text.can_reschedule_expire_timer_I
                0x08005d40       0xc0 /tmp/cc5qy2A7.ltrans2.ltrans.o
 .text.can_reschedule_expire_timer
                0x08005e00       0x20 /tmp/cc5qy2A7.ltrans2.ltrans.o
 .text.can_tx_frame_completed_I
                0x08005e20       0x68 /tmp/cc5qy2A7.ltrans2.ltrans.o
 .text.can_tx_frame_completed
                0x08005e88       0x5c /tmp/cc5qy2A7.ltrans2.ltrans.o
 .text.can_expire_handler
                0x08005ee4       0xb4 /tmp/cc5qy2A7.ltrans2.ltrans.o
 .text.can_driver_tx_request_complete_I
                0x08005f98       0x78 /tmp/cc5qy2A7.ltrans2.ltrans.o
                0x08005f98                can_driver_tx_request_complete_I
 .text.can_fill_rx_frame_I
                0x08006010       0x34 /tmp/cc5qy2A7.ltrans2.ltrans.o
 .text.can_driver_rx_frame_received_I
                0x08006044       0x4c /tmp/cc5qy2A7.ltrans2.ltrans.o
                0x08006044                can_driver_rx_frame_received_I
 .text.LL_US2ST.lto_priv.86
                0x08006090       0xc4 /tmp/cc5qy2A7.ltrans2.ltrans.o
 .text.is_baudrate_valid
                0x08006154       0x40 /tmp/cc5qy2A7.ltrans2.ltrans.o
 .text._local_ctor_37
                0x08006194      0x104 /tmp/cc5qy2A7.ltrans2.ltrans.o
 .text.autobaud_timer_task_func
                0x08006298       0x9c /tmp/cc5qy2A7.ltrans2.ltrans.o
 .text.port_lock
                0x08006334       0x1c /tmp/cc5qy2A7.ltrans2.ltrans.o
 .text.port_unlock
                0x08006350       0x1c /tmp/cc5qy2A7.ltrans2.ltrans.o
 .text.chSysLock.lto_priv.77
                0x0800636c       0x10 /tmp/cc5qy2A7.ltrans2.ltrans.o
                0x0800636c                chSysLock.lto_priv.77
 .text.chSysUnlock.lto_priv.76
                0x0800637c       0x38 /tmp/cc5qy2A7.ltrans2.ltrans.o
                0x0800637c                chSysUnlock.lto_priv.76
 .text.LL_US2ST.lto_priv.87
                0x080063b4       0xc4 /tmp/cc5qy2A7.ltrans2.ltrans.o
 .text.chCoreAllocAlignedI.lto_priv.9
                0x08006478       0x20 /tmp/cc5qy2A7.ltrans2.ltrans.o
                0x08006478                chCoreAllocAlignedI.lto_priv.9
 .text.chCoreAlloc.lto_priv.85
                0x08006498       0x1c /tmp/cc5qy2A7.ltrans2.ltrans.o
 .text._local_ctor_100
                0x080064b4       0x3c /tmp/cc5qy2A7.ltrans2.ltrans.o
 .text.uavcan_init
                0x080064f0      0x16c /tmp/cc5qy2A7.ltrans2.ltrans.o
 .text.uavcan_iterate_instances.lto_priv.75
                0x0800665c       0x4c /tmp/cc5qy2A7.ltrans2.ltrans.o
                0x0800665c                uavcan_iterate_instances.lto_priv.75
 .text._uavcan_get_message_topic
                0x080066a8       0xa8 /tmp/cc5qy2A7.ltrans2.ltrans.o
 .text.uavcan_get_message_topic
                0x08006750       0x28 /tmp/cc5qy2A7.ltrans2.ltrans.o
                0x08006750                uavcan_get_message_topic
 .text._uavcan_get_message_data_type_id.lto_priv.74
                0x08006778       0x24 /tmp/cc5qy2A7.ltrans2.ltrans.o
                0x08006778                _uavcan_get_message_data_type_id.lto_priv.74
 .text._uavcan_get_node_id.lto_priv.78
                0x0800679c       0x34 /tmp/cc5qy2A7.ltrans2.ltrans.o
                0x0800679c                _uavcan_get_node_id.lto_priv.78
 .text.uavcan_get_node_id
                0x080067d0       0x24 /tmp/cc5qy2A7.ltrans2.ltrans.o
                0x080067d0                uavcan_get_node_id
 .text.worker_thread_remove_listener_task
                0x080067f4       0x54 /tmp/cc5qy2A7.ltrans3.ltrans.o
                0x080067f4                worker_thread_remove_listener_task
 .text.worker_thread_add_publisher_task_I
                0x08006848       0xbc /tmp/cc5qy2A7.ltrans3.ltrans.o
 .text.worker_thread_add_publisher_task
                0x08006904       0x28 /tmp/cc5qy2A7.ltrans3.ltrans.o
                0x08006904                worker_thread_add_publisher_task
 .text.worker_thread_publisher_task_publish_I
                0x0800692c       0x84 /tmp/cc5qy2A7.ltrans3.ltrans.o
                0x0800692c                worker_thread_publisher_task_publish_I
 .text.worker_thread_takeover
                0x080069b0      0x174 /tmp/cc5qy2A7.ltrans3.ltrans.o
                0x080069b0                worker_thread_takeover
 .text.worker_thread_func.lto_priv.138
                0x08006b24       0x18 /tmp/cc5qy2A7.ltrans3.ltrans.o
                0x08006b24                worker_thread_func.lto_priv.138
 .text.worker_thread_wake_I.lto_priv.162
                0x08006b3c       0x20 /tmp/cc5qy2A7.ltrans3.ltrans.o
                0x08006b3c                worker_thread_wake_I.lto_priv.162
 .text.worker_thread_wake.lto_priv.160
                0x08006b5c       0x1c /tmp/cc5qy2A7.ltrans3.ltrans.o
                0x08006b5c                worker_thread_wake.lto_priv.160
 .text.worker_thread_init_timer_task.lto_priv.164
                0x08006b78       0x44 /tmp/cc5qy2A7.ltrans3.ltrans.o
                0x08006b78                worker_thread_init_timer_task.lto_priv.164
 .text.worker_thread_timer_task_is_registered_I
                0x08006bbc       0x38 /tmp/cc5qy2A7.ltrans3.ltrans.o
 .text.worker_thread_insert_timer_task_I.lto_priv.163
                0x08006bf4       0x80 /tmp/cc5qy2A7.ltrans3.ltrans.o
                0x08006bf4                worker_thread_insert_timer_task_I.lto_priv.163
 .text.worker_thread_get_ticks_to_timer_task_I
                0x08006c74       0x54 /tmp/cc5qy2A7.ltrans3.ltrans.o
 .text.worker_thread_publisher_task_is_registered_I
                0x08006cc8       0x38 /tmp/cc5qy2A7.ltrans3.ltrans.o
 .text.worker_thread_get_any_publisher_task_due_I
                0x08006d00       0x40 /tmp/cc5qy2A7.ltrans3.ltrans.o
 .text.worker_thread_listener_task_is_registered_I
                0x08006d40       0x38 /tmp/cc5qy2A7.ltrans3.ltrans.o
 .text.worker_thread_listener_task_is_registered.lto_priv.161
                0x08006d78       0x28 /tmp/cc5qy2A7.ltrans3.ltrans.o
                0x08006d78                worker_thread_listener_task_is_registered.lto_priv.161
 .text.worker_thread_get_any_listener_task_due_I
                0x08006da0       0x3c /tmp/cc5qy2A7.ltrans3.ltrans.o
 .text.port_lock.lto_priv.113
                0x08006ddc       0x1c /tmp/cc5qy2A7.ltrans3.ltrans.o
 .text.port_unlock.lto_priv.110
                0x08006df8       0x1c /tmp/cc5qy2A7.ltrans3.ltrans.o
 .text.port_lock_from_isr
                0x08006e14        0xc /tmp/cc5qy2A7.ltrans3.ltrans.o
 .text.port_unlock_from_isr
                0x08006e20        0xc /tmp/cc5qy2A7.ltrans3.ltrans.o
 .text.st_lld_get_counter.lto_priv.107
                0x08006e2c       0x18 /tmp/cc5qy2A7.ltrans3.ltrans.o
 .text.port_timer_get_time.lto_priv.104
                0x08006e44       0x10 /tmp/cc5qy2A7.ltrans3.ltrans.o
 .text.chSysLockFromISR
                0x08006e54       0x10 /tmp/cc5qy2A7.ltrans3.ltrans.o
 .text.chSysUnlockFromISR
                0x08006e64       0x10 /tmp/cc5qy2A7.ltrans3.ltrans.o
 .text.chVTGetSystemTimeX.lto_priv.117
                0x08006e74       0x10 /tmp/cc5qy2A7.ltrans3.ltrans.o
 .text._local_ctor_41
                0x08006e84       0x38 /tmp/cc5qy2A7.ltrans3.ltrans.o
 .text.can_driver_stm32_start.lto_priv.22
                0x08006ebc      0x234 /tmp/cc5qy2A7.ltrans3.ltrans.o
                0x08006ebc                can_driver_stm32_start.lto_priv.22
 .text.can_driver_stm32_stop.lto_priv.23
                0x080070f0       0x48 /tmp/cc5qy2A7.ltrans3.ltrans.o
                0x080070f0                can_driver_stm32_stop.lto_priv.23
 .text.can_driver_stm32_abort_tx_mailbox_I
                0x08007138       0x54 /tmp/cc5qy2A7.ltrans3.ltrans.o
                0x08007138                can_driver_stm32_abort_tx_mailbox_I
 .text.can_driver_stm32_load_tx_mailbox_I
                0x0800718c       0xb0 /tmp/cc5qy2A7.ltrans3.ltrans.o
                0x0800718c                can_driver_stm32_load_tx_mailbox_I
 .text.can_driver_stm32_retreive_rx_frame_I
                0x0800723c       0xb0 /tmp/cc5qy2A7.ltrans3.ltrans.o
 .text.stm32_can_rx_handler
                0x080072ec       0xb0 /tmp/cc5qy2A7.ltrans3.ltrans.o
 .text.stm32_can_tx_handler
                0x0800739c       0xcc /tmp/cc5qy2A7.ltrans3.ltrans.o
 .text.Vector8C
                0x08007468       0x1c /tmp/cc5qy2A7.ltrans3.ltrans.o
                0x08007468                Vector8C
 .text.Vector90
                0x08007484       0x1c /tmp/cc5qy2A7.ltrans3.ltrans.o
                0x08007484                Vector90
 .text.port_lock.lto_priv.114
                0x080074a0       0x1c /tmp/cc5qy2A7.ltrans3.ltrans.o
 .text.port_unlock.lto_priv.111
                0x080074bc       0x1c /tmp/cc5qy2A7.ltrans3.ltrans.o
 .text.chSysLock.lto_priv.126
                0x080074d8       0x10 /tmp/cc5qy2A7.ltrans3.ltrans.o
 .text.chSysUnlock.lto_priv.124
                0x080074e8       0x38 /tmp/cc5qy2A7.ltrans3.ltrans.o
 .text.can_tx_queue_init
                0x08007520       0x1c /tmp/cc5qy2A7.ltrans3.ltrans.o
                0x08007520                can_tx_queue_init
 .text.can_tx_queue_push_I
                0x0800753c       0x6c /tmp/cc5qy2A7.ltrans3.ltrans.o
 .text.can_tx_queue_push
                0x080075a8       0x20 /tmp/cc5qy2A7.ltrans3.ltrans.o
                0x080075a8                can_tx_queue_push
 .text.can_tx_queue_iterate_I
                0x080075c8       0x5c /tmp/cc5qy2A7.ltrans3.ltrans.o
                0x080075c8                can_tx_queue_iterate_I
 .text.can_tx_queue_peek_I
                0x08007624       0x18 /tmp/cc5qy2A7.ltrans3.ltrans.o
                0x08007624                can_tx_queue_peek_I
 .text.can_tx_queue_pop_I
                0x0800763c       0x24 /tmp/cc5qy2A7.ltrans3.ltrans.o
                0x0800763c                can_tx_queue_pop_I
 .text.can_tx_queue_pop_expired_I
                0x08007660       0x60 /tmp/cc5qy2A7.ltrans3.ltrans.o
 .text.can_tx_queue_pop_expired
                0x080076c0       0x24 /tmp/cc5qy2A7.ltrans3.ltrans.o
                0x080076c0                can_tx_queue_pop_expired
 .text.can_tx_queue_frame_exists_in_queue
                0x080076e4       0x38 /tmp/cc5qy2A7.ltrans3.ltrans.o
 .text.st_lld_get_counter.lto_priv.108
                0x0800771c       0x18 /tmp/cc5qy2A7.ltrans3.ltrans.o
 .text.port_timer_get_time.lto_priv.105
                0x08007734       0x10 /tmp/cc5qy2A7.ltrans3.ltrans.o
 .text.chVTGetSystemTimeX.lto_priv.118
                0x08007744       0x10 /tmp/cc5qy2A7.ltrans3.ltrans.o
 .text.can_tx_frame_expired_X
                0x08007754       0x2c /tmp/cc5qy2A7.ltrans3.ltrans.o
                0x08007754                can_tx_frame_expired_X
 .text.can_tx_frame_time_until_expire_X
                0x08007780       0x4c /tmp/cc5qy2A7.ltrans3.ltrans.o
                0x08007780                can_tx_frame_time_until_expire_X
 .text.can_get_frame_priority_X
                0x080077cc       0xa0 /tmp/cc5qy2A7.ltrans3.ltrans.o
 .text.can_get_tx_frame_priority_X
                0x0800786c       0x1c /tmp/cc5qy2A7.ltrans3.ltrans.o
                0x0800786c                can_get_tx_frame_priority_X
 .text.port_lock.lto_priv.115
                0x08007888       0x1c /tmp/cc5qy2A7.ltrans3.ltrans.o
 .text.port_unlock.lto_priv.112
                0x080078a4       0x1c /tmp/cc5qy2A7.ltrans3.ltrans.o
 .text.st_lld_get_counter.lto_priv.109
                0x080078c0       0x18 /tmp/cc5qy2A7.ltrans3.ltrans.o
 .text.port_timer_get_time.lto_priv.106
                0x080078d8       0x10 /tmp/cc5qy2A7.ltrans3.ltrans.o
 .text.chSysLock.lto_priv.102
                0x080078e8       0x10 /tmp/cc5qy2A7.ltrans3.ltrans.o
                0x080078e8                chSysLock.lto_priv.102
 .text.chSysUnlock.lto_priv.101
                0x080078f8       0x38 /tmp/cc5qy2A7.ltrans3.ltrans.o
                0x080078f8                chSysUnlock.lto_priv.101
 .text.chVTGetSystemTimeX.lto_priv.100
                0x08007930       0x10 /tmp/cc5qy2A7.ltrans3.ltrans.o
                0x08007930                chVTGetSystemTimeX.lto_priv.100
 .text.chCoreAllocAlignedI.lto_priv.8
                0x08007940       0x20 /tmp/cc5qy2A7.ltrans3.ltrans.o
                0x08007940                chCoreAllocAlignedI.lto_priv.8
 .text.chCoreAlloc.lto_priv.84
                0x08007960       0x1c /tmp/cc5qy2A7.ltrans3.ltrans.o
                0x08007960                chCoreAlloc.lto_priv.84
 .text.can_iterate_instances
                0x0800797c       0x50 /tmp/cc5qy2A7.ltrans3.ltrans.o
                0x0800797c                can_iterate_instances
 .text.can_get_instance
                0x080079cc       0x40 /tmp/cc5qy2A7.ltrans3.ltrans.o
                0x080079cc                can_get_instance
 .text.can_get_rx_topic
                0x08007a0c       0x30 /tmp/cc5qy2A7.ltrans3.ltrans.o
                0x08007a0c                can_get_rx_topic
 .text.can_set_silent_mode
                0x08007a3c       0x44 /tmp/cc5qy2A7.ltrans3.ltrans.o
                0x08007a3c                can_set_silent_mode
 .text.can_set_auto_retransmit_mode
                0x08007a80       0x44 /tmp/cc5qy2A7.ltrans3.ltrans.o
                0x08007a80                can_set_auto_retransmit_mode
 .text.can_set_baudrate
                0x08007ac4       0x44 /tmp/cc5qy2A7.ltrans3.ltrans.o
                0x08007ac4                can_set_baudrate
 .text.can_get_baudrate_confirmed
                0x08007b08       0x24 /tmp/cc5qy2A7.ltrans3.ltrans.o
                0x08007b08                can_get_baudrate_confirmed
 .text.can_start_I
                0x08007b2c       0x70 /tmp/cc5qy2A7.ltrans3.ltrans.o
                0x08007b2c                can_start_I
 *fill*         0x08007b9c        0x4 
 .text.crc64_we
                0x08007ba0       0xc0 /tmp/cc5qy2A7.ltrans4.ltrans.o
                0x08007ba0                crc64_we
 .text.crc16_ccitt
                0x08007c60       0x78 /tmp/cc5qy2A7.ltrans4.ltrans.o
                0x08007c60                crc16_ccitt
 .text._local_ctor_5.lto_priv.158
                0x08007cd8        0xc /tmp/cc5qy2A7.ltrans4.ltrans.o
 .text._local_ctor_5.lto_priv.159
                0x08007ce4        0xc /tmp/cc5qy2A7.ltrans4.ltrans.o
 .text.st_lld_get_counter.lto_priv.143
                0x08007cf0       0x18 /tmp/cc5qy2A7.ltrans4.ltrans.o
 .text.port_timer_get_time.lto_priv.140
                0x08007d08       0x10 /tmp/cc5qy2A7.ltrans4.ltrans.o
 .text.chVTGetSystemTimeX.lto_priv.151
                0x08007d18       0x10 /tmp/cc5qy2A7.ltrans4.ltrans.o
 .text._local_ctor_39
                0x08007d28       0x2c /tmp/cc5qy2A7.ltrans4.ltrans.o
 .text.micros   0x08007d54       0x70 /tmp/cc5qy2A7.ltrans4.ltrans.o
                0x08007d54                micros
 .text.micros64
                0x08007dc4       0xbc /tmp/cc5qy2A7.ltrans4.ltrans.o
                0x08007dc4                micros64
 .text.timing_state_update_task_func
                0x08007e80       0xb8 /tmp/cc5qy2A7.ltrans4.ltrans.o
 .text.system_get_restart_allowed
                0x08007f38       0x2c /tmp/cc5qy2A7.ltrans4.ltrans.o
                0x08007f38                system_get_restart_allowed
 .text.fifoallocator_init
                0x08007f64       0x3c /tmp/cc5qy2A7.ltrans4.ltrans.o
 .text.fifoallocator_allocate
                0x08007fa0      0x100 /tmp/cc5qy2A7.ltrans4.ltrans.o
 .text.fifoallocator_peek_oldest
                0x080080a0       0x2c /tmp/cc5qy2A7.ltrans4.ltrans.o
 .text.fifoallocator_get_block_size
                0x080080cc       0x24 /tmp/cc5qy2A7.ltrans4.ltrans.o
 .text.fifoallocator_pop_oldest
                0x080080f0       0x3c /tmp/cc5qy2A7.ltrans4.ltrans.o
 .text.fifoallocator_block_in_range
                0x0800812c       0x58 /tmp/cc5qy2A7.ltrans4.ltrans.o
 .text.port_lock.lto_priv.148
                0x08008184       0x1c /tmp/cc5qy2A7.ltrans4.ltrans.o
 .text.port_unlock.lto_priv.146
                0x080081a0       0x1c /tmp/cc5qy2A7.ltrans4.ltrans.o
 .text.chSysLock
                0x080081bc       0x10 /tmp/cc5qy2A7.ltrans4.ltrans.o
 .text.chSysUnlock
                0x080081cc       0x38 /tmp/cc5qy2A7.ltrans4.ltrans.o
 .text.pubsub_create_topic_group
                0x08008204       0x2c /tmp/cc5qy2A7.ltrans4.ltrans.o
                0x08008204                pubsub_create_topic_group
 .text.pubsub_init_topic
                0x08008230       0x3c /tmp/cc5qy2A7.ltrans4.ltrans.o
                0x08008230                pubsub_init_topic
 .text.pubsub_listener_init_and_register
                0x0800826c       0x88 /tmp/cc5qy2A7.ltrans4.ltrans.o
 .text.pubsub_listener_unregister
                0x080082f4       0x54 /tmp/cc5qy2A7.ltrans4.ltrans.o
                0x080082f4                pubsub_listener_unregister
 .text.pubsub_listener_has_message
                0x08008348       0x24 /tmp/cc5qy2A7.ltrans4.ltrans.o
                0x08008348                pubsub_listener_has_message
 .text.pubsub_copy_writer_func
                0x0800836c       0x1c /tmp/cc5qy2A7.ltrans4.ltrans.o
                0x0800836c                pubsub_copy_writer_func
 .text.pubsub_delete_message_S
                0x08008388       0x74 /tmp/cc5qy2A7.ltrans4.ltrans.o
 .text.pubsub_publish_message
                0x080083fc      0x118 /tmp/cc5qy2A7.ltrans4.ltrans.o
                0x080083fc                pubsub_publish_message
 .text.pubsub_listener_handle_one_timeout
                0x08008514       0x24 /tmp/cc5qy2A7.ltrans4.ltrans.o
                0x08008514                pubsub_listener_handle_one_timeout
 .text.pubsub_multiple_listener_handle_one_timeout
                0x08008538       0x84 /tmp/cc5qy2A7.ltrans4.ltrans.o
 .text.pubsub_listener_set_waiting_thread_reference
                0x080085bc       0x20 /tmp/cc5qy2A7.ltrans4.ltrans.o
 .text.pubsub_multiple_listener_wait_timeout_S
                0x080085dc      0x128 /tmp/cc5qy2A7.ltrans4.ltrans.o
 .text.port_lock.lto_priv.149
                0x08008704       0x1c /tmp/cc5qy2A7.ltrans4.ltrans.o
 .text.port_unlock.lto_priv.147
                0x08008720       0x1c /tmp/cc5qy2A7.ltrans4.ltrans.o
 .text.st_lld_get_counter.lto_priv.145
                0x0800873c       0x18 /tmp/cc5qy2A7.ltrans4.ltrans.o
 .text.port_timer_get_time.lto_priv.142
                0x08008754       0x10 /tmp/cc5qy2A7.ltrans4.ltrans.o
 .text.chSysLock.lto_priv.125
                0x08008764       0x10 /tmp/cc5qy2A7.ltrans4.ltrans.o
                0x08008764                chSysLock.lto_priv.125
 .text.chSysUnlock.lto_priv.123
                0x08008774       0x38 /tmp/cc5qy2A7.ltrans4.ltrans.o
                0x08008774                chSysUnlock.lto_priv.123
 .text.chVTGetSystemTimeX.lto_priv.116
                0x080087ac       0x10 /tmp/cc5qy2A7.ltrans4.ltrans.o
                0x080087ac                chVTGetSystemTimeX.lto_priv.116
 .text.chThdGetSelfX.lto_priv.132
                0x080087bc       0x18 /tmp/cc5qy2A7.ltrans4.ltrans.o
                0x080087bc                chThdGetSelfX.lto_priv.132
 .text.chRegSetThreadName.lto_priv.133
                0x080087d4       0x20 /tmp/cc5qy2A7.ltrans4.ltrans.o
                0x080087d4                chRegSetThreadName.lto_priv.133
 .text.chMBGetUsedCountI.lto_priv.131
                0x080087f4       0x18 /tmp/cc5qy2A7.ltrans4.ltrans.o
                0x080087f4                chMBGetUsedCountI.lto_priv.131
 .text.chCoreAllocAligned
                0x0800880c       0x28 /tmp/cc5qy2A7.ltrans4.ltrans.o
 .text.chCoreAllocI.lto_priv.135
                0x08008834       0x1c /tmp/cc5qy2A7.ltrans4.ltrans.o
                0x08008834                chCoreAllocI.lto_priv.135
 .text.chPoolAddI.lto_priv.134
                0x08008850       0x1c /tmp/cc5qy2A7.ltrans4.ltrans.o
                0x08008850                chPoolAddI.lto_priv.134
 .text.worker_thread_init
                0x0800886c       0x4c /tmp/cc5qy2A7.ltrans4.ltrans.o
                0x0800886c                worker_thread_init
 .text.worker_thread_start
                0x080088b8       0x7c /tmp/cc5qy2A7.ltrans4.ltrans.o
                0x080088b8                worker_thread_start
 .text._worker_thread_add_timer_task_no_wake_I
                0x08008934       0x40 /tmp/cc5qy2A7.ltrans4.ltrans.o
 .text.worker_thread_add_timer_task
                0x08008974       0x38 /tmp/cc5qy2A7.ltrans4.ltrans.o
                0x08008974                worker_thread_add_timer_task
 .text._worker_thread_timer_task_reschedule_no_wake_I
                0x080089ac       0x3c /tmp/cc5qy2A7.ltrans4.ltrans.o
 .text.worker_thread_timer_task_reschedule_I
                0x080089e8       0x2c /tmp/cc5qy2A7.ltrans4.ltrans.o
                0x080089e8                worker_thread_timer_task_reschedule_I
 .text.worker_thread_timer_task_reschedule
                0x08008a14       0x30 /tmp/cc5qy2A7.ltrans4.ltrans.o
                0x08008a14                worker_thread_timer_task_reschedule
 .text.worker_thread_remove_timer_task_I
                0x08008a44       0x48 /tmp/cc5qy2A7.ltrans4.ltrans.o
 .text.worker_thread_remove_timer_task
                0x08008a8c       0x20 /tmp/cc5qy2A7.ltrans4.ltrans.o
                0x08008a8c                worker_thread_remove_timer_task
 .text.worker_thread_task_get_user_context
                0x08008aac       0x24 /tmp/cc5qy2A7.ltrans4.ltrans.o
                0x08008aac                worker_thread_task_get_user_context
 .text.worker_thread_add_listener_task
                0x08008ad0       0x7c /tmp/cc5qy2A7.ltrans4.ltrans.o
                0x08008ad0                worker_thread_add_listener_task
 .text.iqPutI   0x08008b4c       0x7c /tmp/cc5qy2A7.ltrans5.ltrans.o
 .text.iqGetTimeout
                0x08008bc8       0x80 /tmp/cc5qy2A7.ltrans5.ltrans.o
 .text.iqReadTimeout
                0x08008c48      0x104 /tmp/cc5qy2A7.ltrans5.ltrans.o
 .text.oqObjectInit
                0x08008d4c       0x4c /tmp/cc5qy2A7.ltrans5.ltrans.o
 .text.oqPutTimeout
                0x08008d98       0x84 /tmp/cc5qy2A7.ltrans5.ltrans.o
 .text.oqGetI   0x08008e1c       0x78 /tmp/cc5qy2A7.ltrans5.ltrans.o
 .text.oqWriteTimeout
                0x08008e94      0x104 /tmp/cc5qy2A7.ltrans5.ltrans.o
 .text.port_lock.lto_priv.187
                0x08008f98       0x1c /tmp/cc5qy2A7.ltrans5.ltrans.o
 .text.port_unlock.lto_priv.184
                0x08008fb4       0x1c /tmp/cc5qy2A7.ltrans5.ltrans.o
 .text.chSysLock
                0x08008fd0       0x10 /tmp/cc5qy2A7.ltrans5.ltrans.o
 .text.chSysUnlock
                0x08008fe0       0x38 /tmp/cc5qy2A7.ltrans5.ltrans.o
 .text.osalSysLock.lto_priv.201
                0x08009018        0xc /tmp/cc5qy2A7.ltrans5.ltrans.o
 .text.osalSysUnlock.lto_priv.199
                0x08009024        0xc /tmp/cc5qy2A7.ltrans5.ltrans.o
 .text.osalEventObjectInit
                0x08009030       0x18 /tmp/cc5qy2A7.ltrans5.ltrans.o
 .text.osalEventBroadcastFlagsI.lto_priv.170
                0x08009048       0x20 /tmp/cc5qy2A7.ltrans5.ltrans.o
 .text._write.lto_priv.26
                0x08009068       0x28 /tmp/cc5qy2A7.ltrans5.ltrans.o
                0x08009068                _write.lto_priv.26
 .text._read.lto_priv.27
                0x08009090       0x28 /tmp/cc5qy2A7.ltrans5.ltrans.o
                0x08009090                _read.lto_priv.27
 .text._put.lto_priv.5
                0x080090b8       0x2c /tmp/cc5qy2A7.ltrans5.ltrans.o
                0x080090b8                _put.lto_priv.5
 .text._get.lto_priv.3
                0x080090e4       0x20 /tmp/cc5qy2A7.ltrans5.ltrans.o
                0x080090e4                _get.lto_priv.3
 .text._putt.lto_priv.28
                0x08009104       0x30 /tmp/cc5qy2A7.ltrans5.ltrans.o
                0x08009104                _putt.lto_priv.28
 .text._gett.lto_priv.29
                0x08009134       0x28 /tmp/cc5qy2A7.ltrans5.ltrans.o
                0x08009134                _gett.lto_priv.29
 .text._writet.lto_priv.30
                0x0800915c       0x2c /tmp/cc5qy2A7.ltrans5.ltrans.o
                0x0800915c                _writet.lto_priv.30
 .text._readt.lto_priv.31
                0x08009188       0x2c /tmp/cc5qy2A7.ltrans5.ltrans.o
                0x08009188                _readt.lto_priv.31
 .text.sdInit   0x080091b4        0xc /tmp/cc5qy2A7.ltrans5.ltrans.o
                0x080091b4                sdInit
 .text.sdObjectInit
                0x080091c0       0x64 /tmp/cc5qy2A7.ltrans5.ltrans.o
 .text.sdStart  0x08009224       0x4c /tmp/cc5qy2A7.ltrans5.ltrans.o
 .text.sdIncomingDataI
                0x08009270       0x60 /tmp/cc5qy2A7.ltrans5.ltrans.o
 .text.st_lld_start_alarm
                0x080092d0       0x2c /tmp/cc5qy2A7.ltrans5.ltrans.o
 .text.st_lld_stop_alarm
                0x080092fc       0x14 /tmp/cc5qy2A7.ltrans5.ltrans.o
 .text.st_lld_set_alarm
                0x08009310       0x1c /tmp/cc5qy2A7.ltrans5.ltrans.o
 .text.st_lld_is_alarm_active
                0x0800932c       0x24 /tmp/cc5qy2A7.ltrans5.ltrans.o
 .text.stInit   0x08009350        0xc /tmp/cc5qy2A7.ltrans5.ltrans.o
                0x08009350                stInit
 .text.stStartAlarm
                0x0800935c       0x2c /tmp/cc5qy2A7.ltrans5.ltrans.o
                0x0800935c                stStartAlarm
 .text.stStopAlarm
                0x08009388        0xc /tmp/cc5qy2A7.ltrans5.ltrans.o
                0x08009388                stStopAlarm
 .text.stSetAlarm
                0x08009394       0x34 /tmp/cc5qy2A7.ltrans5.ltrans.o
                0x08009394                stSetAlarm
 .text.nvicEnableVector
                0x080093c8       0x5c /tmp/cc5qy2A7.ltrans5.ltrans.o
                0x080093c8                nvicEnableVector
 .text.nvicDisableVector
                0x08009424       0x3c /tmp/cc5qy2A7.ltrans5.ltrans.o
                0x08009424                nvicDisableVector
 .text.hal_lld_backup_domain_init
                0x08009460       0x1c /tmp/cc5qy2A7.ltrans5.ltrans.o
 .text.hal_lld_init
                0x0800947c       0x4c /tmp/cc5qy2A7.ltrans5.ltrans.o
                0x0800947c                hal_lld_init
 .text.stm32_clock_init
                0x080094c8       0xb0 /tmp/cc5qy2A7.ltrans5.ltrans.o
                0x080094c8                stm32_clock_init
 .text._pal_lld_init
                0x08009578       0x98 /tmp/cc5qy2A7.ltrans5.ltrans.o
                0x08009578                _pal_lld_init
 .text.port_lock.lto_priv.188
                0x08009610       0x1c /tmp/cc5qy2A7.ltrans5.ltrans.o
 .text.port_unlock.lto_priv.185
                0x0800962c       0x1c /tmp/cc5qy2A7.ltrans5.ltrans.o
 .text.port_lock_from_isr.lto_priv.182
                0x08009648        0xc /tmp/cc5qy2A7.ltrans5.ltrans.o
 .text.port_unlock_from_isr.lto_priv.180
                0x08009654        0xc /tmp/cc5qy2A7.ltrans5.ltrans.o
 .text.chSysLockFromISR.lto_priv.178
                0x08009660       0x10 /tmp/cc5qy2A7.ltrans5.ltrans.o
 .text.chSysUnlockFromISR.lto_priv.176
                0x08009670       0x10 /tmp/cc5qy2A7.ltrans5.ltrans.o
 .text.osalSysLockFromISR.lto_priv.174
                0x08009680        0xc /tmp/cc5qy2A7.ltrans5.ltrans.o
 .text.osalSysUnlockFromISR.lto_priv.172
                0x0800968c        0xc /tmp/cc5qy2A7.ltrans5.ltrans.o
 .text.osalOsTimerHandlerI
                0x08009698        0xc /tmp/cc5qy2A7.ltrans5.ltrans.o
 .text.VectorB0
                0x080096a4       0x34 /tmp/cc5qy2A7.ltrans5.ltrans.o
                0x080096a4                VectorB0
 .text.st_lld_init
                0x080096d8       0x74 /tmp/cc5qy2A7.ltrans5.ltrans.o
 .text.port_lock.lto_priv.189
                0x0800974c       0x1c /tmp/cc5qy2A7.ltrans5.ltrans.o
 .text.port_unlock.lto_priv.186
                0x08009768       0x1c /tmp/cc5qy2A7.ltrans5.ltrans.o
 .text.port_lock_from_isr.lto_priv.183
                0x08009784        0xc /tmp/cc5qy2A7.ltrans5.ltrans.o
 .text.port_unlock_from_isr.lto_priv.181
                0x08009790        0xc /tmp/cc5qy2A7.ltrans5.ltrans.o
 .text.chSysLockFromISR.lto_priv.179
                0x0800979c       0x10 /tmp/cc5qy2A7.ltrans5.ltrans.o
 .text.chSysUnlockFromISR.lto_priv.177
                0x080097ac       0x10 /tmp/cc5qy2A7.ltrans5.ltrans.o
 .text.osalSysLockFromISR.lto_priv.175
                0x080097bc        0xc /tmp/cc5qy2A7.ltrans5.ltrans.o
 .text.osalSysUnlockFromISR.lto_priv.173
                0x080097c8        0xc /tmp/cc5qy2A7.ltrans5.ltrans.o
 .text.osalEventBroadcastFlagsI.lto_priv.171
                0x080097d4       0x20 /tmp/cc5qy2A7.ltrans5.ltrans.o
 .text.usart_init
                0x080097f4       0xac /tmp/cc5qy2A7.ltrans5.ltrans.o
 .text.set_error
                0x080098a0       0x6c /tmp/cc5qy2A7.ltrans5.ltrans.o
 .text.serve_interrupt
                0x0800990c      0x140 /tmp/cc5qy2A7.ltrans5.ltrans.o
 .text.notify1  0x08009a4c       0x24 /tmp/cc5qy2A7.ltrans5.ltrans.o
 .text.VectorD4
                0x08009a70       0x1c /tmp/cc5qy2A7.ltrans5.ltrans.o
                0x08009a70                VectorD4
 .text.sd_lld_init
                0x08009a8c       0x24 /tmp/cc5qy2A7.ltrans5.ltrans.o
 .text.sd_lld_start
                0x08009ab0       0x54 /tmp/cc5qy2A7.ltrans5.ltrans.o
 .text.boardInit
                0x08009b04       0x18 /tmp/cc5qy2A7.ltrans5.ltrans.o
                0x08009b04                boardInit
 .text.param_struct_valid
                0x08009b1c       0x54 /tmp/cc5qy2A7.ltrans5.ltrans.o
 .text.shared_get_parameters
                0x08009b70       0xa0 /tmp/cc5qy2A7.ltrans5.ltrans.o
                0x08009b70                shared_get_parameters
 .text.chMBFetch
                0x08009c10       0x30 /tmp/cc5qy2A7.ltrans6.ltrans.o
                0x08009c10                chMBFetch
 .text.chMBFetchS
                0x08009c40       0xa8 /tmp/cc5qy2A7.ltrans6.ltrans.o
 .text.port_lock.lto_priv.236
                0x08009ce8       0x1c /tmp/cc5qy2A7.ltrans6.ltrans.o
 .text.port_unlock.lto_priv.231
                0x08009d04       0x1c /tmp/cc5qy2A7.ltrans6.ltrans.o
 .text.chSysLock.lto_priv.221
                0x08009d20       0x10 /tmp/cc5qy2A7.ltrans6.ltrans.o
 .text.chSysUnlock.lto_priv.216
                0x08009d30       0x38 /tmp/cc5qy2A7.ltrans6.ltrans.o
 .text._core_init
                0x08009d68       0x24 /tmp/cc5qy2A7.ltrans6.ltrans.o
                0x08009d68                _core_init
 .text.chCoreAllocAlignedWithOffsetI
                0x08009d8c       0x88 /tmp/cc5qy2A7.ltrans6.ltrans.o
                0x08009d8c                chCoreAllocAlignedWithOffsetI
 .text.chCoreAllocAlignedWithOffset
                0x08009e14       0x2c /tmp/cc5qy2A7.ltrans6.ltrans.o
                0x08009e14                chCoreAllocAlignedWithOffset
 .text.chCoreGetStatusX
                0x08009e40       0x20 /tmp/cc5qy2A7.ltrans6.ltrans.o
                0x08009e40                chCoreGetStatusX
 .text.port_lock.lto_priv.237
                0x08009e60       0x1c /tmp/cc5qy2A7.ltrans6.ltrans.o
 .text.port_unlock.lto_priv.232
                0x08009e7c       0x1c /tmp/cc5qy2A7.ltrans6.ltrans.o
 .text.chSysLock.lto_priv.222
                0x08009e98       0x10 /tmp/cc5qy2A7.ltrans6.ltrans.o
 .text.chSysUnlock.lto_priv.217
                0x08009ea8       0x38 /tmp/cc5qy2A7.ltrans6.ltrans.o
 .text.chPoolAdd
                0x08009ee0       0x18 /tmp/cc5qy2A7.ltrans6.ltrans.o
 .text.chPoolObjectInit
                0x08009ef8       0x3c /tmp/cc5qy2A7.ltrans6.ltrans.o
                0x08009ef8                chPoolObjectInit
 .text.chPoolLoadArray
                0x08009f34       0x48 /tmp/cc5qy2A7.ltrans6.ltrans.o
                0x08009f34                chPoolLoadArray
 .text.chPoolAllocI
                0x08009f7c       0x58 /tmp/cc5qy2A7.ltrans6.ltrans.o
                0x08009f7c                chPoolAllocI
 .text.chPoolAlloc
                0x08009fd4       0x24 /tmp/cc5qy2A7.ltrans6.ltrans.o
                0x08009fd4                chPoolAlloc
 .text.chPoolFreeI
                0x08009ff8       0x3c /tmp/cc5qy2A7.ltrans6.ltrans.o
                0x08009ff8                chPoolFreeI
 .text.chPoolFree
                0x0800a034       0x20 /tmp/cc5qy2A7.ltrans6.ltrans.o
                0x0800a034                chPoolFree
 .text.port_lock.lto_priv.238
                0x0800a054       0x1c /tmp/cc5qy2A7.ltrans6.ltrans.o
 .text.port_unlock.lto_priv.233
                0x0800a070       0x1c /tmp/cc5qy2A7.ltrans6.ltrans.o
 .text.port_lock_from_isr
                0x0800a08c        0xc /tmp/cc5qy2A7.ltrans6.ltrans.o
 .text.port_unlock_from_isr
                0x0800a098        0xc /tmp/cc5qy2A7.ltrans6.ltrans.o
 .text.SVC_Handler
                0x0800a0a4       0x2c /tmp/cc5qy2A7.ltrans6.ltrans.o
                0x0800a0a4                SVC_Handler
 .text._port_irq_epilogue
                0x0800a0d0       0x68 /tmp/cc5qy2A7.ltrans6.ltrans.o
                0x0800a0d0                _port_irq_epilogue
 .text.osalInit
                0x0800a138        0xc /tmp/cc5qy2A7.ltrans6.ltrans.o
 .text.halInit  0x0800a144       0x20 /tmp/cc5qy2A7.ltrans6.ltrans.o
                0x0800a144                halInit
 .text.port_lock.lto_priv.240
                0x0800a164       0x1c /tmp/cc5qy2A7.ltrans6.ltrans.o
 .text.port_unlock.lto_priv.235
                0x0800a180       0x1c /tmp/cc5qy2A7.ltrans6.ltrans.o
 .text.st_lld_get_counter.lto_priv.230
                0x0800a19c       0x18 /tmp/cc5qy2A7.ltrans6.ltrans.o
 .text.port_timer_get_time.lto_priv.228
                0x0800a1b4       0x10 /tmp/cc5qy2A7.ltrans6.ltrans.o
 .text.queue_init.lto_priv.226
                0x0800a1c4       0x20 /tmp/cc5qy2A7.ltrans6.ltrans.o
 .text.chSysLock.lto_priv.224
                0x0800a1e4       0x10 /tmp/cc5qy2A7.ltrans6.ltrans.o
 .text.chSysUnlock.lto_priv.219
                0x0800a1f4       0x38 /tmp/cc5qy2A7.ltrans6.ltrans.o
 .text.chVTGetSystemTimeX.lto_priv.214
                0x0800a22c       0x10 /tmp/cc5qy2A7.ltrans6.ltrans.o
 .text.chThdQueueObjectInit.lto_priv.212
                0x0800a23c       0x14 /tmp/cc5qy2A7.ltrans6.ltrans.o
 .text.osalSysLock.lto_priv.200
                0x0800a250        0xc /tmp/cc5qy2A7.ltrans6.ltrans.o
                0x0800a250                osalSysLock.lto_priv.200
 .text.osalSysUnlock.lto_priv.198
                0x0800a25c        0xc /tmp/cc5qy2A7.ltrans6.ltrans.o
                0x0800a25c                osalSysUnlock.lto_priv.198
 .text.osalOsGetSystemTimeX.lto_priv.207
                0x0800a268       0x10 /tmp/cc5qy2A7.ltrans6.ltrans.o
                0x0800a268                osalOsGetSystemTimeX.lto_priv.207
 .text.osalThreadQueueObjectInit.lto_priv.210
                0x0800a278       0x14 /tmp/cc5qy2A7.ltrans6.ltrans.o
                0x0800a278                osalThreadQueueObjectInit.lto_priv.210
 .text.osalThreadEnqueueTimeoutS.lto_priv.206
                0x0800a28c       0x20 /tmp/cc5qy2A7.ltrans6.ltrans.o
                0x0800a28c                osalThreadEnqueueTimeoutS.lto_priv.206
 .text.osalThreadDequeueNextI.lto_priv.208
                0x0800a2ac       0x18 /tmp/cc5qy2A7.ltrans6.ltrans.o
                0x0800a2ac                osalThreadDequeueNextI.lto_priv.208
 .text.iqObjectInit
                0x0800a2c4       0x4c /tmp/cc5qy2A7.ltrans6.ltrans.o
                0x0800a2c4                iqObjectInit
 .text.chThdCreate
                0x0800a310       0x58 /tmp/cc5qy2A7.ltrans7.ltrans.o
                0x0800a310                chThdCreate
 .text.chThdRelease
                0x0800a368       0x8c /tmp/cc5qy2A7.ltrans7.ltrans.o
 .text.chThdExit
                0x0800a3f4       0x18 /tmp/cc5qy2A7.ltrans7.ltrans.o
                0x0800a3f4                chThdExit
 .text.chThdExitS
                0x0800a40c       0x80 /tmp/cc5qy2A7.ltrans7.ltrans.o
 .text.chThdSetPriority
                0x0800a48c       0x68 /tmp/cc5qy2A7.ltrans7.ltrans.o
                0x0800a48c                chThdSetPriority
 .text.chThdSuspendTimeoutS
                0x0800a4f4       0x50 /tmp/cc5qy2A7.ltrans7.ltrans.o
                0x0800a4f4                chThdSuspendTimeoutS
 .text.chThdResumeI
                0x0800a544       0x44 /tmp/cc5qy2A7.ltrans7.ltrans.o
                0x0800a544                chThdResumeI
 .text.chThdResumeS
                0x0800a588       0x40 /tmp/cc5qy2A7.ltrans7.ltrans.o
                0x0800a588                chThdResumeS
 .text.chThdResume
                0x0800a5c8       0x20 /tmp/cc5qy2A7.ltrans7.ltrans.o
                0x0800a5c8                chThdResume
 .text.chThdEnqueueTimeoutS
                0x0800a5e8       0x3c /tmp/cc5qy2A7.ltrans7.ltrans.o
                0x0800a5e8                chThdEnqueueTimeoutS
 .text.chThdDequeueNextI
                0x0800a624       0x24 /tmp/cc5qy2A7.ltrans7.ltrans.o
                0x0800a624                chThdDequeueNextI
 .text.port_lock.lto_priv.265
                0x0800a648       0x1c /tmp/cc5qy2A7.ltrans7.ltrans.o
 .text.port_unlock.lto_priv.261
                0x0800a664       0x1c /tmp/cc5qy2A7.ltrans7.ltrans.o
 .text.chSysLock.lto_priv.275
                0x0800a680       0x10 /tmp/cc5qy2A7.ltrans7.ltrans.o
 .text.chSysUnlock.lto_priv.271
                0x0800a690       0x38 /tmp/cc5qy2A7.ltrans7.ltrans.o
 .text.chThdGetWorkingAreaX.lto_priv.286
                0x0800a6c8       0x18 /tmp/cc5qy2A7.ltrans7.ltrans.o
 .text.chRegFirstThread
                0x0800a6e0       0x34 /tmp/cc5qy2A7.ltrans7.ltrans.o
                0x0800a6e0                chRegFirstThread
 .text.chRegNextThread
                0x0800a714       0x5c /tmp/cc5qy2A7.ltrans7.ltrans.o
                0x0800a714                chRegNextThread
 .text.chRegFindThreadByWorkingArea
                0x0800a770       0x38 /tmp/cc5qy2A7.ltrans7.ltrans.o
 .text.port_lock.lto_priv.266
                0x0800a7a8       0x1c /tmp/cc5qy2A7.ltrans7.ltrans.o
 .text.port_unlock.lto_priv.262
                0x0800a7c4       0x1c /tmp/cc5qy2A7.ltrans7.ltrans.o
 .text.queue_init.lto_priv.259
                0x0800a7e0       0x20 /tmp/cc5qy2A7.ltrans7.ltrans.o
 .text.queue_notempty.lto_priv.283
                0x0800a800       0x24 /tmp/cc5qy2A7.ltrans7.ltrans.o
 .text.chSysLock.lto_priv.276
                0x0800a824       0x10 /tmp/cc5qy2A7.ltrans7.ltrans.o
 .text.chSysUnlock.lto_priv.272
                0x0800a834       0x38 /tmp/cc5qy2A7.ltrans7.ltrans.o
 .text.chMtxQueueNotEmptyS
                0x0800a86c       0x20 /tmp/cc5qy2A7.ltrans7.ltrans.o
 .text.chMtxObjectInit
                0x0800a88c       0x34 /tmp/cc5qy2A7.ltrans7.ltrans.o
                0x0800a88c                chMtxObjectInit
 .text.chMtxLockS
                0x0800a8c0      0x12c /tmp/cc5qy2A7.ltrans7.ltrans.o
                0x0800a8c0                chMtxLockS
 .text.chMtxUnlock
                0x0800a9ec      0x10c /tmp/cc5qy2A7.ltrans7.ltrans.o
                0x0800a9ec                chMtxUnlock
 .text.chMtxUnlockS
                0x0800aaf8      0x104 /tmp/cc5qy2A7.ltrans7.ltrans.o
                0x0800aaf8                chMtxUnlockS
 .text.port_lock.lto_priv.268
                0x0800abfc       0x1c /tmp/cc5qy2A7.ltrans7.ltrans.o
 .text.port_unlock.lto_priv.264
                0x0800ac18       0x1c /tmp/cc5qy2A7.ltrans7.ltrans.o
 .text.queue_init.lto_priv.260
                0x0800ac34       0x20 /tmp/cc5qy2A7.ltrans7.ltrans.o
 .text.chSysLock.lto_priv.220
                0x0800ac54       0x10 /tmp/cc5qy2A7.ltrans7.ltrans.o
                0x0800ac54                chSysLock.lto_priv.220
 .text.chSysUnlock.lto_priv.215
                0x0800ac64       0x38 /tmp/cc5qy2A7.ltrans7.ltrans.o
                0x0800ac64                chSysUnlock.lto_priv.215
 .text.chThdQueueObjectInit
                0x0800ac9c       0x14 /tmp/cc5qy2A7.ltrans7.ltrans.o
 .text.chMBGetSizeI
                0x0800acb0       0x24 /tmp/cc5qy2A7.ltrans7.ltrans.o
 .text.chMBGetUsedCountI.lto_priv.254
                0x0800acd4       0x18 /tmp/cc5qy2A7.ltrans7.ltrans.o
                0x0800acd4                chMBGetUsedCountI.lto_priv.254
 .text.chMBGetFreeCountI.lto_priv.255
                0x0800acec       0x28 /tmp/cc5qy2A7.ltrans7.ltrans.o
                0x0800acec                chMBGetFreeCountI.lto_priv.255
 .text.chMBObjectInit
                0x0800ad14       0x6c /tmp/cc5qy2A7.ltrans7.ltrans.o
                0x0800ad14                chMBObjectInit
 .text.chMBPostI
                0x0800ad80       0x80 /tmp/cc5qy2A7.ltrans7.ltrans.o
                0x0800ad80                chMBPostI
 .text.chSysHalt
                0x0800ae00       0x18 /tmp/cc5qy2A7.ltrans8.ltrans.o
                0x0800ae00                chSysHalt
 .text.chSysTimerHandlerI
                0x0800ae18       0x10 /tmp/cc5qy2A7.ltrans8.ltrans.o
                0x0800ae18                chSysTimerHandlerI
 .text.port_lock.lto_priv.316
                0x0800ae28       0x1c /tmp/cc5qy2A7.ltrans8.ltrans.o
 .text.port_unlock.lto_priv.313
                0x0800ae44       0x1c /tmp/cc5qy2A7.ltrans8.ltrans.o
 .text.port_lock_from_isr.lto_priv.326
                0x0800ae60        0xc /tmp/cc5qy2A7.ltrans8.ltrans.o
 .text.port_unlock_from_isr.lto_priv.324
                0x0800ae6c        0xc /tmp/cc5qy2A7.ltrans8.ltrans.o
 .text._dbg_check_enable
                0x0800ae78       0x24 /tmp/cc5qy2A7.ltrans8.ltrans.o
                0x0800ae78                _dbg_check_enable
 .text._dbg_check_lock
                0x0800ae9c       0x2c /tmp/cc5qy2A7.ltrans8.ltrans.o
                0x0800ae9c                _dbg_check_lock
 .text._dbg_check_unlock
                0x0800aec8       0x2c /tmp/cc5qy2A7.ltrans8.ltrans.o
                0x0800aec8                _dbg_check_unlock
 .text._dbg_check_lock_from_isr
                0x0800aef4       0x2c /tmp/cc5qy2A7.ltrans8.ltrans.o
                0x0800aef4                _dbg_check_lock_from_isr
 .text._dbg_check_unlock_from_isr
                0x0800af20       0x2c /tmp/cc5qy2A7.ltrans8.ltrans.o
                0x0800af20                _dbg_check_unlock_from_isr
 .text._dbg_check_enter_isr
                0x0800af4c       0x38 /tmp/cc5qy2A7.ltrans8.ltrans.o
                0x0800af4c                _dbg_check_enter_isr
 .text._dbg_check_leave_isr
                0x0800af84       0x38 /tmp/cc5qy2A7.ltrans8.ltrans.o
                0x0800af84                _dbg_check_leave_isr
 .text.chDbgCheckClassI
                0x0800afbc       0x24 /tmp/cc5qy2A7.ltrans8.ltrans.o
                0x0800afbc                chDbgCheckClassI
 .text.chDbgCheckClassS
                0x0800afe0       0x24 /tmp/cc5qy2A7.ltrans8.ltrans.o
                0x0800afe0                chDbgCheckClassS
 .text.st_lld_get_counter.lto_priv.311
                0x0800b004       0x18 /tmp/cc5qy2A7.ltrans8.ltrans.o
 .text.port_timer_start_alarm
                0x0800b01c       0x18 /tmp/cc5qy2A7.ltrans8.ltrans.o
 .text.port_timer_stop_alarm
                0x0800b034        0xc /tmp/cc5qy2A7.ltrans8.ltrans.o
 .text.port_timer_set_alarm
                0x0800b040       0x18 /tmp/cc5qy2A7.ltrans8.ltrans.o
 .text.port_timer_get_time.lto_priv.309
                0x0800b058       0x10 /tmp/cc5qy2A7.ltrans8.ltrans.o
 .text.chVTGetSystemTimeX
                0x0800b068       0x10 /tmp/cc5qy2A7.ltrans8.ltrans.o
 .text._vt_init
                0x0800b078       0x30 /tmp/cc5qy2A7.ltrans8.ltrans.o
                0x0800b078                _vt_init
 .text.chVTDoSetI
                0x0800b0a8      0x150 /tmp/cc5qy2A7.ltrans8.ltrans.o
 .text.chVTDoResetI
                0x0800b1f8      0x100 /tmp/cc5qy2A7.ltrans8.ltrans.o
 .text.port_lock.lto_priv.317
                0x0800b2f8       0x1c /tmp/cc5qy2A7.ltrans8.ltrans.o
 .text.port_unlock.lto_priv.314
                0x0800b314       0x1c /tmp/cc5qy2A7.ltrans8.ltrans.o
 .text.port_lock_from_isr.lto_priv.327
                0x0800b330        0xc /tmp/cc5qy2A7.ltrans8.ltrans.o
 .text.port_unlock_from_isr.lto_priv.325
                0x0800b33c        0xc /tmp/cc5qy2A7.ltrans8.ltrans.o
 .text.queue_init
                0x0800b348       0x20 /tmp/cc5qy2A7.ltrans8.ltrans.o
 .text.chSchIsRescRequiredI
                0x0800b368       0x28 /tmp/cc5qy2A7.ltrans8.ltrans.o
 .text.chSysLockFromISR.lto_priv.323
                0x0800b390       0x10 /tmp/cc5qy2A7.ltrans8.ltrans.o
 .text.chSysUnlockFromISR.lto_priv.321
                0x0800b3a0       0x10 /tmp/cc5qy2A7.ltrans8.ltrans.o
 .text.chVTIsArmedI
                0x0800b3b0       0x24 /tmp/cc5qy2A7.ltrans8.ltrans.o
 .text._scheduler_init
                0x0800b3d4       0x24 /tmp/cc5qy2A7.ltrans8.ltrans.o
                0x0800b3d4                _scheduler_init
 .text.queue_prio_insert
                0x0800b3f8       0x50 /tmp/cc5qy2A7.ltrans8.ltrans.o
                0x0800b3f8                queue_prio_insert
 .text.queue_insert
                0x0800b448       0x30 /tmp/cc5qy2A7.ltrans8.ltrans.o
                0x0800b448                queue_insert
 .text.queue_fifo_remove
                0x0800b478       0x2c /tmp/cc5qy2A7.ltrans8.ltrans.o
                0x0800b478                queue_fifo_remove
 .text.queue_dequeue
                0x0800b4a4       0x2c /tmp/cc5qy2A7.ltrans8.ltrans.o
                0x0800b4a4                queue_dequeue
 .text.list_remove
                0x0800b4d0       0x24 /tmp/cc5qy2A7.ltrans8.ltrans.o
                0x0800b4d0                list_remove
 .text.chSchReadyI
                0x0800b4f4       0x80 /tmp/cc5qy2A7.ltrans8.ltrans.o
                0x0800b4f4                chSchReadyI
 .text.chSchReadyAheadI
                0x0800b574       0x80 /tmp/cc5qy2A7.ltrans8.ltrans.o
 .text.chSchGoSleepS
                0x0800b5f4       0x6c /tmp/cc5qy2A7.ltrans8.ltrans.o
                0x0800b5f4                chSchGoSleepS
 .text.wakeup   0x0800b660       0x50 /tmp/cc5qy2A7.ltrans8.ltrans.o
 .text.chSchGoSleepTimeoutS
                0x0800b6b0       0x74 /tmp/cc5qy2A7.ltrans8.ltrans.o
                0x0800b6b0                chSchGoSleepTimeoutS
 .text.chSchWakeupS
                0x0800b724       0x9c /tmp/cc5qy2A7.ltrans8.ltrans.o
                0x0800b724                chSchWakeupS
 .text.chSchRescheduleS
                0x0800b7c0       0x18 /tmp/cc5qy2A7.ltrans8.ltrans.o
                0x0800b7c0                chSchRescheduleS
 .text.chSchIsPreemptionRequired
                0x0800b7d8       0x34 /tmp/cc5qy2A7.ltrans8.ltrans.o
                0x0800b7d8                chSchIsPreemptionRequired
 .text.chSchDoRescheduleAhead
                0x0800b80c       0x64 /tmp/cc5qy2A7.ltrans8.ltrans.o
 .text.chSchDoReschedule
                0x0800b870       0x64 /tmp/cc5qy2A7.ltrans8.ltrans.o
                0x0800b870                chSchDoReschedule
 .text.port_lock.lto_priv.318
                0x0800b8d4       0x1c /tmp/cc5qy2A7.ltrans8.ltrans.o
 .text.port_unlock.lto_priv.315
                0x0800b8f0       0x1c /tmp/cc5qy2A7.ltrans8.ltrans.o
 .text.list_init
                0x0800b90c       0x18 /tmp/cc5qy2A7.ltrans8.ltrans.o
 .text.list_notempty.lto_priv.305
                0x0800b924       0x24 /tmp/cc5qy2A7.ltrans8.ltrans.o
                0x0800b924                list_notempty.lto_priv.305
 .text.queue_notempty.lto_priv.282
                0x0800b948       0x24 /tmp/cc5qy2A7.ltrans8.ltrans.o
                0x0800b948                queue_notempty.lto_priv.282
 .text.chSysLock.lto_priv.274
                0x0800b96c       0x10 /tmp/cc5qy2A7.ltrans8.ltrans.o
                0x0800b96c                chSysLock.lto_priv.274
 .text.chSysUnlock.lto_priv.270
                0x0800b97c       0x38 /tmp/cc5qy2A7.ltrans8.ltrans.o
                0x0800b97c                chSysUnlock.lto_priv.270
 .text.chThdGetSelfX.lto_priv.300
                0x0800b9b4       0x18 /tmp/cc5qy2A7.ltrans8.ltrans.o
                0x0800b9b4                chThdGetSelfX.lto_priv.300
 .text.chThdGetWorkingAreaX.lto_priv.285
                0x0800b9cc       0x18 /tmp/cc5qy2A7.ltrans8.ltrans.o
                0x0800b9cc                chThdGetWorkingAreaX.lto_priv.285
 .text.chThdDoDequeueNextI.lto_priv.299
                0x0800b9e4       0x50 /tmp/cc5qy2A7.ltrans8.ltrans.o
                0x0800b9e4                chThdDoDequeueNextI.lto_priv.299
 .text._thread_init
                0x0800ba34       0x70 /tmp/cc5qy2A7.ltrans8.ltrans.o
                0x0800ba34                _thread_init
 .text._thread_memfill
                0x0800baa4       0x2c /tmp/cc5qy2A7.ltrans8.ltrans.o
                0x0800baa4                _thread_memfill
 .text.chThdCreateSuspendedI
                0x0800bad0       0xc4 /tmp/cc5qy2A7.ltrans8.ltrans.o
                0x0800bad0                chThdCreateSuspendedI
 .text._decode_uavcan_protocol_dynamic_node_id_Allocation
                0x0800bb94       0xd4 /tmp/cc5qy2A7.ltrans9.ltrans.o
                0x0800bb94                _decode_uavcan_protocol_dynamic_node_id_Allocation
 .text._encode_uavcan_protocol_debug_LogLevel
                0x0800bc68       0x34 /tmp/cc5qy2A7.ltrans9.ltrans.o
 .text._decode_uavcan_protocol_debug_LogLevel
                0x0800bc9c       0x34 /tmp/cc5qy2A7.ltrans9.ltrans.o
 .text.encode_func.lto_priv.52
                0x0800bcd0       0x1c /tmp/cc5qy2A7.ltrans9.ltrans.o
                0x0800bcd0                encode_func.lto_priv.52
 .text.decode_func.lto_priv.60
                0x0800bcec       0x1c /tmp/cc5qy2A7.ltrans9.ltrans.o
                0x0800bcec                decode_func.lto_priv.60
 .text.encode_uavcan_protocol_debug_LogMessage
                0x0800bd08       0x28 /tmp/cc5qy2A7.ltrans9.ltrans.o
 .text.decode_uavcan_protocol_debug_LogMessage
                0x0800bd30       0x2c /tmp/cc5qy2A7.ltrans9.ltrans.o
 .text._encode_uavcan_protocol_debug_LogMessage
                0x0800bd5c       0xf8 /tmp/cc5qy2A7.ltrans9.ltrans.o
 .text._decode_uavcan_protocol_debug_LogMessage
                0x0800be54      0x104 /tmp/cc5qy2A7.ltrans9.ltrans.o
 .text.encode_func.lto_priv.54
                0x0800bf58       0x1c /tmp/cc5qy2A7.ltrans9.ltrans.o
                0x0800bf58                encode_func.lto_priv.54
 .text.decode_func.lto_priv.62
                0x0800bf74       0x1c /tmp/cc5qy2A7.ltrans9.ltrans.o
                0x0800bf74                decode_func.lto_priv.62
 .text.encode_uavcan_protocol_GetNodeInfo_res
                0x0800bf90       0x28 /tmp/cc5qy2A7.ltrans9.ltrans.o
 .text.decode_uavcan_protocol_GetNodeInfo_res
                0x0800bfb8       0x2c /tmp/cc5qy2A7.ltrans9.ltrans.o
 .text._encode_uavcan_protocol_GetNodeInfo_res
                0x0800bfe4       0xc8 /tmp/cc5qy2A7.ltrans9.ltrans.o
 .text._decode_uavcan_protocol_GetNodeInfo_res
                0x0800c0ac       0xcc /tmp/cc5qy2A7.ltrans9.ltrans.o
 .text._encode_uavcan_protocol_HardwareVersion
                0x0800c178      0x100 /tmp/cc5qy2A7.ltrans9.ltrans.o
 .text._decode_uavcan_protocol_HardwareVersion
                0x0800c278      0x110 /tmp/cc5qy2A7.ltrans9.ltrans.o
 .text._encode_uavcan_protocol_SoftwareVersion
                0x0800c388       0xbc /tmp/cc5qy2A7.ltrans9.ltrans.o
 .text._decode_uavcan_protocol_SoftwareVersion
                0x0800c444       0xbc /tmp/cc5qy2A7.ltrans9.ltrans.o
 .text.encode_func.lto_priv.55
                0x0800c500       0x1c /tmp/cc5qy2A7.ltrans9.ltrans.o
                0x0800c500                encode_func.lto_priv.55
 .text.decode_func.lto_priv.63
                0x0800c51c       0x1c /tmp/cc5qy2A7.ltrans9.ltrans.o
                0x0800c51c                decode_func.lto_priv.63
 .text.encode_uavcan_protocol_GetNodeInfo_req
                0x0800c538       0x28 /tmp/cc5qy2A7.ltrans9.ltrans.o
 .text.decode_uavcan_protocol_GetNodeInfo_req
                0x0800c560       0x2c /tmp/cc5qy2A7.ltrans9.ltrans.o
 .text._encode_uavcan_protocol_GetNodeInfo_req
                0x0800c58c       0x18 /tmp/cc5qy2A7.ltrans9.ltrans.o
 .text._decode_uavcan_protocol_GetNodeInfo_req
                0x0800c5a4       0x18 /tmp/cc5qy2A7.ltrans9.ltrans.o
 .text.__core_init
                0x0800c5bc        0xc /tmp/cc5qy2A7.ltrans9.ltrans.o
                0x0800c5bc                __core_init
 .text.__late_init
                0x0800c5c8        0xc /tmp/cc5qy2A7.ltrans9.ltrans.o
                0x0800c5c8                __late_init
 .text.__default_exit
                0x0800c5d4        0x8 /tmp/cc5qy2A7.ltrans9.ltrans.o
                0x0800c5d4                __default_exit
 .text.__init_ram_areas
                0x0800c5dc       0x70 /tmp/cc5qy2A7.ltrans9.ltrans.o
                0x0800c5dc                __init_ram_areas
 .text._unhandled_exception
                0x0800c64c        0x8 /tmp/cc5qy2A7.ltrans9.ltrans.o
                0x0800c64c                Vector58
                0x0800c64c                VectorE8
                0x0800c64c                Vector9C
                0x0800c64c                VectorAC
                0x0800c64c                DebugMon_Handler
                0x0800c64c                Vector5C
                0x0800c64c                Vector11C
                0x0800c64c                HardFault_Handler
                0x0800c64c                SysTick_Handler
                0x0800c64c                VectorDC
                0x0800c64c                PendSV_Handler
                0x0800c64c                NMI_Handler
                0x0800c64c                Vector110
                0x0800c64c                Vector120
                0x0800c64c                VectorC8
                0x0800c64c                Vector94
                0x0800c64c                VectorA8
                0x0800c64c                VectorB4
                0x0800c64c                Vector74
                0x0800c64c                UsageFault_Handler
                0x0800c64c                VectorEC
                0x0800c64c                Vector40
                0x0800c64c                VectorF8
                0x0800c64c                Vector108
                0x0800c64c                VectorBC
                0x0800c64c                Vector150
                0x0800c64c                Vector124
                0x0800c64c                Vector148
                0x0800c64c                Vector118
                0x0800c64c                Vector64
                0x0800c64c                VectorCC
                0x0800c64c                Vector54
                0x0800c64c                Vector98
                0x0800c64c                VectorD8
                0x0800c64c                Vector138
                0x0800c64c                Vector24
                0x0800c64c                Vector84
                0x0800c64c                VectorD0
                0x0800c64c                Vector140
                0x0800c64c                VectorE4
                0x0800c64c                VectorC0
                0x0800c64c                Vector158
                0x0800c64c                Vector130
                0x0800c64c                Vector134
                0x0800c64c                VectorF0
                0x0800c64c                Vector12C
                0x0800c64c                Vector13C
                0x0800c64c                Vector100
                0x0800c64c                VectorE0
                0x0800c64c                VectorF4
                0x0800c64c                MemManage_Handler
                0x0800c64c                Vector6C
                0x0800c64c                VectorA0
                0x0800c64c                VectorC4
                0x0800c64c                Vector7C
                0x0800c64c                Vector114
                0x0800c64c                Vector60
                0x0800c64c                Vector1C
                0x0800c64c                Vector48
                0x0800c64c                Vector70
                0x0800c64c                Vector4C
                0x0800c64c                Vector144
                0x0800c64c                Vector80
                0x0800c64c                Vector15C
                0x0800c64c                Vector68
                0x0800c64c                Vector78
                0x0800c64c                Vector88
                0x0800c64c                Vector104
                0x0800c64c                Vector10C
                0x0800c64c                Vector14C
                0x0800c64c                BusFault_Handler
                0x0800c64c                Vector50
                0x0800c64c                Vector154
                0x0800c64c                Vector44
                0x0800c64c                Vector28
                0x0800c64c                VectorB8
                0x0800c64c                VectorFC
                0x0800c64c                Vector34
                0x0800c64c                Vector128
                0x0800c64c                VectorA4
                0x0800c64c                Vector20
 .text.NVIC_SetPriorityGrouping
                0x0800c654       0x48 /tmp/cc5qy2A7.ltrans9.ltrans.o
 .text.NVIC_SetPriority
                0x0800c69c       0x54 /tmp/cc5qy2A7.ltrans9.ltrans.o
 .text.port_init
                0x0800c6f0       0x40 /tmp/cc5qy2A7.ltrans9.ltrans.o
 .text.port_lock
                0x0800c730       0x1c /tmp/cc5qy2A7.ltrans9.ltrans.o
 .text.port_unlock
                0x0800c74c       0x1c /tmp/cc5qy2A7.ltrans9.ltrans.o
 .text.port_lock_from_isr
                0x0800c768        0xc /tmp/cc5qy2A7.ltrans9.ltrans.o
 .text.port_unlock_from_isr
                0x0800c774        0xc /tmp/cc5qy2A7.ltrans9.ltrans.o
 .text.port_disable.lto_priv.335
                0x0800c780       0x10 /tmp/cc5qy2A7.ltrans9.ltrans.o
                0x0800c780                port_disable.lto_priv.335
 .text.port_enable
                0x0800c790       0x1c /tmp/cc5qy2A7.ltrans9.ltrans.o
 .text.port_wait_for_interrupt
                0x0800c7ac        0xc /tmp/cc5qy2A7.ltrans9.ltrans.o
 .text.st_lld_get_counter
                0x0800c7b8       0x18 /tmp/cc5qy2A7.ltrans9.ltrans.o
 .text.port_timer_stop_alarm
                0x0800c7d0        0xc /tmp/cc5qy2A7.ltrans9.ltrans.o
 .text.port_timer_set_alarm
                0x0800c7dc       0x18 /tmp/cc5qy2A7.ltrans9.ltrans.o
 .text.port_timer_get_time
                0x0800c7f4       0x10 /tmp/cc5qy2A7.ltrans9.ltrans.o
 .text.chSysEnable
                0x0800c804       0x10 /tmp/cc5qy2A7.ltrans9.ltrans.o
 .text.chSysLockFromISR.lto_priv.322
                0x0800c814       0x10 /tmp/cc5qy2A7.ltrans9.ltrans.o
                0x0800c814                chSysLockFromISR.lto_priv.322
 .text.chSysUnlockFromISR.lto_priv.320
                0x0800c824       0x10 /tmp/cc5qy2A7.ltrans9.ltrans.o
                0x0800c824                chSysUnlockFromISR.lto_priv.320
 .text.chVTGetSystemTimeX
                0x0800c834       0x10 /tmp/cc5qy2A7.ltrans9.ltrans.o
 .text.chVTDoTickI.lto_priv.334
                0x0800c844       0xf0 /tmp/cc5qy2A7.ltrans9.ltrans.o
                0x0800c844                chVTDoTickI.lto_priv.334
 .text._idle_thread.lto_priv.47
                0x0800c934       0x10 /tmp/cc5qy2A7.ltrans9.ltrans.o
                0x0800c934                _idle_thread.lto_priv.47
 .text.chSysInit
                0x0800c944       0x64 /tmp/cc5qy2A7.ltrans9.ltrans.o
                0x0800c944                chSysInit
 .text._local_ctor_4
                0x0800c9a8       0x18 /tmp/cc5qy2A7.ltrans10.ltrans.o
 .text.main     0x0800c9c0       0x14 /tmp/cc5qy2A7.ltrans10.ltrans.o
                0x0800c9c0                main
 .text._local_ctor_5
                0x0800c9d4       0x24 /tmp/cc5qy2A7.ltrans10.ltrans.o
 .text._local_ctor_7
                0x0800c9f8       0x1c /tmp/cc5qy2A7.ltrans10.ltrans.o
 .text.canardInit
                0x0800ca14       0x6c /tmp/cc5qy2A7.ltrans10.ltrans.o
                0x0800ca14                canardInit
 .text.canardGetUserReference
                0x0800ca80       0x18 /tmp/cc5qy2A7.ltrans10.ltrans.o
                0x0800ca80                canardGetUserReference
 .text.canardSetLocalNodeID
                0x0800ca98       0x34 /tmp/cc5qy2A7.ltrans10.ltrans.o
                0x0800ca98                canardSetLocalNodeID
 .text.canardGetLocalNodeID
                0x0800cacc       0x18 /tmp/cc5qy2A7.ltrans10.ltrans.o
                0x0800cacc                canardGetLocalNodeID
 .text.canardHandleRxFrame
                0x0800cae4      0x65c /tmp/cc5qy2A7.ltrans10.ltrans.o
                0x0800cae4                canardHandleRxFrame
 .text.canardCleanupStaleTransfers
                0x0800d140       0xac /tmp/cc5qy2A7.ltrans10.ltrans.o
                0x0800d140                canardCleanupStaleTransfers
 .text.canardDecodeScalar
                0x0800d1ec      0x2f0 /tmp/cc5qy2A7.ltrans10.ltrans.o
                0x0800d1ec                canardDecodeScalar
 .text.canardEncodeScalar
                0x0800d4dc      0x10c /tmp/cc5qy2A7.ltrans10.ltrans.o
                0x0800d4dc                canardEncodeScalar
 .text.canardReleaseRxTransferPayload
                0x0800d5e8       0x54 /tmp/cc5qy2A7.ltrans10.ltrans.o
 .text.computeTransferIDForwardDistance
                0x0800d63c       0x34 /tmp/cc5qy2A7.ltrans10.ltrans.o
 .text.prepareForNextTransfer
                0x0800d670       0x44 /tmp/cc5qy2A7.ltrans10.ltrans.o
 .text.extractDataType
                0x0800d6b4       0x44 /tmp/cc5qy2A7.ltrans10.ltrans.o
 .text.extractTransferType
                0x0800d6f8       0x48 /tmp/cc5qy2A7.ltrans10.ltrans.o
 .text.traverseRxStates
                0x0800d740       0x60 /tmp/cc5qy2A7.ltrans10.ltrans.o
 .text.findRxState
                0x0800d7a0       0x34 /tmp/cc5qy2A7.ltrans10.ltrans.o
 .text.prependRxState
                0x0800d7d4       0x3c /tmp/cc5qy2A7.ltrans10.ltrans.o
 .text.createRxState
                0x0800d810       0x6c /tmp/cc5qy2A7.ltrans10.ltrans.o
 .text.releaseStatePayload
                0x0800d87c       0x50 /tmp/cc5qy2A7.ltrans10.ltrans.o
 .text.bufferBlockPushBytes
                0x0800d8cc      0x1fc /tmp/cc5qy2A7.ltrans10.ltrans.o
 .text.createBufferBlock
                0x0800dac8       0x2c /tmp/cc5qy2A7.ltrans10.ltrans.o
 .text.copyBitArray
                0x0800daf4       0xf4 /tmp/cc5qy2A7.ltrans10.ltrans.o
 .text.descatterTransferPayload
                0x0800dbe8      0x1e0 /tmp/cc5qy2A7.ltrans10.ltrans.o
 .text.isBigEndian
                0x0800ddc8       0x24 /tmp/cc5qy2A7.ltrans10.ltrans.o
 .text.swapByteOrder
                0x0800ddec       0x5c /tmp/cc5qy2A7.ltrans10.ltrans.o
 .text.crcAddByte
                0x0800de48       0x60 /tmp/cc5qy2A7.ltrans10.ltrans.o
 .text.crcAddSignature
                0x0800dea8       0x60 /tmp/cc5qy2A7.ltrans10.ltrans.o
 .text.crcAdd   0x0800df08       0x3c /tmp/cc5qy2A7.ltrans10.ltrans.o
 .text.initPoolAllocator
                0x0800df44       0x5c /tmp/cc5qy2A7.ltrans10.ltrans.o
 .text.allocateBlock
                0x0800dfa0       0x54 /tmp/cc5qy2A7.ltrans10.ltrans.o
 .text.freeBlock
                0x0800dff4       0x34 /tmp/cc5qy2A7.ltrans10.ltrans.o
 .text.encode_func.lto_priv.48
                0x0800e028       0x1c /tmp/cc5qy2A7.ltrans10.ltrans.o
                0x0800e028                encode_func.lto_priv.48
 .text.decode_func.lto_priv.56
                0x0800e044       0x1c /tmp/cc5qy2A7.ltrans10.ltrans.o
                0x0800e044                decode_func.lto_priv.56
 .text.encode_uavcan_protocol_NodeStatus
                0x0800e060       0x28 /tmp/cc5qy2A7.ltrans10.ltrans.o
 .text.decode_uavcan_protocol_NodeStatus
                0x0800e088       0x2c /tmp/cc5qy2A7.ltrans10.ltrans.o
 .text._encode_uavcan_protocol_NodeStatus
                0x0800e0b4       0xbc /tmp/cc5qy2A7.ltrans10.ltrans.o
                0x0800e0b4                _encode_uavcan_protocol_NodeStatus
 .text._decode_uavcan_protocol_NodeStatus
                0x0800e170       0xb8 /tmp/cc5qy2A7.ltrans10.ltrans.o
                0x0800e170                _decode_uavcan_protocol_NodeStatus
 .text.encode_func.lto_priv.49
                0x0800e228       0x1c /tmp/cc5qy2A7.ltrans10.ltrans.o
                0x0800e228                encode_func.lto_priv.49
 .text.decode_func.lto_priv.57
                0x0800e244       0x1c /tmp/cc5qy2A7.ltrans10.ltrans.o
                0x0800e244                decode_func.lto_priv.57
 .text.encode_uavcan_protocol_RestartNode_res
                0x0800e260       0x28 /tmp/cc5qy2A7.ltrans10.ltrans.o
 .text.decode_uavcan_protocol_RestartNode_res
                0x0800e288       0x2c /tmp/cc5qy2A7.ltrans10.ltrans.o
 .text._encode_uavcan_protocol_RestartNode_res
                0x0800e2b4       0x34 /tmp/cc5qy2A7.ltrans10.ltrans.o
 .text._decode_uavcan_protocol_RestartNode_res
                0x0800e2e8       0x34 /tmp/cc5qy2A7.ltrans10.ltrans.o
 .text.encode_func.lto_priv.50
                0x0800e31c       0x1c /tmp/cc5qy2A7.ltrans10.ltrans.o
                0x0800e31c                encode_func.lto_priv.50
 .text.decode_func.lto_priv.58
                0x0800e338       0x1c /tmp/cc5qy2A7.ltrans10.ltrans.o
                0x0800e338                decode_func.lto_priv.58
 .text.encode_uavcan_protocol_RestartNode_req
                0x0800e354       0x28 /tmp/cc5qy2A7.ltrans10.ltrans.o
 .text.decode_uavcan_protocol_RestartNode_req
                0x0800e37c       0x2c /tmp/cc5qy2A7.ltrans10.ltrans.o
 .text._encode_uavcan_protocol_RestartNode_req
                0x0800e3a8       0x34 /tmp/cc5qy2A7.ltrans10.ltrans.o
 .text._decode_uavcan_protocol_RestartNode_req
                0x0800e3dc       0x34 /tmp/cc5qy2A7.ltrans10.ltrans.o
 .text.encode_func.lto_priv.51
                0x0800e410       0x1c /tmp/cc5qy2A7.ltrans10.ltrans.o
                0x0800e410                encode_func.lto_priv.51
 .text.decode_func.lto_priv.59
                0x0800e42c       0x1c /tmp/cc5qy2A7.ltrans10.ltrans.o
                0x0800e42c                decode_func.lto_priv.59
 .text.encode_uavcan_protocol_dynamic_node_id_Allocation
                0x0800e448       0x28 /tmp/cc5qy2A7.ltrans10.ltrans.o
 .text.decode_uavcan_protocol_dynamic_node_id_Allocation
                0x0800e470       0x2c /tmp/cc5qy2A7.ltrans10.ltrans.o
 .text._encode_uavcan_protocol_dynamic_node_id_Allocation
                0x0800e49c       0xc4 /tmp/cc5qy2A7.ltrans10.ltrans.o
 .text.memcmp   0x0800e560       0x20 /home/markw/gcc-arm-none-eabi-4_9-2015q3/bin/../lib/gcc/arm-none-eabi/4.9.3/../../../../arm-none-eabi/lib/armv7-m/libg_nano.a(lib_a-memcmp.o)
                0x0800e560                memcmp
 .text.memcpy   0x0800e580       0x16 /home/markw/gcc-arm-none-eabi-4_9-2015q3/bin/../lib/gcc/arm-none-eabi/4.9.3/../../../../arm-none-eabi/lib/armv7-m/libg_nano.a(lib_a-memcpy.o)
                0x0800e580                memcpy
 .text.memmove  0x0800e596       0x36 /home/markw/gcc-arm-none-eabi-4_9-2015q3/bin/../lib/gcc/arm-none-eabi/4.9.3/../../../../arm-none-eabi/lib/armv7-m/libg_nano.a(lib_a-memmove.o)
                0x0800e596                memmove
 .text.memset   0x0800e5cc       0x10 /home/markw/gcc-arm-none-eabi-4_9-2015q3/bin/../lib/gcc/arm-none-eabi/4.9.3/../../../../arm-none-eabi/lib/armv7-m/libg_nano.a(lib_a-memset.o)
                0x0800e5cc                memset
 .text.strnlen  0x0800e5dc       0x18 /home/markw/gcc-arm-none-eabi-4_9-2015q3/bin/../lib/gcc/arm-none-eabi/4.9.3/../../../../arm-none-eabi/lib/armv7-m/libg_nano.a(lib_a-strnlen.o)
                0x0800e5dc                strnlen
 *(.glue_7t)
 .glue_7t       0x00000000        0x0 linker stubs
 *(.glue_7)
 .glue_7        0x00000000        0x0 linker stubs
 *(.gcc*)

.vfp11_veneer   0x0800e5f4        0x0
 .vfp11_veneer  0x00000000        0x0 linker stubs

.v4_bx          0x0800e5f4        0x0
 .v4_bx         0x00000000        0x0 linker stubs

.iplt           0x0800e5f4        0x0
 .iplt          0x00000000        0x0 build/org.mro.perh_1.0/obj/crt0_v7m.o

.rodata         0x0800e5f8      0x700
                0x0800e5f8                . = ALIGN (0x4)
                0x0800e5f8                __rodata_base__ = .
 *(.rodata)
 .rodata        0x0800e5f8       0x3b /tmp/cc5qy2A7.ltrans0.ltrans.o
 *fill*         0x0800e633        0x1 
 .rodata        0x0800e634        0xd /tmp/cc5qy2A7.ltrans1.ltrans.o
 *fill*         0x0800e641        0x3 
 .rodata        0x0800e644       0x16 /tmp/cc5qy2A7.ltrans2.ltrans.o
 *fill*         0x0800e65a        0x2 
 .rodata        0x0800e65c       0x12 /tmp/cc5qy2A7.ltrans3.ltrans.o
 *fill*         0x0800e66e        0x2 
 .rodata        0x0800e670       0x67 /tmp/cc5qy2A7.ltrans8.ltrans.o
 *fill*         0x0800e6d7        0x1 
 .rodata        0x0800e6d8       0x1b /tmp/cc5qy2A7.ltrans10.ltrans.o
 *(.rodata.*)
 *fill*         0x0800e6f3        0x5 
 .rodata.uavcan_protocol_NodeStatus_descriptor
                0x0800e6f8       0x20 /tmp/cc5qy2A7.ltrans0.ltrans.o
                0x0800e6f8                uavcan_protocol_NodeStatus_descriptor
 .rodata.uavcan_protocol_RestartNode_res_descriptor
                0x0800e718       0x20 /tmp/cc5qy2A7.ltrans0.ltrans.o
 .rodata.uavcan_protocol_RestartNode_req_descriptor
                0x0800e738       0x20 /tmp/cc5qy2A7.ltrans0.ltrans.o
 .rodata.uavcan_protocol_dynamic_node_id_Allocation_descriptor
                0x0800e758       0x20 /tmp/cc5qy2A7.ltrans0.ltrans.o
                0x0800e758                uavcan_protocol_dynamic_node_id_Allocation_descriptor
 .rodata.uavcan_protocol_debug_LogMessage_descriptor
                0x0800e778       0x20 /tmp/cc5qy2A7.ltrans0.ltrans.o
 .rodata.uavcan_protocol_GetNodeInfo_res_descriptor
                0x0800e798       0x20 /tmp/cc5qy2A7.ltrans0.ltrans.o
                0x0800e798                uavcan_protocol_GetNodeInfo_res_descriptor
 .rodata.uavcan_protocol_GetNodeInfo_req_descriptor
                0x0800e7b8       0x20 /tmp/cc5qy2A7.ltrans0.ltrans.o
                0x0800e7b8                uavcan_protocol_GetNodeInfo_req_descriptor
 .rodata.ram_areas.lto_priv.338
                0x0800e7d8       0x80 /tmp/cc5qy2A7.ltrans0.ltrans.o
                0x0800e7d8                ram_areas.lto_priv.338
 .rodata.idle_descriptor.5731.lto_priv.336
                0x0800e858       0x18 /tmp/cc5qy2A7.ltrans0.ltrans.o
                0x0800e858                idle_descriptor.5731.lto_priv.336
 .rodata.__func__.5391.lto_priv.337
                0x0800e870        0xc /tmp/cc5qy2A7.ltrans0.ltrans.o
                0x0800e870                __func__.5391.lto_priv.337
 .rodata.__func__.5732.lto_priv.36
                0x0800e87c        0xb /tmp/cc5qy2A7.ltrans0.ltrans.o
                0x0800e87c                __func__.5732.lto_priv.36
 *fill*         0x0800e887        0x1 
 .rodata.__func__.5740.lto_priv.34
                0x0800e888        0xd /tmp/cc5qy2A7.ltrans0.ltrans.o
                0x0800e888                __func__.5740.lto_priv.34
 *fill*         0x0800e895        0x3 
 .rodata.__func__.5759.lto_priv.319
                0x0800e898        0xc /tmp/cc5qy2A7.ltrans0.ltrans.o
                0x0800e898                __func__.5759.lto_priv.319
 .rodata.__func__.5766.lto_priv.45
                0x0800e8a4       0x11 /tmp/cc5qy2A7.ltrans0.ltrans.o
                0x0800e8a4                __func__.5766.lto_priv.45
 *fill*         0x0800e8b5        0x3 
 .rodata.__func__.5793.lto_priv.41
                0x0800e8b8        0xd /tmp/cc5qy2A7.ltrans0.ltrans.o
                0x0800e8b8                __func__.5793.lto_priv.41
 *fill*         0x0800e8c5        0x3 
 .rodata.__func__.5738.lto_priv.306
                0x0800e8c8       0x16 /tmp/cc5qy2A7.ltrans0.ltrans.o
                0x0800e8c8                __func__.5738.lto_priv.306
 *fill*         0x0800e8de        0x2 
 .rodata.__func__.5272.lto_priv.11
                0x0800e8e0        0xc /tmp/cc5qy2A7.ltrans0.ltrans.o
                0x0800e8e0                __func__.5272.lto_priv.11
 .rodata.__func__.5751.lto_priv.297
                0x0800e8ec        0xc /tmp/cc5qy2A7.ltrans0.ltrans.o
                0x0800e8ec                __func__.5751.lto_priv.297
 .rodata.__func__.5772.lto_priv.293
                0x0800e8f8        0xd /tmp/cc5qy2A7.ltrans0.ltrans.o
                0x0800e8f8                __func__.5772.lto_priv.293
 *fill*         0x0800e905        0x3 
 .rodata.__func__.5786.lto_priv.43
                0x0800e908        0xb /tmp/cc5qy2A7.ltrans0.ltrans.o
                0x0800e908                __func__.5786.lto_priv.43
 *fill*         0x0800e913        0x1 
 .rodata.__func__.5796.lto_priv.291
                0x0800e914       0x11 /tmp/cc5qy2A7.ltrans0.ltrans.o
                0x0800e914                __func__.5796.lto_priv.291
 *fill*         0x0800e925        0x3 
 .rodata.__func__.5824.lto_priv.289
                0x0800e928       0x15 /tmp/cc5qy2A7.ltrans0.ltrans.o
                0x0800e928                __func__.5824.lto_priv.289
 *fill*         0x0800e93d        0x3 