Archive member included because of file (symbol)

/home/markw/gcc-arm-none-eabi-4_9-2015q3/bin/../lib/gcc/arm-none-eabi/4.9.3/../../../../arm-none-eabi/lib/armv7-m/libm.a(lib_a-ef_log10.o)
                              build/org.mro.perh_1.0/obj/libmwrappers.o (symbol from plugin) (__ieee754_log10f)
/home/markw/gcc-arm-none-eabi-4_9-2015q3/bin/../lib/gcc/arm-none-eabi/4.9.3/../../../../arm-none-eabi/lib/armv7-m/libm.a(lib_a-ef_log.o)
                              /home/markw/gcc-arm-none-eabi-4_9-2015q3/bin/../lib/gcc/arm-none-eabi/4.9.3/../../../../arm-none-eabi/lib/armv7-m/libm.a(lib_a-ef_log10.o) (__ieee754_logf)
/home/markw/gcc-arm-none-eabi-4_9-2015q3/bin/../lib/gcc/arm-none-eabi/4.9.3/armv7-m/libgcc.a(_arm_addsubsf3.o)
                              /home/markw/gcc-arm-none-eabi-4_9-2015q3/bin/../lib/gcc/arm-none-eabi/4.9.3/../../../../arm-none-eabi/lib/armv7-m/libm.a(lib_a-ef_log10.o) (__aeabi_fsub)
/home/markw/gcc-arm-none-eabi-4_9-2015q3/bin/../lib/gcc/arm-none-eabi/4.9.3/armv7-m/libgcc.a(_arm_muldivsf3.o)
                              /home/markw/gcc-arm-none-eabi-4_9-2015q3/bin/../lib/gcc/arm-none-eabi/4.9.3/../../../../arm-none-eabi/lib/armv7-m/libm.a(lib_a-ef_log10.o) (__aeabi_fmul)
/home/markw/gcc-arm-none-eabi-4_9-2015q3/bin/../lib/gcc/arm-none-eabi/4.9.3/armv7-m/libgcc.a(_arm_cmpsf2.o)
                              /home/markw/gcc-arm-none-eabi-4_9-2015q3/bin/../lib/gcc/arm-none-eabi/4.9.3/../../../../arm-none-eabi/lib/armv7-m/libm.a(lib_a-ef_log.o) (__aeabi_fcmpeq)
/home/markw/gcc-arm-none-eabi-4_9-2015q3/bin/../lib/gcc/arm-none-eabi/4.9.3/armv7-m/libgcc.a(_arm_fixunssfsi.o)
                              /tmp/cctfh5J0.ltrans0.ltrans.o (__aeabi_f2uiz)
/home/markw/gcc-arm-none-eabi-4_9-2015q3/bin/../lib/gcc/arm-none-eabi/4.9.3/armv7-m/libgcc.a(_aeabi_uldivmod.o)
                              /tmp/cctfh5J0.ltrans0.ltrans.o (__aeabi_uldivmod)
/home/markw/gcc-arm-none-eabi-4_9-2015q3/bin/../lib/gcc/arm-none-eabi/4.9.3/armv7-m/libgcc.a(bpabi.o)
                              /home/markw/gcc-arm-none-eabi-4_9-2015q3/bin/../lib/gcc/arm-none-eabi/4.9.3/armv7-m/libgcc.a(_aeabi_uldivmod.o) (__gnu_uldivmod_helper)
/home/markw/gcc-arm-none-eabi-4_9-2015q3/bin/../lib/gcc/arm-none-eabi/4.9.3/armv7-m/libgcc.a(_dvmd_tls.o)
                              /home/markw/gcc-arm-none-eabi-4_9-2015q3/bin/../lib/gcc/arm-none-eabi/4.9.3/armv7-m/libgcc.a(_aeabi_uldivmod.o) (__aeabi_ldiv0)
/home/markw/gcc-arm-none-eabi-4_9-2015q3/bin/../lib/gcc/arm-none-eabi/4.9.3/armv7-m/libgcc.a(_divdi3.o)
                              /home/markw/gcc-arm-none-eabi-4_9-2015q3/bin/../lib/gcc/arm-none-eabi/4.9.3/armv7-m/libgcc.a(bpabi.o) (__divdi3)
/home/markw/gcc-arm-none-eabi-4_9-2015q3/bin/../lib/gcc/arm-none-eabi/4.9.3/armv7-m/libgcc.a(_udivdi3.o)
                              /home/markw/gcc-arm-none-eabi-4_9-2015q3/bin/../lib/gcc/arm-none-eabi/4.9.3/armv7-m/libgcc.a(bpabi.o) (__udivdi3)
/home/markw/gcc-arm-none-eabi-4_9-2015q3/bin/../lib/gcc/arm-none-eabi/4.9.3/../../../../arm-none-eabi/lib/armv7-m/libg_nano.a(lib_a-memcmp.o)
                              /tmp/cctfh5J0.ltrans0.ltrans.o (memcmp)
/home/markw/gcc-arm-none-eabi-4_9-2015q3/bin/../lib/gcc/arm-none-eabi/4.9.3/../../../../arm-none-eabi/lib/armv7-m/libg_nano.a(lib_a-memcpy.o)
                              /tmp/cctfh5J0.ltrans0.ltrans.o (memcpy)
/home/markw/gcc-arm-none-eabi-4_9-2015q3/bin/../lib/gcc/arm-none-eabi/4.9.3/../../../../arm-none-eabi/lib/armv7-m/libg_nano.a(lib_a-memmove.o)
                              /tmp/cctfh5J0.ltrans1.ltrans.o (memmove)
/home/markw/gcc-arm-none-eabi-4_9-2015q3/bin/../lib/gcc/arm-none-eabi/4.9.3/../../../../arm-none-eabi/lib/armv7-m/libg_nano.a(lib_a-memset.o)
                              /tmp/cctfh5J0.ltrans0.ltrans.o (memset)
/home/markw/gcc-arm-none-eabi-4_9-2015q3/bin/../lib/gcc/arm-none-eabi/4.9.3/../../../../arm-none-eabi/lib/armv7-m/libg_nano.a(lib_a-strcmp.o)
                              /tmp/cctfh5J0.ltrans6.ltrans.o (strcmp)

Discarded input sections

 .data          0x00000000        0x0 build/org.mro.perh_1.0/obj/crt0_v7m.o
 .bss           0x00000000        0x0 build/org.mro.perh_1.0/obj/crt0_v7m.o
 .data          0x00000000        0x0 build/org.mro.perh_1.0/obj/chcoreasm_v7m.o
 .bss           0x00000000        0x0 build/org.mro.perh_1.0/obj/chcoreasm_v7m.o
 .text          0x00000000        0x0 build/org.mro.perh_1.0/obj/setup.o (symbol from plugin)
 .text          0x00000000        0x0 /tmp/cctfh5J0.ltrans0.ltrans.o
 .data          0x00000000        0x0 /tmp/cctfh5J0.ltrans0.ltrans.o
 .bss           0x00000000        0x0 /tmp/cctfh5J0.ltrans0.ltrans.o
 .rodata.DTIDMask.4708
                0x00000000        0x2 /tmp/cctfh5J0.ltrans0.ltrans.o
 .rodata.uavcan_protocol_debug_LogMessage_descriptor
                0x00000000       0x20 /tmp/cctfh5J0.ltrans0.ltrans.o
 .rodata.__func__.5270.lto_priv.4
                0x00000000        0xc /tmp/cctfh5J0.ltrans0.ltrans.o
 .rodata.__func__.5721.lto_priv.234
[...]
Memory Configuration

Name             Origin             Length             Attributes
bl               0x08000000         0x00003000         xr
app              0x08003000         0x0000c000         xr
param1           0x0800f000         0x00000800         xr
param2           0x0800f800         0x00000800         xr
ram              0x20000000         0x00003f00         xrw
app_bl_shared    0x20003f00         0x00000100         xrw
ram1             0x00000000         0xffffffff
ram2             0x00000000         0xffffffff
ram3             0x00000000         0xffffffff
ram4             0x00000000         0xffffffff
ram5             0x00000000         0xffffffff
ram6             0x00000000         0xffffffff
ram7             0x00000000         0xffffffff
*default*        0x00000000         0xffffffff

Linker script and memory map

LOAD build/org.mro.perh_1.0/obj/crt0_v7m.o
LOAD build/org.mro.perh_1.0/obj/chcoreasm_v7m.o
LOAD build/org.mro.perh_1.0/obj/setup.o
LOAD /tmp/cctfh5J0.ltrans0.ltrans.o
LOAD /tmp/cctfh5J0.ltrans1.ltrans.o
LOAD /tmp/cctfh5J0.ltrans2.ltrans.o
LOAD /tmp/cctfh5J0.ltrans3.ltrans.o
LOAD /tmp/cctfh5J0.ltrans4.ltrans.o
LOAD /tmp/cctfh5J0.ltrans5.ltrans.o
LOAD /tmp/cctfh5J0.ltrans6.ltrans.o
LOAD /tmp/cctfh5J0.ltrans7.ltrans.o
LOAD /tmp/cctfh5J0.ltrans8.ltrans.o
LOAD /tmp/cctfh5J0.ltrans9.ltrans.o
LOAD /home/markw/gcc-arm-none-eabi-4_9-2015q3/bin/../lib/gcc/arm-none-eabi/4.9.3/armv7-m/libgcc.a
LOAD /home/markw/gcc-arm-none-eabi-4_9-2015q3/bin/../lib/gcc/arm-none-eabi/4.9.3/../../../../arm-none-eabi/lib/armv7-m/libg_nano.a
LOAD /home/markw/gcc-arm-none-eabi-4_9-2015q3/bin/../lib/gcc/arm-none-eabi/4.9.3/../../../../arm-none-eabi/lib/armv7-m/libc_nano.a
LOAD /home/markw/gcc-arm-none-eabi-4_9-2015q3/bin/../lib/gcc/arm-none-eabi/4.9.3/armv7-m/libgcc.a
LOAD /home/markw/gcc-arm-none-eabi-4_9-2015q3/bin/../lib/gcc/arm-none-eabi/4.9.3/../../../../arm-none-eabi/lib/armv7-m/libc_nano.a
LOAD /home/markw/gcc-arm-none-eabi-4_9-2015q3/bin/../lib/gcc/arm-none-eabi/4.9.3/../../../../arm-none-eabi/lib/armv7-m/libnosys.a
LOAD /home/markw/gcc-arm-none-eabi-4_9-2015q3/bin/../lib/gcc/arm-none-eabi/4.9.3/armv7-m/libgcc.a
LOAD /home/markw/gcc-arm-none-eabi-4_9-2015q3/bin/../lib/gcc/arm-none-eabi/4.9.3/../../../../arm-none-eabi/lib/armv7-m/libc_nano.a
LOAD /home/markw/gcc-arm-none-eabi-4_9-2015q3/bin/../lib/gcc/arm-none-eabi/4.9.3/../../../../arm-none-eabi/lib/armv7-m/libnosys.a
LOAD build/org.mro.perh_1.0/obj/canard.o
LOAD build/org.mro.perh_1.0/obj/uavcan.protocol.NodeStatus.o
LOAD build/org.mro.perh_1.0/obj/uavcan.protocol.RestartNode_res.o
LOAD build/org.mro.perh_1.0/obj/uavcan.protocol.RestartNode_req.o
LOAD build/org.mro.perh_1.0/obj/uavcan.protocol.dynamic_node_id.Allocation.o
LOAD build/org.mro.perh_1.0/obj/uavcan.protocol.debug.LogLevel.o
LOAD build/org.mro.perh_1.0/obj/uavcan.protocol.debug.LogMessage.o
LOAD build/org.mro.perh_1.0/obj/uavcan.protocol.GetNodeInfo_res.o
LOAD build/org.mro.perh_1.0/obj/uavcan.protocol.HardwareVersion.o
LOAD build/org.mro.perh_1.0/obj/uavcan.protocol.SoftwareVersion.o
LOAD build/org.mro.perh_1.0/obj/uavcan.protocol.GetNodeInfo_req.o
LOAD build/org.mro.perh_1.0/obj/crt1.o
LOAD build/org.mro.perh_1.0/obj/vectors.o
LOAD build/org.mro.perh_1.0/obj/chsys.o
LOAD build/org.mro.perh_1.0/obj/chdebug.o
LOAD build/org.mro.perh_1.0/obj/chtrace.o
LOAD build/org.mro.perh_1.0/obj/chvt.o
LOAD build/org.mro.perh_1.0/obj/chschd.o
LOAD build/org.mro.perh_1.0/obj/chthreads.o
LOAD build/org.mro.perh_1.0/obj/chtm.o
LOAD build/org.mro.perh_1.0/obj/chstats.o
LOAD build/org.mro.perh_1.0/obj/chregistry.o
LOAD build/org.mro.perh_1.0/obj/chsem.o
LOAD build/org.mro.perh_1.0/obj/chmtx.o
LOAD build/org.mro.perh_1.0/obj/chcond.o
LOAD build/org.mro.perh_1.0/obj/chevents.o
LOAD build/org.mro.perh_1.0/obj/chmsg.o
LOAD build/org.mro.perh_1.0/obj/chdynamic.o
LOAD build/org.mro.perh_1.0/obj/chmboxes.o
LOAD build/org.mro.perh_1.0/obj/chmemcore.o
LOAD build/org.mro.perh_1.0/obj/chheap.o
LOAD build/org.mro.perh_1.0/obj/chmempools.o
LOAD build/org.mro.perh_1.0/obj/chcore.o
LOAD build/org.mro.perh_1.0/obj/chcore_v7m.o
LOAD build/org.mro.perh_1.0/obj/osal.o
LOAD build/org.mro.perh_1.0/obj/hal.o
LOAD build/org.mro.perh_1.0/obj/hal_buffers.o
LOAD build/org.mro.perh_1.0/obj/hal_queues.o
LOAD build/org.mro.perh_1.0/obj/hal_mmcsd.o
LOAD build/org.mro.perh_1.0/obj/hal_adc.o
LOAD build/org.mro.perh_1.0/obj/hal_can.o
LOAD build/org.mro.perh_1.0/obj/hal_dac.o
LOAD build/org.mro.perh_1.0/obj/hal_ext.o
LOAD build/org.mro.perh_1.0/obj/hal_gpt.o
LOAD build/org.mro.perh_1.0/obj/hal_i2c.o
LOAD build/org.mro.perh_1.0/obj/hal_i2s.o
LOAD build/org.mro.perh_1.0/obj/hal_icu.o
LOAD build/org.mro.perh_1.0/obj/hal_mac.o
LOAD build/org.mro.perh_1.0/obj/hal_mmc_spi.o
LOAD build/org.mro.perh_1.0/obj/hal_pal.o
LOAD build/org.mro.perh_1.0/obj/hal_pwm.o
LOAD build/org.mro.perh_1.0/obj/hal_qspi.o
LOAD build/org.mro.perh_1.0/obj/hal_rtc.o
LOAD build/org.mro.perh_1.0/obj/hal_sdc.o
LOAD build/org.mro.perh_1.0/obj/hal_serial.o
LOAD build/org.mro.perh_1.0/obj/hal_serial_usb.o
LOAD build/org.mro.perh_1.0/obj/hal_spi.o
LOAD build/org.mro.perh_1.0/obj/hal_st.o
LOAD build/org.mro.perh_1.0/obj/hal_uart.o
LOAD build/org.mro.perh_1.0/obj/hal_usb.o
LOAD build/org.mro.perh_1.0/obj/hal_wdg.o
LOAD build/org.mro.perh_1.0/obj/nvic.o
LOAD build/org.mro.perh_1.0/obj/hal_lld.o
LOAD build/org.mro.perh_1.0/obj/hal_ext_lld_isr.o
LOAD build/org.mro.perh_1.0/obj/hal_adc_lld.o
LOAD build/org.mro.perh_1.0/obj/hal_can_lld.o
LOAD build/org.mro.perh_1.0/obj/hal_dac_lld.o
LOAD build/org.mro.perh_1.0/obj/stm32_dma.o
LOAD build/org.mro.perh_1.0/obj/hal_ext_lld.o
LOAD build/org.mro.perh_1.0/obj/hal_pal_lld.o
LOAD build/org.mro.perh_1.0/obj/hal_i2c_lld.o
LOAD build/org.mro.perh_1.0/obj/hal_rtc_lld.o
LOAD build/org.mro.perh_1.0/obj/hal_sdc_lld.o
LOAD build/org.mro.perh_1.0/obj/hal_i2s_lld.o
LOAD build/org.mro.perh_1.0/obj/hal_spi_lld.o
LOAD build/org.mro.perh_1.0/obj/hal_st_lld.o
LOAD build/org.mro.perh_1.0/obj/hal_gpt_lld.o
LOAD build/org.mro.perh_1.0/obj/hal_icu_lld.o
LOAD build/org.mro.perh_1.0/obj/hal_pwm_lld.o
LOAD build/org.mro.perh_1.0/obj/hal_serial_lld.o
LOAD build/org.mro.perh_1.0/obj/hal_uart_lld.o
LOAD build/org.mro.perh_1.0/obj/hal_usb_lld.o
LOAD build/org.mro.perh_1.0/obj/hal_wdg_lld.o
LOAD build/org.mro.perh_1.0/obj/board.o
LOAD build/org.mro.perh_1.0/obj/warnings.o
LOAD build/org.mro.perh_1.0/obj/shared_app_descriptor.o
LOAD build/org.mro.perh_1.0/obj/shared_boot_msg.o
LOAD build/org.mro.perh_1.0/obj/crc64_we.o
LOAD build/org.mro.perh_1.0/obj/helpers.o
LOAD build/org.mro.perh_1.0/obj/slip.o
LOAD build/org.mro.perh_1.0/obj/libmwrappers.o
LOAD build/org.mro.perh_1.0/obj/ch_init.o
LOAD build/org.mro.perh_1.0/obj/hal_init.o
LOAD build/org.mro.perh_1.0/obj/app_descriptor.o
LOAD build/org.mro.perh_1.0/obj/timing.o
LOAD build/org.mro.perh_1.0/obj/system.o
LOAD build/org.mro.perh_1.0/obj/fifoallocator.o
LOAD build/org.mro.perh_1.0/obj/pubsub.o
LOAD build/org.mro.perh_1.0/obj/worker_thread.o
LOAD build/org.mro.perh_1.0/obj/can_driver_stm32.o
LOAD build/org.mro.perh_1.0/obj/can_tx_queue.o
LOAD build/org.mro.perh_1.0/obj/can_helpers.o
LOAD build/org.mro.perh_1.0/obj/can.o
LOAD build/org.mro.perh_1.0/obj/can_autobaud.o
LOAD build/org.mro.perh_1.0/obj/uavcan.o
LOAD build/org.mro.perh_1.0/obj/uavcan_nodestatus_publisher.o
LOAD build/org.mro.perh_1.0/obj/uavcan_getnodeinfo_server.o
LOAD build/org.mro.perh_1.0/obj/uavcan_allocatee.o
LOAD build/org.mro.perh_1.0/obj/uavcan_restart.o
LOAD build/org.mro.perh_1.0/obj/freemem_check.o
LOAD build/org.mro.perh_1.0/obj/platform_stm32f103xB.o
LOAD build/org.mro.perh_1.0/obj/chprintf.o
LOAD build/org.mro.perh_1.0/obj/memstreams.o
LOAD build/org.mro.perh_1.0/obj/nullstreams.o

.param1

.param2
                0x20003f00                PROVIDE (_app_bl_shared_sec, ORIGIN (app_bl_shared))
                0x08000000                PROVIDE (_bl_flash_sec, ORIGIN (bl))
                0x08003000                PROVIDE (_bl_flash_sec_end, (ORIGIN (bl) + 0x3000))
                0x08003000                PROVIDE (_app_flash_sec, ORIGIN (app))
                0x0800f000                PROVIDE (_app_flash_sec_end, (ORIGIN (app) + 0xc000))
                0x0800f000                PROVIDE (_param1_flash_sec, ORIGIN (param1))
                0x0800f800                PROVIDE (_param1_flash_sec_end, (ORIGIN (param1) + 0x800))
                0x0800f800                PROVIDE (_param2_flash_sec, ORIGIN (param2))
                0x08010000                PROVIDE (_param2_flash_sec_end, (ORIGIN (param2) + 0x800))

.mstack         0x20000000      0x500
                0x20000000                . = ALIGN (0x8)
                0x20000000                __main_stack_base__ = .
                0x20000500                . = (. + __main_stack_size__)
 *fill*         0x20000000      0x500 
                0x20000500                . = ALIGN (0x8)
                0x20000500                __main_stack_end__ = .

.pstack         0x20000500      0x500
                0x20000500                __process_stack_base__ = .
                0x20000500                __main_thread_stack_base__ = .
                0x20000a00                . = (. + __process_stack_size__)
 *fill*         0x20000500      0x500 
                0x20000a00                . = ALIGN (0x8)
                0x20000a00                __process_stack_end__ = .
                0x20000a00                __main_thread_stack_end__ = .

.vectors        0x08003000      0x188
 *(.vectors)
 .vectors       0x08003000      0x160 /tmp/cctfh5J0.ltrans0.ltrans.o
                0x08003000                _vectors
 *(.app_descriptor)
 .app_descriptor
                0x08003160       0x28 /tmp/cctfh5J0.ltrans0.ltrans.o
                0x08003160                shared_app_descriptor

.xtors          0x08003188       0x38
                0x08003188                __init_array_start = .
 *(SORT(.init_array.*))
 .init_array.00130
                0x08003188        0x4 /tmp/cctfh5J0.ltrans3.ltrans.o
 .init_array.00133
                0x0800318c        0x4 /tmp/cctfh5J0.ltrans3.ltrans.o
 .init_array.00136
                0x08003190        0x8 /tmp/cctfh5J0.ltrans9.ltrans.o
 .init_array.00137
                0x08003198        0x4 /tmp/cctfh5J0.ltrans3.ltrans.o
 .init_array.00138
                0x0800319c        0x4 /tmp/cctfh5J0.ltrans9.ltrans.o
 .init_array.00142
                0x080031a0        0x4 /tmp/cctfh5J0.ltrans2.ltrans.o
 .init_array.00143
                0x080031a4        0x4 /tmp/cctfh5J0.ltrans1.ltrans.o
 .init_array.00148
                0x080031a8        0x4 /tmp/cctfh5J0.ltrans1.ltrans.o
 .init_array.00149
                0x080031ac       0x10 /tmp/cctfh5J0.ltrans0.ltrans.o
 .init_array.00152
                0x080031bc        0x4 /tmp/cctfh5J0.ltrans0.ltrans.o
 *(.init_array)
                0x080031c0                __init_array_end = .
                0x080031c0                __fini_array_start = .
 *(.fini_array)
 *(SORT(.fini_array.*))
                0x080031c0                __fini_array_end = .

.text           0x080031c0     0x9a8c
 *(.text)
 .text          0x080031c0       0xd4 build/org.mro.perh_1.0/obj/crt0_v7m.o
                0x080031c0                Reset_Handler
 .text          0x08003294       0x34 build/org.mro.perh_1.0/obj/chcoreasm_v7m.o
                0x08003294                _port_switch
                0x080032a4                _port_thread_start
                0x080032b8                _port_switch_from_isr
                0x080032c4                _port_exit_from_isr
 .text          0x080032c8       0x40 /home/markw/gcc-arm-none-eabi-4_9-2015q3/bin/../lib/gcc/arm-none-eabi/4.9.3/armv7-m/libgcc.a(_arm_fixunssfsi.o)
                0x080032c8                __aeabi_f2uiz
                0x080032c8                __fixunssfsi
 .text          0x08003308       0x30 /home/markw/gcc-arm-none-eabi-4_9-2015q3/bin/../lib/gcc/arm-none-eabi/4.9.3/armv7-m/libgcc.a(_aeabi_uldivmod.o)
                0x08003308                __aeabi_uldivmod
 .text          0x08003338       0x60 /home/markw/gcc-arm-none-eabi-4_9-2015q3/bin/../lib/gcc/arm-none-eabi/4.9.3/armv7-m/libgcc.a(bpabi.o)
                0x08003338                __gnu_ldivmod_helper
                0x08003368                __gnu_uldivmod_helper
 .text          0x08003398        0x4 /home/markw/gcc-arm-none-eabi-4_9-2015q3/bin/../lib/gcc/arm-none-eabi/4.9.3/armv7-m/libgcc.a(_dvmd_tls.o)
                0x08003398                __aeabi_ldiv0
                0x08003398                __aeabi_idiv0
 .text          0x0800339c      0x2ac /home/markw/gcc-arm-none-eabi-4_9-2015q3/bin/../lib/gcc/arm-none-eabi/4.9.3/armv7-m/libgcc.a(_divdi3.o)
                0x0800339c                __divdi3
 .text          0x08003648      0x270 /home/markw/gcc-arm-none-eabi-4_9-2015q3/bin/../lib/gcc/arm-none-eabi/4.9.3/armv7-m/libgcc.a(_udivdi3.o)
                0x08003648                __udivdi3
 .text          0x080038b8      0x21c /home/markw/gcc-arm-none-eabi-4_9-2015q3/bin/../lib/gcc/arm-none-eabi/4.9.3/armv7-m/libgcc.a(_arm_addsubsf3.o)
                0x080038b8                __aeabi_frsub
                0x080038c0                __subsf3
                0x080038c0                __aeabi_fsub
                0x080038c4                __aeabi_fadd
                0x080038c4                __addsf3
                0x08003a24                __aeabi_ui2f
                0x08003a24                __floatunsisf
                0x08003a2c                __aeabi_i2f
                0x08003a2c                __floatsisf
                0x08003a48                __floatundisf
                0x08003a48                __aeabi_ul2f
                0x08003a58                __floatdisf
                0x08003a58                __aeabi_l2f
 .text          0x08003ad4      0x2a0 /home/markw/gcc-arm-none-eabi-4_9-2015q3/bin/../lib/gcc/arm-none-eabi/4.9.3/armv7-m/libgcc.a(_arm_muldivsf3.o)
                0x08003ad4                __mulsf3
                0x08003ad4                __aeabi_fmul
                0x08003c3c                __divsf3
                0x08003c3c                __aeabi_fdiv
 *(.text.*)
 .text.stale_transfer_cleanup_task_func.lto_priv.52
                0x08003d74       0x38 /tmp/cctfh5J0.ltrans0.ltrans.o
                0x08003d74                stale_transfer_cleanup_task_func.lto_priv.52
 .text.uavcan_get_instance.lto_priv.71
                0x08003dac       0x48 /tmp/cctfh5J0.ltrans0.ltrans.o
                0x08003dac                uavcan_get_instance.lto_priv.71
 .text.uavcan_get_num_instances
                0x08003df4       0x38 /tmp/cctfh5J0.ltrans0.ltrans.o
 .text.uavcan_get_idx.lto_priv.73
                0x08003e2c       0x40 /tmp/cctfh5J0.ltrans0.ltrans.o
                0x08003e2c                uavcan_get_idx.lto_priv.73
 .text.convert_can_frame_to_CanardCANFrame.lto_priv.70
                0x08003e6c       0x88 /tmp/cctfh5J0.ltrans0.ltrans.o
                0x08003e6c                convert_can_frame_to_CanardCANFrame.lto_priv.70
 .text.uavcan_message_writer_func
                0x08003ef4       0x68 /tmp/cctfh5J0.ltrans0.ltrans.o
 .text.uavcan_on_transfer_rx.lto_priv.49
                0x08003f5c       0x94 /tmp/cctfh5J0.ltrans0.ltrans.o
                0x08003f5c                uavcan_on_transfer_rx.lto_priv.49
 .text.uavcan_should_accept_transfer.lto_priv.50
                0x08003ff0       0x8c /tmp/cctfh5J0.ltrans0.ltrans.o
                0x08003ff0                uavcan_should_accept_transfer.lto_priv.50
 .text.uavcan_transfer_id_map_init.lto_priv.74
                0x0800407c       0x40 /tmp/cctfh5J0.ltrans0.ltrans.o
                0x0800407c                uavcan_transfer_id_map_init.lto_priv.74
 .text.uavcan_transfer_id_map_retrieve.lto_priv.72
                0x080040bc      0x188 /tmp/cctfh5J0.ltrans0.ltrans.o
                0x080040bc                uavcan_transfer_id_map_retrieve.lto_priv.72
 .text.uavcan_nodestatus_publisher_get_nodestatus_message
                0x08004244       0x14 /tmp/cctfh5J0.ltrans0.ltrans.o
 .text._local_ctor_24
                0x08004258       0x50 /tmp/cctfh5J0.ltrans0.ltrans.o
 .text.node_status_publisher_task_func
                0x080042a8       0x2c /tmp/cctfh5J0.ltrans0.ltrans.o
 .text._local_ctor_26
                0x080042d4       0x38 /tmp/cctfh5J0.ltrans0.ltrans.o
 .text.getnodeinfo_req_handler
                0x0800430c       0xa4 /tmp/cctfh5J0.ltrans0.ltrans.o
 .text.chCoreAlloc
                0x080043b0       0x1c /tmp/cctfh5J0.ltrans0.ltrans.o
 .text._local_ctor_34
                0x080043cc       0x9c /tmp/cctfh5J0.ltrans0.ltrans.o
 .text.allocation_stop_and_cleanup
                0x08004468       0x2c /tmp/cctfh5J0.ltrans0.ltrans.o
 .text.allocation_timer_expired
                0x08004494       0xa4 /tmp/cctfh5J0.ltrans0.ltrans.o
 .text.allocation_message_handler
                0x08004538       0xa8 /tmp/cctfh5J0.ltrans0.ltrans.o
 .text.allocation_start_request_timer
                0x080045e0       0x9c /tmp/cctfh5J0.ltrans0.ltrans.o
 .text.allocation_start_followup_timer
                0x0800467c       0x8c /tmp/cctfh5J0.ltrans0.ltrans.o
 .text.allocation_running
                0x08004708       0x28 /tmp/cctfh5J0.ltrans0.ltrans.o
 .text.getRandomFloat
                0x08004730       0x90 /tmp/cctfh5J0.ltrans0.ltrans.o
 .text.NVIC_SystemReset
                0x080047c0       0x28 /tmp/cctfh5J0.ltrans0.ltrans.o
 .text.LL_MS2ST
                0x080047e8       0xc0 /tmp/cctfh5J0.ltrans0.ltrans.o
 .text._local_ctor_25
                0x080048a8       0x38 /tmp/cctfh5J0.ltrans0.ltrans.o
 .text.delayed_restart_func
                0x080048e0       0x14 /tmp/cctfh5J0.ltrans0.ltrans.o
 *fill*         0x080048f4        0x4 
 .text.restart_req_handler
                0x080048f8       0x84 /tmp/cctfh5J0.ltrans0.ltrans.o
 .text._local_ctor_14
                0x0800497c       0x24 /tmp/cctfh5J0.ltrans0.ltrans.o
 .text.__early_init
                0x080049a0        0xc /tmp/cctfh5J0.ltrans0.ltrans.o
                0x080049a0                __early_init
 .text.board_get_unique_id
                0x080049ac       0x64 /tmp/cctfh5J0.ltrans0.ltrans.o
 .text.can_free_tx_frames
                0x08004a10       0x3c /tmp/cctfh5J0.ltrans1.ltrans.o
                0x08004a10                can_free_tx_frames
 .text.can_driver_register
                0x08004a4c      0x168 /tmp/cctfh5J0.ltrans1.ltrans.o
                0x08004a4c                can_driver_register
 .text.can_try_enqueue_waiting_frame_I
                0x08004bb4      0x110 /tmp/cctfh5J0.ltrans1.ltrans.o
 .text.can_try_enqueue_waiting_frame.lto_priv.104
                0x08004cc4       0x1c /tmp/cctfh5J0.ltrans1.ltrans.o
                0x08004cc4                can_try_enqueue_waiting_frame.lto_priv.104
 .text.can_reschedule_expire_timer_I
                0x08004ce0       0xc0 /tmp/cctfh5J0.ltrans1.ltrans.o
 .text.can_reschedule_expire_timer.lto_priv.103
                0x08004da0       0x20 /tmp/cctfh5J0.ltrans1.ltrans.o
                0x08004da0                can_reschedule_expire_timer.lto_priv.103
 .text.can_tx_frame_completed_I
                0x08004dc0       0x68 /tmp/cctfh5J0.ltrans1.ltrans.o
 .text.can_tx_frame_completed
                0x08004e28       0x5c /tmp/cctfh5J0.ltrans1.ltrans.o
 .text.can_expire_handler
                0x08004e84       0xb4 /tmp/cctfh5J0.ltrans1.ltrans.o
 .text.can_driver_tx_request_complete_I
                0x08004f38       0x78 /tmp/cctfh5J0.ltrans1.ltrans.o
                0x08004f38                can_driver_tx_request_complete_I
 .text.can_fill_rx_frame_I
                0x08004fb0       0x34 /tmp/cctfh5J0.ltrans1.ltrans.o
 .text.can_driver_rx_frame_received_I
                0x08004fe4       0x4c /tmp/cctfh5J0.ltrans1.ltrans.o
                0x08004fe4                can_driver_rx_frame_received_I
 .text.LL_US2ST.lto_priv.55
                0x08005030       0xc4 /tmp/cctfh5J0.ltrans1.ltrans.o
 .text.is_baudrate_valid
                0x080050f4       0x40 /tmp/cctfh5J0.ltrans1.ltrans.o
 .text._local_ctor_37
                0x08005134      0x104 /tmp/cctfh5J0.ltrans1.ltrans.o
 .text.autobaud_timer_task_func
                0x08005238       0x9c /tmp/cctfh5J0.ltrans1.ltrans.o
 .text.port_lock
                0x080052d4       0x1c /tmp/cctfh5J0.ltrans1.ltrans.o
 .text.port_unlock
                0x080052f0       0x1c /tmp/cctfh5J0.ltrans1.ltrans.o
 .text.chSysLock.lto_priv.62
                0x0800530c       0x10 /tmp/cctfh5J0.ltrans1.ltrans.o
 .text.chSysUnlock.lto_priv.59
                0x0800531c       0x38 /tmp/cctfh5J0.ltrans1.ltrans.o
 .text.LL_US2ST.lto_priv.56
                0x08005354       0xc4 /tmp/cctfh5J0.ltrans1.ltrans.o
 .text.chCoreAllocAlignedI.lto_priv.3
                0x08005418       0x20 /tmp/cctfh5J0.ltrans1.ltrans.o
                0x08005418                chCoreAllocAlignedI.lto_priv.3
 .text.chCoreAlloc.lto_priv.54
                0x08005438       0x1c /tmp/cctfh5J0.ltrans1.ltrans.o
 .text._local_ctor_100
                0x08005454       0x3c /tmp/cctfh5J0.ltrans1.ltrans.o
 .text.uavcan_init
                0x08005490      0x154 /tmp/cctfh5J0.ltrans1.ltrans.o
 .text.uavcan_iterate_instances.lto_priv.47
                0x080055e4       0x4c /tmp/cctfh5J0.ltrans1.ltrans.o
                0x080055e4                uavcan_iterate_instances.lto_priv.47
 .text._uavcan_get_message_topic
                0x08005630       0xa8 /tmp/cctfh5J0.ltrans1.ltrans.o
 .text.uavcan_get_message_topic
                0x080056d8       0x28 /tmp/cctfh5J0.ltrans1.ltrans.o
                0x080056d8                uavcan_get_message_topic
 .text._uavcan_get_message_data_type_id.lto_priv.46
                0x08005700       0x24 /tmp/cctfh5J0.ltrans1.ltrans.o
                0x08005700                _uavcan_get_message_data_type_id.lto_priv.46
 .text._uavcan_get_node_id
                0x08005724       0x34 /tmp/cctfh5J0.ltrans1.ltrans.o
 .text.uavcan_get_node_id
                0x08005758       0x24 /tmp/cctfh5J0.ltrans1.ltrans.o
                0x08005758                uavcan_get_node_id
 .text._uavcan_set_node_id
                0x0800577c       0x48 /tmp/cctfh5J0.ltrans1.ltrans.o
 .text.uavcan_set_node_id
                0x080057c4       0x2c /tmp/cctfh5J0.ltrans1.ltrans.o
                0x080057c4                uavcan_set_node_id
 .text.copy_bit_array
                0x080057f0       0x7c /tmp/cctfh5J0.ltrans1.ltrans.o
 .text.uavcan_transmit_chunk_handler
                0x0800586c       0xe4 /tmp/cctfh5J0.ltrans1.ltrans.o
 .text._uavcan_send
                0x08005950      0x344 /tmp/cctfh5J0.ltrans1.ltrans.o
 .text.uavcan_broadcast
                0x08005c94       0x88 /tmp/cctfh5J0.ltrans1.ltrans.o
                0x08005c94                uavcan_broadcast
 .text.uavcan_respond
                0x08005d1c       0x68 /tmp/cctfh5J0.ltrans1.ltrans.o
                0x08005d1c                uavcan_respond
 .text.uavcan_can_rx_handler
                0x08005d84       0x60 /tmp/cctfh5J0.ltrans1.ltrans.o
 .text.worker_thread_publisher_task_publish_I
                0x08005de4       0x84 /tmp/cctfh5J0.ltrans2.ltrans.o
                0x08005de4                worker_thread_publisher_task_publish_I
 .text.worker_thread_takeover
                0x08005e68      0x158 /tmp/cctfh5J0.ltrans2.ltrans.o
                0x08005e68                worker_thread_takeover
 .text.worker_thread_func.lto_priv.111
                0x08005fc0       0x18 /tmp/cctfh5J0.ltrans2.ltrans.o
                0x08005fc0                worker_thread_func.lto_priv.111
 .text.worker_thread_wake_I.lto_priv.136
                0x08005fd8       0x20 /tmp/cctfh5J0.ltrans2.ltrans.o
                0x08005fd8                worker_thread_wake_I.lto_priv.136
 .text.worker_thread_wake.lto_priv.134
                0x08005ff8       0x1c /tmp/cctfh5J0.ltrans2.ltrans.o
                0x08005ff8                worker_thread_wake.lto_priv.134
 .text.worker_thread_init_timer_task.lto_priv.138
                0x08006014       0x44 /tmp/cctfh5J0.ltrans2.ltrans.o
                0x08006014                worker_thread_init_timer_task.lto_priv.138
 .text.worker_thread_timer_task_is_registered_I
                0x08006058       0x38 /tmp/cctfh5J0.ltrans2.ltrans.o
 .text.worker_thread_insert_timer_task_I.lto_priv.137
                0x08006090       0x80 /tmp/cctfh5J0.ltrans2.ltrans.o
                0x08006090                worker_thread_insert_timer_task_I.lto_priv.137
 .text.worker_thread_get_ticks_to_timer_task_I
                0x08006110       0x54 /tmp/cctfh5J0.ltrans2.ltrans.o
 .text.worker_thread_publisher_task_is_registered_I.lto_priv.133
                0x08006164       0x38 /tmp/cctfh5J0.ltrans2.ltrans.o
                0x08006164                worker_thread_publisher_task_is_registered_I.lto_priv.133
 .text.worker_thread_get_any_publisher_task_due_I
                0x0800619c       0x40 /tmp/cctfh5J0.ltrans2.ltrans.o
 .text.worker_thread_listener_task_is_registered_I
                0x080061dc       0x38 /tmp/cctfh5J0.ltrans2.ltrans.o
 .text.worker_thread_listener_task_is_registered.lto_priv.135
                0x08006214       0x28 /tmp/cctfh5J0.ltrans2.ltrans.o
                0x08006214                worker_thread_listener_task_is_registered.lto_priv.135
 .text.worker_thread_get_any_listener_task_due_I
                0x0800623c       0x3c /tmp/cctfh5J0.ltrans2.ltrans.o
 .text.port_lock.lto_priv.86
                0x08006278       0x1c /tmp/cctfh5J0.ltrans2.ltrans.o
 .text.port_unlock.lto_priv.83
                0x08006294       0x1c /tmp/cctfh5J0.ltrans2.ltrans.o
 .text.port_lock_from_isr
                0x080062b0        0xc /tmp/cctfh5J0.ltrans2.ltrans.o
 .text.port_unlock_from_isr
                0x080062bc        0xc /tmp/cctfh5J0.ltrans2.ltrans.o
 .text.st_lld_get_counter.lto_priv.80
                0x080062c8       0x18 /tmp/cctfh5J0.ltrans2.ltrans.o
 .text.port_timer_get_time.lto_priv.77
                0x080062e0       0x10 /tmp/cctfh5J0.ltrans2.ltrans.o
 .text.chSysLockFromISR
                0x080062f0       0x10 /tmp/cctfh5J0.ltrans2.ltrans.o
 .text.chSysUnlockFromISR
                0x08006300       0x10 /tmp/cctfh5J0.ltrans2.ltrans.o
 .text.chVTGetSystemTimeX.lto_priv.90
                0x08006310       0x10 /tmp/cctfh5J0.ltrans2.ltrans.o
 .text._local_ctor_41
                0x08006320       0x38 /tmp/cctfh5J0.ltrans2.ltrans.o
 .text.can_driver_stm32_start.lto_priv.14
                0x08006358      0x234 /tmp/cctfh5J0.ltrans2.ltrans.o
                0x08006358                can_driver_stm32_start.lto_priv.14
 .text.can_driver_stm32_stop.lto_priv.15
                0x0800658c       0x48 /tmp/cctfh5J0.ltrans2.ltrans.o
                0x0800658c                can_driver_stm32_stop.lto_priv.15
 .text.can_driver_stm32_abort_tx_mailbox_I
                0x080065d4       0x54 /tmp/cctfh5J0.ltrans2.ltrans.o
                0x080065d4                can_driver_stm32_abort_tx_mailbox_I
 .text.can_driver_stm32_load_tx_mailbox_I
                0x08006628       0xb0 /tmp/cctfh5J0.ltrans2.ltrans.o
                0x08006628                can_driver_stm32_load_tx_mailbox_I
 .text.can_driver_stm32_retreive_rx_frame_I
                0x080066d8       0xb0 /tmp/cctfh5J0.ltrans2.ltrans.o
 .text.stm32_can_rx_handler
                0x08006788       0xb0 /tmp/cctfh5J0.ltrans2.ltrans.o
 .text.stm32_can_tx_handler
                0x08006838       0xcc /tmp/cctfh5J0.ltrans2.ltrans.o
 .text.Vector8C
                0x08006904       0x1c /tmp/cctfh5J0.ltrans2.ltrans.o
                0x08006904                Vector8C
 .text.Vector90
                0x08006920       0x1c /tmp/cctfh5J0.ltrans2.ltrans.o
                0x08006920                Vector90
 .text.port_lock.lto_priv.87
                0x0800693c       0x1c /tmp/cctfh5J0.ltrans2.ltrans.o
 .text.port_unlock.lto_priv.84
                0x08006958       0x1c /tmp/cctfh5J0.ltrans2.ltrans.o
 .text.chSysLock.lto_priv.99
                0x08006974       0x10 /tmp/cctfh5J0.ltrans2.ltrans.o
 .text.chSysUnlock.lto_priv.97
                0x08006984       0x38 /tmp/cctfh5J0.ltrans2.ltrans.o
 .text.can_tx_queue_init
                0x080069bc       0x1c /tmp/cctfh5J0.ltrans2.ltrans.o
                0x080069bc                can_tx_queue_init
 .text.can_tx_queue_push_I
                0x080069d8       0x6c /tmp/cctfh5J0.ltrans2.ltrans.o
 .text.can_tx_queue_push
                0x08006a44       0x20 /tmp/cctfh5J0.ltrans2.ltrans.o
 .text.can_tx_queue_iterate_I
                0x08006a64       0x5c /tmp/cctfh5J0.ltrans2.ltrans.o
                0x08006a64                can_tx_queue_iterate_I
 .text.can_tx_queue_peek_I
                0x08006ac0       0x18 /tmp/cctfh5J0.ltrans2.ltrans.o
                0x08006ac0                can_tx_queue_peek_I
 .text.can_tx_queue_pop_I
                0x08006ad8       0x24 /tmp/cctfh5J0.ltrans2.ltrans.o
                0x08006ad8                can_tx_queue_pop_I
 .text.can_tx_queue_pop_expired_I
                0x08006afc       0x60 /tmp/cctfh5J0.ltrans2.ltrans.o
 .text.can_tx_queue_pop_expired
                0x08006b5c       0x24 /tmp/cctfh5J0.ltrans2.ltrans.o
                0x08006b5c                can_tx_queue_pop_expired
 .text.can_tx_queue_frame_exists_in_queue
                0x08006b80       0x38 /tmp/cctfh5J0.ltrans2.ltrans.o
 .text.st_lld_get_counter.lto_priv.81
                0x08006bb8       0x18 /tmp/cctfh5J0.ltrans2.ltrans.o
 .text.port_timer_get_time.lto_priv.78
                0x08006bd0       0x10 /tmp/cctfh5J0.ltrans2.ltrans.o
 .text.chVTGetSystemTimeX.lto_priv.91
                0x08006be0       0x10 /tmp/cctfh5J0.ltrans2.ltrans.o
 .text.can_tx_frame_expired_X
                0x08006bf0       0x2c /tmp/cctfh5J0.ltrans2.ltrans.o
                0x08006bf0                can_tx_frame_expired_X
 .text.can_tx_frame_time_until_expire_X
                0x08006c1c       0x4c /tmp/cctfh5J0.ltrans2.ltrans.o
                0x08006c1c                can_tx_frame_time_until_expire_X
 .text.can_get_frame_priority_X
                0x08006c68       0xa0 /tmp/cctfh5J0.ltrans2.ltrans.o
 .text.can_get_tx_frame_priority_X
                0x08006d08       0x1c /tmp/cctfh5J0.ltrans2.ltrans.o
                0x08006d08                can_get_tx_frame_priority_X
 .text.port_lock.lto_priv.88
                0x08006d24       0x1c /tmp/cctfh5J0.ltrans2.ltrans.o
 .text.port_unlock.lto_priv.85
                0x08006d40       0x1c /tmp/cctfh5J0.ltrans2.ltrans.o
 .text.st_lld_get_counter.lto_priv.82
                0x08006d5c       0x18 /tmp/cctfh5J0.ltrans2.ltrans.o
 .text.port_timer_get_time.lto_priv.79
                0x08006d74       0x10 /tmp/cctfh5J0.ltrans2.ltrans.o
 .text.chSysLock.lto_priv.61
                0x08006d84       0x10 /tmp/cctfh5J0.ltrans2.ltrans.o
                0x08006d84                chSysLock.lto_priv.61
 .text.chSysUnlock.lto_priv.58
                0x08006d94       0x38 /tmp/cctfh5J0.ltrans2.ltrans.o
                0x08006d94                chSysUnlock.lto_priv.58
 .text.chVTGetSystemTimeX.lto_priv.75
                0x08006dcc       0x10 /tmp/cctfh5J0.ltrans2.ltrans.o
                0x08006dcc                chVTGetSystemTimeX.lto_priv.75
 .text.chCoreAllocAlignedI.lto_priv.2
                0x08006ddc       0x20 /tmp/cctfh5J0.ltrans2.ltrans.o
                0x08006ddc                chCoreAllocAlignedI.lto_priv.2
 .text.chCoreAlloc.lto_priv.53
                0x08006dfc       0x1c /tmp/cctfh5J0.ltrans2.ltrans.o
                0x08006dfc                chCoreAlloc.lto_priv.53
 .text.can_iterate_instances
                0x08006e18       0x50 /tmp/cctfh5J0.ltrans2.ltrans.o
                0x08006e18                can_iterate_instances
 .text.can_get_instance
                0x08006e68       0x40 /tmp/cctfh5J0.ltrans2.ltrans.o
                0x08006e68                can_get_instance
 .text.can_get_rx_topic
                0x08006ea8       0x30 /tmp/cctfh5J0.ltrans2.ltrans.o
                0x08006ea8                can_get_rx_topic
 .text.can_set_silent_mode
                0x08006ed8       0x44 /tmp/cctfh5J0.ltrans2.ltrans.o
                0x08006ed8                can_set_silent_mode
 .text.can_set_auto_retransmit_mode
                0x08006f1c       0x44 /tmp/cctfh5J0.ltrans2.ltrans.o
                0x08006f1c                can_set_auto_retransmit_mode
 .text.can_set_baudrate
                0x08006f60       0x44 /tmp/cctfh5J0.ltrans2.ltrans.o
                0x08006f60                can_set_baudrate
 .text.can_get_baudrate_confirmed
                0x08006fa4       0x24 /tmp/cctfh5J0.ltrans2.ltrans.o
                0x08006fa4                can_get_baudrate_confirmed
 .text.can_start_I
                0x08006fc8       0x70 /tmp/cctfh5J0.ltrans2.ltrans.o
 .text.can_start
                0x08007038       0x30 /tmp/cctfh5J0.ltrans2.ltrans.o
                0x08007038                can_start
 .text.can_stop_I
                0x08007068       0x30 /tmp/cctfh5J0.ltrans2.ltrans.o
 .text.can_allocate_tx_frame_and_append_I
                0x08007098       0x60 /tmp/cctfh5J0.ltrans2.ltrans.o
 .text.can_allocate_tx_frame_and_append
                0x080070f8       0x28 /tmp/cctfh5J0.ltrans2.ltrans.o
                0x080070f8                can_allocate_tx_frame_and_append
 .text.can_enqueue_tx_frames
                0x08007120       0x7c /tmp/cctfh5J0.ltrans2.ltrans.o
                0x08007120                can_enqueue_tx_frames
 .text.crc16_ccitt
                0x0800719c       0x78 /tmp/cctfh5J0.ltrans3.ltrans.o
                0x0800719c                crc16_ccitt
 .text._local_ctor_5.lto_priv.131
                0x08007214        0xc /tmp/cctfh5J0.ltrans3.ltrans.o
 .text._local_ctor_5.lto_priv.132
                0x08007220        0xc /tmp/cctfh5J0.ltrans3.ltrans.o
 .text.st_lld_get_counter.lto_priv.116
                0x0800722c       0x18 /tmp/cctfh5J0.ltrans3.ltrans.o
 .text.port_timer_get_time.lto_priv.113
                0x08007244       0x10 /tmp/cctfh5J0.ltrans3.ltrans.o
 .text.chVTGetSystemTimeX.lto_priv.124
                0x08007254       0x10 /tmp/cctfh5J0.ltrans3.ltrans.o
 .text._local_ctor_39
                0x08007264       0x2c /tmp/cctfh5J0.ltrans3.ltrans.o
 .text.micros   0x08007290       0x70 /tmp/cctfh5J0.ltrans3.ltrans.o
                0x08007290                micros
 .text.micros64
                0x08007300       0xbc /tmp/cctfh5J0.ltrans3.ltrans.o
                0x08007300                micros64
 .text.timing_state_update_task_func
                0x080073bc       0xb8 /tmp/cctfh5J0.ltrans3.ltrans.o
 .text.system_get_restart_allowed
                0x08007474       0x2c /tmp/cctfh5J0.ltrans3.ltrans.o
                0x08007474                system_get_restart_allowed
 .text.fifoallocator_init
                0x080074a0       0x3c /tmp/cctfh5J0.ltrans3.ltrans.o
 .text.fifoallocator_allocate
                0x080074dc      0x100 /tmp/cctfh5J0.ltrans3.ltrans.o
 .text.fifoallocator_peek_oldest
                0x080075dc       0x2c /tmp/cctfh5J0.ltrans3.ltrans.o
 .text.fifoallocator_get_block_size
                0x08007608       0x24 /tmp/cctfh5J0.ltrans3.ltrans.o
 .text.fifoallocator_pop_oldest
                0x0800762c       0x3c /tmp/cctfh5J0.ltrans3.ltrans.o
 .text.fifoallocator_block_in_range
                0x08007668       0x58 /tmp/cctfh5J0.ltrans3.ltrans.o
 .text.port_lock.lto_priv.121
                0x080076c0       0x1c /tmp/cctfh5J0.ltrans3.ltrans.o
 .text.port_unlock.lto_priv.119
                0x080076dc       0x1c /tmp/cctfh5J0.ltrans3.ltrans.o
 .text.chSysLock
                0x080076f8       0x10 /tmp/cctfh5J0.ltrans3.ltrans.o
 .text.chSysUnlock
                0x08007708       0x38 /tmp/cctfh5J0.ltrans3.ltrans.o
 .text.pubsub_create_topic_group
                0x08007740       0x2c /tmp/cctfh5J0.ltrans3.ltrans.o
                0x08007740                pubsub_create_topic_group
 .text.pubsub_init_topic
                0x0800776c       0x3c /tmp/cctfh5J0.ltrans3.ltrans.o
                0x0800776c                pubsub_init_topic
 .text.pubsub_listener_init_and_register
                0x080077a8       0x88 /tmp/cctfh5J0.ltrans3.ltrans.o
 .text.pubsub_listener_unregister
                0x08007830       0x54 /tmp/cctfh5J0.ltrans3.ltrans.o
 .text.pubsub_listener_has_message
                0x08007884       0x24 /tmp/cctfh5J0.ltrans3.ltrans.o
                0x08007884                pubsub_listener_has_message
 .text.pubsub_copy_writer_func
                0x080078a8       0x1c /tmp/cctfh5J0.ltrans3.ltrans.o
                0x080078a8                pubsub_copy_writer_func
 .text.pubsub_delete_message_S
                0x080078c4       0x74 /tmp/cctfh5J0.ltrans3.ltrans.o
 .text.pubsub_publish_message
                0x08007938      0x118 /tmp/cctfh5J0.ltrans3.ltrans.o
                0x08007938                pubsub_publish_message
 .text.pubsub_listener_handle_one_timeout
                0x08007a50       0x24 /tmp/cctfh5J0.ltrans3.ltrans.o
                0x08007a50                pubsub_listener_handle_one_timeout
 .text.pubsub_multiple_listener_handle_one_timeout
                0x08007a74       0x84 /tmp/cctfh5J0.ltrans3.ltrans.o
 .text.pubsub_listener_set_waiting_thread_reference
                0x08007af8       0x20 /tmp/cctfh5J0.ltrans3.ltrans.o
 .text.pubsub_multiple_listener_wait_timeout_S
                0x08007b18      0x128 /tmp/cctfh5J0.ltrans3.ltrans.o
 .text.port_lock.lto_priv.122
                0x08007c40       0x1c /tmp/cctfh5J0.ltrans3.ltrans.o
 .text.port_unlock.lto_priv.120
                0x08007c5c       0x1c /tmp/cctfh5J0.ltrans3.ltrans.o
 .text.st_lld_get_counter.lto_priv.118
                0x08007c78       0x18 /tmp/cctfh5J0.ltrans3.ltrans.o
 .text.port_timer_get_time.lto_priv.115
                0x08007c90       0x10 /tmp/cctfh5J0.ltrans3.ltrans.o
 .text.chSysLock.lto_priv.98
                0x08007ca0       0x10 /tmp/cctfh5J0.ltrans3.ltrans.o
                0x08007ca0                chSysLock.lto_priv.98
 .text.chSysUnlock.lto_priv.96
                0x08007cb0       0x38 /tmp/cctfh5J0.ltrans3.ltrans.o
                0x08007cb0                chSysUnlock.lto_priv.96
 .text.chVTGetSystemTimeX.lto_priv.89
                0x08007ce8       0x10 /tmp/cctfh5J0.ltrans3.ltrans.o
                0x08007ce8                chVTGetSystemTimeX.lto_priv.89
 .text.chThdGetSelfX.lto_priv.106
                0x08007cf8       0x18 /tmp/cctfh5J0.ltrans3.ltrans.o
                0x08007cf8                chThdGetSelfX.lto_priv.106
 .text.chRegSetThreadName.lto_priv.107
                0x08007d10       0x20 /tmp/cctfh5J0.ltrans3.ltrans.o
                0x08007d10                chRegSetThreadName.lto_priv.107
 .text.chMBGetUsedCountI.lto_priv.105
                0x08007d30       0x18 /tmp/cctfh5J0.ltrans3.ltrans.o
                0x08007d30                chMBGetUsedCountI.lto_priv.105
 .text.chCoreAllocAligned
                0x08007d48       0x28 /tmp/cctfh5J0.ltrans3.ltrans.o
 .text.chCoreAllocI
                0x08007d70       0x1c /tmp/cctfh5J0.ltrans3.ltrans.o
 .text.chPoolAddI
                0x08007d8c       0x1c /tmp/cctfh5J0.ltrans3.ltrans.o
 .text.worker_thread_init
                0x08007da8       0x4c /tmp/cctfh5J0.ltrans3.ltrans.o
                0x08007da8                worker_thread_init
 .text.worker_thread_start
                0x08007df4       0x7c /tmp/cctfh5J0.ltrans3.ltrans.o
                0x08007df4                worker_thread_start
 .text._worker_thread_add_timer_task_no_wake_I
                0x08007e70       0x40 /tmp/cctfh5J0.ltrans3.ltrans.o
 .text.worker_thread_add_timer_task
                0x08007eb0       0x38 /tmp/cctfh5J0.ltrans3.ltrans.o
                0x08007eb0                worker_thread_add_timer_task
 .text._worker_thread_timer_task_reschedule_no_wake_I
                0x08007ee8       0x3c /tmp/cctfh5J0.ltrans3.ltrans.o
 .text.worker_thread_timer_task_reschedule_I
                0x08007f24       0x2c /tmp/cctfh5J0.ltrans3.ltrans.o
                0x08007f24                worker_thread_timer_task_reschedule_I
 .text.worker_thread_timer_task_reschedule
                0x08007f50       0x30 /tmp/cctfh5J0.ltrans3.ltrans.o
                0x08007f50                worker_thread_timer_task_reschedule
 .text.worker_thread_remove_timer_task_I
                0x08007f80       0x48 /tmp/cctfh5J0.ltrans3.ltrans.o
 .text.worker_thread_remove_timer_task
                0x08007fc8       0x20 /tmp/cctfh5J0.ltrans3.ltrans.o
                0x08007fc8                worker_thread_remove_timer_task
 .text.worker_thread_task_get_user_context
                0x08007fe8       0x24 /tmp/cctfh5J0.ltrans3.ltrans.o
                0x08007fe8                worker_thread_task_get_user_context
 .text.worker_thread_add_listener_task
                0x0800800c       0x7c /tmp/cctfh5J0.ltrans3.ltrans.o
                0x0800800c                worker_thread_add_listener_task
 .text.worker_thread_remove_listener_task
                0x08008088       0x54 /tmp/cctfh5J0.ltrans3.ltrans.o
                0x08008088                worker_thread_remove_listener_task
 .text.worker_thread_add_publisher_task_I
                0x080080dc       0xbc /tmp/cctfh5J0.ltrans3.ltrans.o
 .text.worker_thread_add_publisher_task
                0x08008198       0x28 /tmp/cctfh5J0.ltrans3.ltrans.o
                0x08008198                worker_thread_add_publisher_task
 .text.st_lld_start_alarm
                0x080081c0       0x2c /tmp/cctfh5J0.ltrans4.ltrans.o
 .text.st_lld_stop_alarm
                0x080081ec       0x14 /tmp/cctfh5J0.ltrans4.ltrans.o
 .text.st_lld_set_alarm
                0x08008200       0x1c /tmp/cctfh5J0.ltrans4.ltrans.o
 .text.st_lld_is_alarm_active
                0x0800821c       0x24 /tmp/cctfh5J0.ltrans4.ltrans.o
 .text.stInit   0x08008240        0xc /tmp/cctfh5J0.ltrans4.ltrans.o
                0x08008240                stInit
 .text.stStartAlarm
                0x0800824c       0x2c /tmp/cctfh5J0.ltrans4.ltrans.o
                0x0800824c                stStartAlarm
 .text.stStopAlarm
                0x08008278        0xc /tmp/cctfh5J0.ltrans4.ltrans.o
                0x08008278                stStopAlarm
 .text.stSetAlarm
                0x08008284       0x34 /tmp/cctfh5J0.ltrans4.ltrans.o
                0x08008284                stSetAlarm
 .text.nvicEnableVector
                0x080082b8       0x5c /tmp/cctfh5J0.ltrans4.ltrans.o
                0x080082b8                nvicEnableVector
 .text.nvicDisableVector
                0x08008314       0x3c /tmp/cctfh5J0.ltrans4.ltrans.o
                0x08008314                nvicDisableVector
 .text.hal_lld_backup_domain_init
                0x08008350       0x1c /tmp/cctfh5J0.ltrans4.ltrans.o
 .text.hal_lld_init
                0x0800836c       0x4c /tmp/cctfh5J0.ltrans4.ltrans.o
                0x0800836c                hal_lld_init
 .text.stm32_clock_init
                0x080083b8       0xb0 /tmp/cctfh5J0.ltrans4.ltrans.o
                0x080083b8                stm32_clock_init
 .text._pal_lld_init
                0x08008468       0x98 /tmp/cctfh5J0.ltrans4.ltrans.o
                0x08008468                _pal_lld_init
 .text._pal_lld_setgroupmode
                0x08008500       0xd8 /tmp/cctfh5J0.ltrans4.ltrans.o
                0x08008500                _pal_lld_setgroupmode
 .text.port_lock
                0x080085d8       0x1c /tmp/cctfh5J0.ltrans4.ltrans.o
 .text.port_unlock
                0x080085f4       0x1c /tmp/cctfh5J0.ltrans4.ltrans.o
 .text.port_lock_from_isr
                0x08008610        0xc /tmp/cctfh5J0.ltrans4.ltrans.o
 .text.port_unlock_from_isr
                0x0800861c        0xc /tmp/cctfh5J0.ltrans4.ltrans.o
 .text.chSysLockFromISR
                0x08008628       0x10 /tmp/cctfh5J0.ltrans4.ltrans.o
 .text.chSysUnlockFromISR
                0x08008638       0x10 /tmp/cctfh5J0.ltrans4.ltrans.o
 .text.osalSysLockFromISR
                0x08008648        0xc /tmp/cctfh5J0.ltrans4.ltrans.o
 .text.osalSysUnlockFromISR
                0x08008654        0xc /tmp/cctfh5J0.ltrans4.ltrans.o
 .text.osalOsTimerHandlerI
                0x08008660        0xc /tmp/cctfh5J0.ltrans4.ltrans.o
 .text.VectorB0
                0x0800866c       0x34 /tmp/cctfh5J0.ltrans4.ltrans.o
                0x0800866c                VectorB0
 .text.st_lld_init
                0x080086a0       0x74 /tmp/cctfh5J0.ltrans4.ltrans.o
 .text.boardInit
                0x08008714        0xc /tmp/cctfh5J0.ltrans4.ltrans.o
                0x08008714                boardInit
 .text.param_struct_valid
                0x08008720       0x54 /tmp/cctfh5J0.ltrans4.ltrans.o
 .text.shared_get_parameters
                0x08008774       0xa0 /tmp/cctfh5J0.ltrans4.ltrans.o
                0x08008774                shared_get_parameters
 *fill*         0x08008814        0x4 
 .text.crc64_we
                0x08008818       0xc0 /tmp/cctfh5J0.ltrans4.ltrans.o
 .text.chMBFetch
                0x080088d8       0x30 /tmp/cctfh5J0.ltrans5.ltrans.o
                0x080088d8                chMBFetch
 .text.chMBFetchS
                0x08008908       0xa8 /tmp/cctfh5J0.ltrans5.ltrans.o
 .text.port_lock.lto_priv.179
                0x080089b0       0x1c /tmp/cctfh5J0.ltrans5.ltrans.o
 .text.port_unlock.lto_priv.174
                0x080089cc       0x1c /tmp/cctfh5J0.ltrans5.ltrans.o
 .text.chSysLock.lto_priv.164
                0x080089e8       0x10 /tmp/cctfh5J0.ltrans5.ltrans.o
 .text.chSysUnlock.lto_priv.159
                0x080089f8       0x38 /tmp/cctfh5J0.ltrans5.ltrans.o
 .text._core_init
                0x08008a30       0x24 /tmp/cctfh5J0.ltrans5.ltrans.o
                0x08008a30                _core_init
 .text.chCoreAllocAlignedWithOffsetI
                0x08008a54       0x88 /tmp/cctfh5J0.ltrans5.ltrans.o
                0x08008a54                chCoreAllocAlignedWithOffsetI
 .text.chCoreAllocAlignedWithOffset
                0x08008adc       0x2c /tmp/cctfh5J0.ltrans5.ltrans.o
                0x08008adc                chCoreAllocAlignedWithOffset
 .text.chCoreGetStatusX
                0x08008b08       0x20 /tmp/cctfh5J0.ltrans5.ltrans.o
                0x08008b08                chCoreGetStatusX
 .text.port_lock.lto_priv.180
                0x08008b28       0x1c /tmp/cctfh5J0.ltrans5.ltrans.o
 .text.port_unlock.lto_priv.175
                0x08008b44       0x1c /tmp/cctfh5J0.ltrans5.ltrans.o
 .text.chSysLock.lto_priv.165
                0x08008b60       0x10 /tmp/cctfh5J0.ltrans5.ltrans.o
 .text.chSysUnlock.lto_priv.160
                0x08008b70       0x38 /tmp/cctfh5J0.ltrans5.ltrans.o
 .text.chPoolAdd
                0x08008ba8       0x18 /tmp/cctfh5J0.ltrans5.ltrans.o
 .text.chPoolObjectInit
                0x08008bc0       0x3c /tmp/cctfh5J0.ltrans5.ltrans.o
                0x08008bc0                chPoolObjectInit
 .text.chPoolLoadArray
                0x08008bfc       0x48 /tmp/cctfh5J0.ltrans5.ltrans.o
                0x08008bfc                chPoolLoadArray
 .text.chPoolAllocI
                0x08008c44       0x58 /tmp/cctfh5J0.ltrans5.ltrans.o
                0x08008c44                chPoolAllocI
 .text.chPoolAlloc
                0x08008c9c       0x24 /tmp/cctfh5J0.ltrans5.ltrans.o
                0x08008c9c                chPoolAlloc
 .text.chPoolFreeI
                0x08008cc0       0x3c /tmp/cctfh5J0.ltrans5.ltrans.o
                0x08008cc0                chPoolFreeI
 .text.chPoolFree
                0x08008cfc       0x20 /tmp/cctfh5J0.ltrans5.ltrans.o
                0x08008cfc                chPoolFree
 .text.port_lock.lto_priv.181
                0x08008d1c       0x1c /tmp/cctfh5J0.ltrans5.ltrans.o
 .text.port_unlock.lto_priv.176
                0x08008d38       0x1c /tmp/cctfh5J0.ltrans5.ltrans.o
 .text.port_lock_from_isr
                0x08008d54        0xc /tmp/cctfh5J0.ltrans5.ltrans.o
 .text.port_unlock_from_isr
                0x08008d60        0xc /tmp/cctfh5J0.ltrans5.ltrans.o
 .text.SVC_Handler
                0x08008d6c       0x2c /tmp/cctfh5J0.ltrans5.ltrans.o
                0x08008d6c                SVC_Handler
 .text._port_irq_epilogue
                0x08008d98       0x68 /tmp/cctfh5J0.ltrans5.ltrans.o
                0x08008d98                _port_irq_epilogue
 .text.osalInit
                0x08008e00        0xc /tmp/cctfh5J0.ltrans5.ltrans.o
 .text.halInit  0x08008e0c       0x1c /tmp/cctfh5J0.ltrans5.ltrans.o
                0x08008e0c                halInit
 .text.chThdDoDequeueNextI
                0x08008e28       0x50 /tmp/cctfh5J0.ltrans6.ltrans.o
 .text._thread_init
                0x08008e78       0x6c /tmp/cctfh5J0.ltrans6.ltrans.o
                0x08008e78                _thread_init
 .text.chThdCreateSuspendedI
                0x08008ee4       0xc4 /tmp/cctfh5J0.ltrans6.ltrans.o
 .text.chThdCreate
                0x08008fa8       0x44 /tmp/cctfh5J0.ltrans6.ltrans.o
                0x08008fa8                chThdCreate
 .text.chThdExit
                0x08008fec       0x18 /tmp/cctfh5J0.ltrans6.ltrans.o
                0x08008fec                chThdExit
 .text.chThdExitS
                0x08009004       0x4c /tmp/cctfh5J0.ltrans6.ltrans.o
 .text.chThdSetPriority
                0x08009050       0x68 /tmp/cctfh5J0.ltrans6.ltrans.o
                0x08009050                chThdSetPriority
 .text.chThdSuspendTimeoutS
                0x080090b8       0x50 /tmp/cctfh5J0.ltrans6.ltrans.o
                0x080090b8                chThdSuspendTimeoutS
 .text.chThdResumeI
                0x08009108       0x44 /tmp/cctfh5J0.ltrans6.ltrans.o
                0x08009108                chThdResumeI
 .text.chThdResumeS
                0x0800914c       0x40 /tmp/cctfh5J0.ltrans6.ltrans.o
                0x0800914c                chThdResumeS
 .text.chThdResume
                0x0800918c       0x20 /tmp/cctfh5J0.ltrans6.ltrans.o
                0x0800918c                chThdResume
 .text.chThdEnqueueTimeoutS
                0x080091ac       0x3c /tmp/cctfh5J0.ltrans6.ltrans.o
                0x080091ac                chThdEnqueueTimeoutS
 .text.chThdDequeueNextI
                0x080091e8       0x24 /tmp/cctfh5J0.ltrans6.ltrans.o
                0x080091e8                chThdDequeueNextI
 .text.port_lock.lto_priv.208
                0x0800920c       0x1c /tmp/cctfh5J0.ltrans6.ltrans.o
 .text.port_unlock.lto_priv.205
                0x08009228       0x1c /tmp/cctfh5J0.ltrans6.ltrans.o
 .text.chSysLock.lto_priv.219
                0x08009244       0x10 /tmp/cctfh5J0.ltrans6.ltrans.o
 .text.chSysUnlock.lto_priv.216
                0x08009254       0x38 /tmp/cctfh5J0.ltrans6.ltrans.o
 .text.chThdGetWorkingAreaX
                0x0800928c       0x18 /tmp/cctfh5J0.ltrans6.ltrans.o
 .text.chRegFirstThread
                0x080092a4       0x24 /tmp/cctfh5J0.ltrans6.ltrans.o
 .text.chRegNextThread
                0x080092c8       0x30 /tmp/cctfh5J0.ltrans6.ltrans.o
 .text.chRegFindThreadByWorkingArea
                0x080092f8       0x38 /tmp/cctfh5J0.ltrans6.ltrans.o
 .text.port_lock.lto_priv.209
                0x08009330       0x1c /tmp/cctfh5J0.ltrans6.ltrans.o
 .text.port_unlock.lto_priv.206
                0x0800934c       0x1c /tmp/cctfh5J0.ltrans6.ltrans.o
 .text.queue_init.lto_priv.203
                0x08009368       0x20 /tmp/cctfh5J0.ltrans6.ltrans.o
 .text.queue_notempty.lto_priv.222
                0x08009388       0x24 /tmp/cctfh5J0.ltrans6.ltrans.o
 .text.chSysLock.lto_priv.220
                0x080093ac       0x10 /tmp/cctfh5J0.ltrans6.ltrans.o
 .text.chSysUnlock.lto_priv.217
                0x080093bc       0x38 /tmp/cctfh5J0.ltrans6.ltrans.o
 .text.chMtxQueueNotEmptyS
                0x080093f4       0x20 /tmp/cctfh5J0.ltrans6.ltrans.o
 .text.chMtxObjectInit
                0x08009414       0x34 /tmp/cctfh5J0.ltrans6.ltrans.o
                0x08009414                chMtxObjectInit
 .text.chMtxLockS
                0x08009448      0x12c /tmp/cctfh5J0.ltrans6.ltrans.o
                0x08009448                chMtxLockS
 .text.chMtxUnlock
                0x08009574      0x10c /tmp/cctfh5J0.ltrans6.ltrans.o
                0x08009574                chMtxUnlock
 .text.chMtxUnlockS
                0x08009680      0x104 /tmp/cctfh5J0.ltrans6.ltrans.o
                0x08009680                chMtxUnlockS
 .text.port_lock.lto_priv.210
                0x08009784       0x1c /tmp/cctfh5J0.ltrans6.ltrans.o
 .text.port_unlock.lto_priv.207
                0x080097a0       0x1c /tmp/cctfh5J0.ltrans6.ltrans.o
 .text.queue_init.lto_priv.204
                0x080097bc       0x20 /tmp/cctfh5J0.ltrans6.ltrans.o
 .text.chSysLock.lto_priv.163
                0x080097dc       0x10 /tmp/cctfh5J0.ltrans6.ltrans.o
                0x080097dc                chSysLock.lto_priv.163
 .text.chSysUnlock.lto_priv.158
                0x080097ec       0x38 /tmp/cctfh5J0.ltrans6.ltrans.o
                0x080097ec                chSysUnlock.lto_priv.158
 .text.chThdQueueObjectInit
                0x08009824       0x14 /tmp/cctfh5J0.ltrans6.ltrans.o
 .text.chMBGetSizeI
                0x08009838       0x24 /tmp/cctfh5J0.ltrans6.ltrans.o
 .text.chMBGetUsedCountI.lto_priv.198
                0x0800985c       0x18 /tmp/cctfh5J0.ltrans6.ltrans.o
                0x0800985c                chMBGetUsedCountI.lto_priv.198
 .text.chMBGetFreeCountI.lto_priv.199
                0x08009874       0x28 /tmp/cctfh5J0.ltrans6.ltrans.o
                0x08009874                chMBGetFreeCountI.lto_priv.199
 .text.chMBObjectInit
                0x0800989c       0x6c /tmp/cctfh5J0.ltrans6.ltrans.o
                0x0800989c                chMBObjectInit
 .text.chMBPostI
                0x08009908       0x80 /tmp/cctfh5J0.ltrans6.ltrans.o
                0x08009908                chMBPostI
 .text._idle_thread.lto_priv.31
                0x08009988       0x10 /tmp/cctfh5J0.ltrans7.ltrans.o
                0x08009988                _idle_thread.lto_priv.31
 .text.chSysInit
                0x08009998       0x64 /tmp/cctfh5J0.ltrans7.ltrans.o
                0x08009998                chSysInit
 .text.chSysHalt
                0x080099fc       0x18 /tmp/cctfh5J0.ltrans7.ltrans.o
                0x080099fc                chSysHalt
 .text.chSysTimerHandlerI
                0x08009a14       0x10 /tmp/cctfh5J0.ltrans7.ltrans.o
                0x08009a14                chSysTimerHandlerI
 .text.port_lock.lto_priv.250
                0x08009a24       0x1c /tmp/cctfh5J0.ltrans7.ltrans.o
 .text.port_unlock.lto_priv.247
                0x08009a40       0x1c /tmp/cctfh5J0.ltrans7.ltrans.o
 .text.port_lock_from_isr.lto_priv.260
                0x08009a5c        0xc /tmp/cctfh5J0.ltrans7.ltrans.o
 .text.port_unlock_from_isr.lto_priv.258
                0x08009a68        0xc /tmp/cctfh5J0.ltrans7.ltrans.o
 .text._dbg_check_enable
                0x08009a74       0x24 /tmp/cctfh5J0.ltrans7.ltrans.o
                0x08009a74                _dbg_check_enable
 .text._dbg_check_lock
                0x08009a98       0x2c /tmp/cctfh5J0.ltrans7.ltrans.o
                0x08009a98                _dbg_check_lock
 .text._dbg_check_unlock
                0x08009ac4       0x2c /tmp/cctfh5J0.ltrans7.ltrans.o
                0x08009ac4                _dbg_check_unlock
 .text._dbg_check_lock_from_isr
                0x08009af0       0x2c /tmp/cctfh5J0.ltrans7.ltrans.o
                0x08009af0                _dbg_check_lock_from_isr
 .text._dbg_check_unlock_from_isr
                0x08009b1c       0x2c /tmp/cctfh5J0.ltrans7.ltrans.o
                0x08009b1c                _dbg_check_unlock_from_isr
 .text._dbg_check_enter_isr
                0x08009b48       0x38 /tmp/cctfh5J0.ltrans7.ltrans.o
                0x08009b48                _dbg_check_enter_isr
 .text._dbg_check_leave_isr
                0x08009b80       0x38 /tmp/cctfh5J0.ltrans7.ltrans.o
                0x08009b80                _dbg_check_leave_isr
 .text.chDbgCheckClassI
                0x08009bb8       0x24 /tmp/cctfh5J0.ltrans7.ltrans.o
                0x08009bb8                chDbgCheckClassI
 .text.chDbgCheckClassS
                0x08009bdc       0x24 /tmp/cctfh5J0.ltrans7.ltrans.o
                0x08009bdc                chDbgCheckClassS
 .text.st_lld_get_counter.lto_priv.245
                0x08009c00       0x18 /tmp/cctfh5J0.ltrans7.ltrans.o
 .text.port_timer_start_alarm
                0x08009c18       0x18 /tmp/cctfh5J0.ltrans7.ltrans.o
 .text.port_timer_stop_alarm
                0x08009c30        0xc /tmp/cctfh5J0.ltrans7.ltrans.o
 .text.port_timer_set_alarm
                0x08009c3c       0x18 /tmp/cctfh5J0.ltrans7.ltrans.o
 .text.port_timer_get_time.lto_priv.243
                0x08009c54       0x10 /tmp/cctfh5J0.ltrans7.ltrans.o
 .text.chVTGetSystemTimeX
                0x08009c64       0x10 /tmp/cctfh5J0.ltrans7.ltrans.o
 .text._vt_init
                0x08009c74       0x30 /tmp/cctfh5J0.ltrans7.ltrans.o
 .text.chVTDoSetI
                0x08009ca4      0x150 /tmp/cctfh5J0.ltrans7.ltrans.o
 .text.chVTDoResetI
                0x08009df4      0x100 /tmp/cctfh5J0.ltrans7.ltrans.o
 .text.port_lock.lto_priv.251
                0x08009ef4       0x1c /tmp/cctfh5J0.ltrans7.ltrans.o
 .text.port_unlock.lto_priv.248
                0x08009f10       0x1c /tmp/cctfh5J0.ltrans7.ltrans.o
 .text.port_lock_from_isr.lto_priv.261
                0x08009f2c        0xc /tmp/cctfh5J0.ltrans7.ltrans.o
 .text.port_unlock_from_isr.lto_priv.259
                0x08009f38        0xc /tmp/cctfh5J0.ltrans7.ltrans.o
 .text.queue_init
                0x08009f44       0x20 /tmp/cctfh5J0.ltrans7.ltrans.o
 .text.chSchIsRescRequiredI
                0x08009f64       0x28 /tmp/cctfh5J0.ltrans7.ltrans.o
 .text.chSysLockFromISR.lto_priv.257
                0x08009f8c       0x10 /tmp/cctfh5J0.ltrans7.ltrans.o
 .text.chSysUnlockFromISR.lto_priv.255
                0x08009f9c       0x10 /tmp/cctfh5J0.ltrans7.ltrans.o
 .text.chVTIsArmedI
                0x08009fac       0x24 /tmp/cctfh5J0.ltrans7.ltrans.o
 .text._scheduler_init
                0x08009fd0       0x24 /tmp/cctfh5J0.ltrans7.ltrans.o
 .text.queue_prio_insert
                0x08009ff4       0x50 /tmp/cctfh5J0.ltrans7.ltrans.o
                0x08009ff4                queue_prio_insert
 .text.queue_insert
                0x0800a044       0x30 /tmp/cctfh5J0.ltrans7.ltrans.o
                0x0800a044                queue_insert
 .text.queue_fifo_remove
                0x0800a074       0x2c /tmp/cctfh5J0.ltrans7.ltrans.o
                0x0800a074                queue_fifo_remove
 .text.queue_dequeue
                0x0800a0a0       0x2c /tmp/cctfh5J0.ltrans7.ltrans.o
                0x0800a0a0                queue_dequeue
 .text.chSchReadyI
                0x0800a0cc       0x80 /tmp/cctfh5J0.ltrans7.ltrans.o
                0x0800a0cc                chSchReadyI
 .text.chSchReadyAheadI
                0x0800a14c       0x80 /tmp/cctfh5J0.ltrans7.ltrans.o
 .text.chSchGoSleepS
                0x0800a1cc       0x6c /tmp/cctfh5J0.ltrans7.ltrans.o
                0x0800a1cc                chSchGoSleepS
 .text.wakeup   0x0800a238       0x50 /tmp/cctfh5J0.ltrans7.ltrans.o
 .text.chSchGoSleepTimeoutS
                0x0800a288       0x74 /tmp/cctfh5J0.ltrans7.ltrans.o
                0x0800a288                chSchGoSleepTimeoutS
 .text.chSchWakeupS
                0x0800a2fc       0x9c /tmp/cctfh5J0.ltrans7.ltrans.o
                0x0800a2fc                chSchWakeupS
 .text.chSchRescheduleS
                0x0800a398       0x18 /tmp/cctfh5J0.ltrans7.ltrans.o
                0x0800a398                chSchRescheduleS
 .text.chSchIsPreemptionRequired
                0x0800a3b0       0x34 /tmp/cctfh5J0.ltrans7.ltrans.o
                0x0800a3b0                chSchIsPreemptionRequired
 .text.chSchDoRescheduleAhead
                0x0800a3e4       0x64 /tmp/cctfh5J0.ltrans7.ltrans.o
 .text.chSchDoReschedule
                0x0800a448       0x64 /tmp/cctfh5J0.ltrans7.ltrans.o
                0x0800a448                chSchDoReschedule
 .text.port_lock.lto_priv.252
                0x0800a4ac       0x1c /tmp/cctfh5J0.ltrans7.ltrans.o
 .text.port_unlock.lto_priv.249
                0x0800a4c8       0x1c /tmp/cctfh5J0.ltrans7.ltrans.o
 .text.queue_notempty.lto_priv.221
                0x0800a4e4       0x24 /tmp/cctfh5J0.ltrans7.ltrans.o
                0x0800a4e4                queue_notempty.lto_priv.221
 .text.chSysLock.lto_priv.218
                0x0800a508       0x10 /tmp/cctfh5J0.ltrans7.ltrans.o
                0x0800a508                chSysLock.lto_priv.218
 .text.chSysUnlock.lto_priv.215
                0x0800a518       0x38 /tmp/cctfh5J0.ltrans7.ltrans.o
                0x0800a518                chSysUnlock.lto_priv.215
 .text.chThdGetSelfX.lto_priv.237
                0x0800a550       0x18 /tmp/cctfh5J0.ltrans7.ltrans.o
                0x0800a550                chThdGetSelfX.lto_priv.237
 .text._encode_uavcan_protocol_RestartNode_res
                0x0800a568       0x34 /tmp/cctfh5J0.ltrans8.ltrans.o
                0x0800a568                _encode_uavcan_protocol_RestartNode_res
 .text._decode_uavcan_protocol_RestartNode_res
                0x0800a59c       0x34 /tmp/cctfh5J0.ltrans8.ltrans.o
                0x0800a59c                _decode_uavcan_protocol_RestartNode_res
 .text.encode_func.lto_priv.34
                0x0800a5d0       0x1c /tmp/cctfh5J0.ltrans8.ltrans.o
                0x0800a5d0                encode_func.lto_priv.34
 .text.decode_func.lto_priv.41
                0x0800a5ec       0x1c /tmp/cctfh5J0.ltrans8.ltrans.o
                0x0800a5ec                decode_func.lto_priv.41
 .text.encode_uavcan_protocol_RestartNode_req
                0x0800a608       0x28 /tmp/cctfh5J0.ltrans8.ltrans.o
 .text.decode_uavcan_protocol_RestartNode_req
                0x0800a630       0x2c /tmp/cctfh5J0.ltrans8.ltrans.o
 .text._encode_uavcan_protocol_RestartNode_req
                0x0800a65c       0x34 /tmp/cctfh5J0.ltrans8.ltrans.o
 .text._decode_uavcan_protocol_RestartNode_req
                0x0800a690       0x34 /tmp/cctfh5J0.ltrans8.ltrans.o
 .text.encode_func.lto_priv.35
                0x0800a6c4       0x1c /tmp/cctfh5J0.ltrans8.ltrans.o
                0x0800a6c4                encode_func.lto_priv.35
 .text.decode_func.lto_priv.42
                0x0800a6e0       0x1c /tmp/cctfh5J0.ltrans8.ltrans.o
                0x0800a6e0                decode_func.lto_priv.42
 .text.encode_uavcan_protocol_dynamic_node_id_Allocation
                0x0800a6fc       0x28 /tmp/cctfh5J0.ltrans8.ltrans.o
 .text.decode_uavcan_protocol_dynamic_node_id_Allocation
                0x0800a724       0x2c /tmp/cctfh5J0.ltrans8.ltrans.o
 .text._encode_uavcan_protocol_dynamic_node_id_Allocation
                0x0800a750       0xc4 /tmp/cctfh5J0.ltrans8.ltrans.o
 .text._decode_uavcan_protocol_dynamic_node_id_Allocation
                0x0800a814       0xd4 /tmp/cctfh5J0.ltrans8.ltrans.o
 .text.encode_func.lto_priv.37
                0x0800a8e8       0x1c /tmp/cctfh5J0.ltrans8.ltrans.o
                0x0800a8e8                encode_func.lto_priv.37
 .text.decode_func.lto_priv.44
                0x0800a904       0x1c /tmp/cctfh5J0.ltrans8.ltrans.o
                0x0800a904                decode_func.lto_priv.44
 .text.encode_uavcan_protocol_GetNodeInfo_res
                0x0800a920       0x28 /tmp/cctfh5J0.ltrans8.ltrans.o
 .text.decode_uavcan_protocol_GetNodeInfo_res
                0x0800a948       0x2c /tmp/cctfh5J0.ltrans8.ltrans.o
 .text._encode_uavcan_protocol_GetNodeInfo_res
                0x0800a974       0xc8 /tmp/cctfh5J0.ltrans8.ltrans.o
 .text._decode_uavcan_protocol_GetNodeInfo_res
                0x0800aa3c       0xcc /tmp/cctfh5J0.ltrans8.ltrans.o
 .text._encode_uavcan_protocol_HardwareVersion
                0x0800ab08      0x100 /tmp/cctfh5J0.ltrans8.ltrans.o
 .text._decode_uavcan_protocol_HardwareVersion
                0x0800ac08      0x110 /tmp/cctfh5J0.ltrans8.ltrans.o
 .text._encode_uavcan_protocol_SoftwareVersion
                0x0800ad18       0xbc /tmp/cctfh5J0.ltrans8.ltrans.o
 .text._decode_uavcan_protocol_SoftwareVersion
                0x0800add4       0xbc /tmp/cctfh5J0.ltrans8.ltrans.o
 .text.encode_func.lto_priv.38
                0x0800ae90       0x1c /tmp/cctfh5J0.ltrans8.ltrans.o
                0x0800ae90                encode_func.lto_priv.38
 .text.decode_func.lto_priv.45
                0x0800aeac       0x1c /tmp/cctfh5J0.ltrans8.ltrans.o
                0x0800aeac                decode_func.lto_priv.45
 .text.encode_uavcan_protocol_GetNodeInfo_req
                0x0800aec8       0x28 /tmp/cctfh5J0.ltrans8.ltrans.o
 .text.decode_uavcan_protocol_GetNodeInfo_req
                0x0800aef0       0x2c /tmp/cctfh5J0.ltrans8.ltrans.o
 .text._encode_uavcan_protocol_GetNodeInfo_req
                0x0800af1c       0x18 /tmp/cctfh5J0.ltrans8.ltrans.o
 .text._decode_uavcan_protocol_GetNodeInfo_req
                0x0800af34       0x18 /tmp/cctfh5J0.ltrans8.ltrans.o
 .text.__core_init
                0x0800af4c        0xc /tmp/cctfh5J0.ltrans8.ltrans.o
                0x0800af4c                __core_init
 .text.__late_init
                0x0800af58        0xc /tmp/cctfh5J0.ltrans8.ltrans.o
                0x0800af58                __late_init
 .text.__default_exit
                0x0800af64        0x8 /tmp/cctfh5J0.ltrans8.ltrans.o
                0x0800af64                __default_exit
 .text.__init_ram_areas
                0x0800af6c       0x70 /tmp/cctfh5J0.ltrans8.ltrans.o
                0x0800af6c                __init_ram_areas
 .text._unhandled_exception
                0x0800afdc        0x8 /tmp/cctfh5J0.ltrans8.ltrans.o
                0x0800afdc                Vector58
                0x0800afdc                VectorE8
                0x0800afdc                Vector9C
                0x0800afdc                VectorAC
                0x0800afdc                DebugMon_Handler
                0x0800afdc                Vector5C
                0x0800afdc                Vector11C
                0x0800afdc                HardFault_Handler
                0x0800afdc                SysTick_Handler
                0x0800afdc                VectorDC
                0x0800afdc                PendSV_Handler
                0x0800afdc                NMI_Handler
                0x0800afdc                Vector110
                0x0800afdc                Vector120
                0x0800afdc                VectorC8
                0x0800afdc                Vector94
                0x0800afdc                VectorA8
                0x0800afdc                VectorB4
                0x0800afdc                Vector74
                0x0800afdc                UsageFault_Handler
                0x0800afdc                VectorEC
                0x0800afdc                Vector40
                0x0800afdc                VectorF8
                0x0800afdc                Vector108
                0x0800afdc                VectorBC
                0x0800afdc                Vector150
                0x0800afdc                Vector124
                0x0800afdc                Vector148
                0x0800afdc                Vector118
                0x0800afdc                Vector64
                0x0800afdc                VectorCC
                0x0800afdc                Vector54
                0x0800afdc                Vector98
                0x0800afdc                VectorD8
                0x0800afdc                Vector138
                0x0800afdc                Vector24
                0x0800afdc                Vector84
                0x0800afdc                VectorD0
                0x0800afdc                Vector140
                0x0800afdc                VectorE4
                0x0800afdc                VectorC0
                0x0800afdc                Vector158
                0x0800afdc                Vector130
                0x0800afdc                Vector134
                0x0800afdc                VectorF0
                0x0800afdc                Vector12C
                0x0800afdc                Vector13C
                0x0800afdc                Vector100
                0x0800afdc                VectorE0
                0x0800afdc                VectorF4
                0x0800afdc                MemManage_Handler
                0x0800afdc                Vector6C
                0x0800afdc                VectorA0
                0x0800afdc                VectorC4
                0x0800afdc                Vector7C
                0x0800afdc                Vector114
                0x0800afdc                Vector60
                0x0800afdc                Vector1C
                0x0800afdc                Vector48
                0x0800afdc                Vector70
                0x0800afdc                VectorD4
                0x0800afdc                Vector4C
                0x0800afdc                Vector144
                0x0800afdc                Vector80
                0x0800afdc                Vector15C
                0x0800afdc                Vector68
                0x0800afdc                Vector78
                0x0800afdc                Vector88
                0x0800afdc                Vector104
                0x0800afdc                Vector10C
                0x0800afdc                Vector14C
                0x0800afdc                BusFault_Handler
                0x0800afdc                Vector50
                0x0800afdc                Vector154
                0x0800afdc                Vector44
                0x0800afdc                Vector28
                0x0800afdc                VectorB8
                0x0800afdc                VectorFC
                0x0800afdc                Vector34
                0x0800afdc                Vector128
                0x0800afdc                VectorA4
                0x0800afdc                Vector20
 .text.NVIC_SetPriorityGrouping
                0x0800afe4       0x48 /tmp/cctfh5J0.ltrans8.ltrans.o
 .text.NVIC_SetPriority
                0x0800b02c       0x54 /tmp/cctfh5J0.ltrans8.ltrans.o
 .text.port_init.lto_priv.272
                0x0800b080       0x40 /tmp/cctfh5J0.ltrans8.ltrans.o
                0x0800b080                port_init.lto_priv.272
 .text.port_lock
                0x0800b0c0       0x1c /tmp/cctfh5J0.ltrans8.ltrans.o
 .text.port_unlock
                0x0800b0dc       0x1c /tmp/cctfh5J0.ltrans8.ltrans.o
 .text.port_lock_from_isr
                0x0800b0f8        0xc /tmp/cctfh5J0.ltrans8.ltrans.o
 .text.port_unlock_from_isr
                0x0800b104        0xc /tmp/cctfh5J0.ltrans8.ltrans.o
 .text.port_disable.lto_priv.270
                0x0800b110       0x10 /tmp/cctfh5J0.ltrans8.ltrans.o
                0x0800b110                port_disable.lto_priv.270
 .text.port_enable
                0x0800b120       0x1c /tmp/cctfh5J0.ltrans8.ltrans.o
 .text.port_wait_for_interrupt.lto_priv.273
                0x0800b13c        0xc /tmp/cctfh5J0.ltrans8.ltrans.o
                0x0800b13c                port_wait_for_interrupt.lto_priv.273
 .text.st_lld_get_counter
                0x0800b148       0x18 /tmp/cctfh5J0.ltrans8.ltrans.o
 .text.port_timer_stop_alarm
                0x0800b160        0xc /tmp/cctfh5J0.ltrans8.ltrans.o
 .text.port_timer_set_alarm
                0x0800b16c       0x18 /tmp/cctfh5J0.ltrans8.ltrans.o
 .text.port_timer_get_time
                0x0800b184       0x10 /tmp/cctfh5J0.ltrans8.ltrans.o
 .text.chSysEnable.lto_priv.271
                0x0800b194       0x10 /tmp/cctfh5J0.ltrans8.ltrans.o
                0x0800b194                chSysEnable.lto_priv.271
 .text.chSysLockFromISR.lto_priv.256
                0x0800b1a4       0x10 /tmp/cctfh5J0.ltrans8.ltrans.o
                0x0800b1a4                chSysLockFromISR.lto_priv.256
 .text.chSysUnlockFromISR.lto_priv.254
                0x0800b1b4       0x10 /tmp/cctfh5J0.ltrans8.ltrans.o
                0x0800b1b4                chSysUnlockFromISR.lto_priv.254
 .text.chVTGetSystemTimeX
                0x0800b1c4       0x10 /tmp/cctfh5J0.ltrans8.ltrans.o
 .text.chVTDoTickI.lto_priv.269
                0x0800b1d4       0xf0 /tmp/cctfh5J0.ltrans8.ltrans.o
                0x0800b1d4                chVTDoTickI.lto_priv.269
 .text._local_ctor_4
                0x0800b2c4       0x18 /tmp/cctfh5J0.ltrans9.ltrans.o
 .text.main     0x0800b2dc       0x14 /tmp/cctfh5J0.ltrans9.ltrans.o
                0x0800b2dc                main
 .text._local_ctor_5
                0x0800b2f0       0x24 /tmp/cctfh5J0.ltrans9.ltrans.o
 .text._local_ctor_7
                0x0800b314       0x1c /tmp/cctfh5J0.ltrans9.ltrans.o
 .text.canardInit
                0x0800b330       0x6c /tmp/cctfh5J0.ltrans9.ltrans.o
                0x0800b330                canardInit
 .text.canardGetUserReference
                0x0800b39c       0x18 /tmp/cctfh5J0.ltrans9.ltrans.o
                0x0800b39c                canardGetUserReference
 .text.canardSetLocalNodeID
                0x0800b3b4       0x34 /tmp/cctfh5J0.ltrans9.ltrans.o
                0x0800b3b4                canardSetLocalNodeID
 .text.canardGetLocalNodeID
                0x0800b3e8       0x18 /tmp/cctfh5J0.ltrans9.ltrans.o
                0x0800b3e8                canardGetLocalNodeID
 .text.canardHandleRxFrame
                0x0800b400      0x65c /tmp/cctfh5J0.ltrans9.ltrans.o
                0x0800b400                canardHandleRxFrame
 .text.canardCleanupStaleTransfers
                0x0800ba5c       0xac /tmp/cctfh5J0.ltrans9.ltrans.o
                0x0800ba5c                canardCleanupStaleTransfers
 .text.canardDecodeScalar
                0x0800bb08      0x2f0 /tmp/cctfh5J0.ltrans9.ltrans.o
                0x0800bb08                canardDecodeScalar
 .text.canardEncodeScalar
                0x0800bdf8      0x10c /tmp/cctfh5J0.ltrans9.ltrans.o
                0x0800bdf8                canardEncodeScalar
 .text.canardReleaseRxTransferPayload
                0x0800bf04       0x54 /tmp/cctfh5J0.ltrans9.ltrans.o
 .text.computeTransferIDForwardDistance
                0x0800bf58       0x34 /tmp/cctfh5J0.ltrans9.ltrans.o
 .text.prepareForNextTransfer
                0x0800bf8c       0x44 /tmp/cctfh5J0.ltrans9.ltrans.o
 .text.extractDataType
                0x0800bfd0       0x44 /tmp/cctfh5J0.ltrans9.ltrans.o
 .text.extractTransferType
                0x0800c014       0x48 /tmp/cctfh5J0.ltrans9.ltrans.o
 .text.traverseRxStates
                0x0800c05c       0x60 /tmp/cctfh5J0.ltrans9.ltrans.o
 .text.findRxState
                0x0800c0bc       0x34 /tmp/cctfh5J0.ltrans9.ltrans.o
 .text.prependRxState
                0x0800c0f0       0x3c /tmp/cctfh5J0.ltrans9.ltrans.o
 .text.createRxState
                0x0800c12c       0x6c /tmp/cctfh5J0.ltrans9.ltrans.o
 .text.releaseStatePayload
                0x0800c198       0x50 /tmp/cctfh5J0.ltrans9.ltrans.o
 .text.bufferBlockPushBytes
                0x0800c1e8      0x1fc /tmp/cctfh5J0.ltrans9.ltrans.o
 .text.createBufferBlock
                0x0800c3e4       0x2c /tmp/cctfh5J0.ltrans9.ltrans.o
 .text.copyBitArray
                0x0800c410       0xf4 /tmp/cctfh5J0.ltrans9.ltrans.o
 .text.descatterTransferPayload
                0x0800c504      0x1e0 /tmp/cctfh5J0.ltrans9.ltrans.o
 .text.isBigEndian
                0x0800c6e4       0x24 /tmp/cctfh5J0.ltrans9.ltrans.o
 .text.swapByteOrder
                0x0800c708       0x5c /tmp/cctfh5J0.ltrans9.ltrans.o
 .text.crcAddByte
                0x0800c764       0x60 /tmp/cctfh5J0.ltrans9.ltrans.o
 .text.crcAddSignature
                0x0800c7c4       0x60 /tmp/cctfh5J0.ltrans9.ltrans.o
 .text.crcAdd   0x0800c824       0x3c /tmp/cctfh5J0.ltrans9.ltrans.o
 .text.initPoolAllocator
                0x0800c860       0x5c /tmp/cctfh5J0.ltrans9.ltrans.o
 .text.allocateBlock
                0x0800c8bc       0x54 /tmp/cctfh5J0.ltrans9.ltrans.o
 .text.freeBlock
                0x0800c910       0x34 /tmp/cctfh5J0.ltrans9.ltrans.o
 .text.encode_func.lto_priv.32
                0x0800c944       0x1c /tmp/cctfh5J0.ltrans9.ltrans.o
                0x0800c944                encode_func.lto_priv.32
 .text.decode_func.lto_priv.39
                0x0800c960       0x1c /tmp/cctfh5J0.ltrans9.ltrans.o
                0x0800c960                decode_func.lto_priv.39
 .text.encode_uavcan_protocol_NodeStatus
                0x0800c97c       0x28 /tmp/cctfh5J0.ltrans9.ltrans.o
 .text.decode_uavcan_protocol_NodeStatus
                0x0800c9a4       0x2c /tmp/cctfh5J0.ltrans9.ltrans.o
 .text._encode_uavcan_protocol_NodeStatus
                0x0800c9d0       0xbc /tmp/cctfh5J0.ltrans9.ltrans.o
                0x0800c9d0                _encode_uavcan_protocol_NodeStatus
 .text._decode_uavcan_protocol_NodeStatus
                0x0800ca8c       0xb8 /tmp/cctfh5J0.ltrans9.ltrans.o
                0x0800ca8c                _decode_uavcan_protocol_NodeStatus
 .text.encode_func.lto_priv.33
                0x0800cb44       0x1c /tmp/cctfh5J0.ltrans9.ltrans.o
                0x0800cb44                encode_func.lto_priv.33
 .text.decode_func.lto_priv.40
                0x0800cb60       0x1c /tmp/cctfh5J0.ltrans9.ltrans.o
                0x0800cb60                decode_func.lto_priv.40
 .text.encode_uavcan_protocol_RestartNode_res
                0x0800cb7c       0x28 /tmp/cctfh5J0.ltrans9.ltrans.o
 .text.decode_uavcan_protocol_RestartNode_res
                0x0800cba4       0x2c /tmp/cctfh5J0.ltrans9.ltrans.o
 .text.memcmp   0x0800cbd0       0x20 /home/markw/gcc-arm-none-eabi-4_9-2015q3/bin/../lib/gcc/arm-none-eabi/4.9.3/../../../../arm-none-eabi/lib/armv7-m/libg_nano.a(lib_a-memcmp.o)
                0x0800cbd0                memcmp
 .text.memcpy   0x0800cbf0       0x16 /home/markw/gcc-arm-none-eabi-4_9-2015q3/bin/../lib/gcc/arm-none-eabi/4.9.3/../../../../arm-none-eabi/lib/armv7-m/libg_nano.a(lib_a-memcpy.o)
                0x0800cbf0                memcpy
 .text.memmove  0x0800cc06       0x36 /home/markw/gcc-arm-none-eabi-4_9-2015q3/bin/../lib/gcc/arm-none-eabi/4.9.3/../../../../arm-none-eabi/lib/armv7-m/libg_nano.a(lib_a-memmove.o)
                0x0800cc06                memmove
 .text.memset   0x0800cc3c       0x10 /home/markw/gcc-arm-none-eabi-4_9-2015q3/bin/../lib/gcc/arm-none-eabi/4.9.3/../../../../arm-none-eabi/lib/armv7-m/libg_nano.a(lib_a-memset.o)
                0x0800cc3c                memset
 *(.glue_7t)
 .glue_7t       0x00000000        0x0 linker stubs
 *(.glue_7)
 .glue_7        0x00000000        0x0 linker stubs
 *(.gcc*)

.vfp11_veneer   0x0800cc4c        0x0
 .vfp11_veneer  0x00000000        0x0 linker stubs

.v4_bx          0x0800cc4c        0x0
 .v4_bx         0x00000000        0x0 linker stubs

.iplt           0x0800cc4c        0x0
 .iplt          0x00000000        0x0 build/org.mro.perh_1.0/obj/crt0_v7m.o

.rodata         0x0800cc50      0x5d4
                0x0800cc50                . = ALIGN (0x4)
                0x0800cc50                __rodata_base__ = .
 *(.rodata)
 .rodata        0x0800cc50        0xf /tmp/cctfh5J0.ltrans0.ltrans.o
 *fill*         0x0800cc5f        0x1 
 .rodata        0x0800cc60       0x67 /tmp/cctfh5J0.ltrans7.ltrans.o
 *fill*         0x0800ccc7        0x1 
 .rodata        0x0800ccc8       0x1b /tmp/cctfh5J0.ltrans9.ltrans.o
 *(.rodata.*)
 *fill*         0x0800cce3        0x5 
 .rodata.uavcan_protocol_NodeStatus_descriptor
                0x0800cce8       0x20 /tmp/cctfh5J0.ltrans0.ltrans.o
 .rodata.uavcan_protocol_RestartNode_res_descriptor
                0x0800cd08       0x20 /tmp/cctfh5J0.ltrans0.ltrans.o
 .rodata.uavcan_protocol_RestartNode_req_descriptor
                0x0800cd28       0x20 /tmp/cctfh5J0.ltrans0.ltrans.o
 .rodata.uavcan_protocol_dynamic_node_id_Allocation_descriptor
                0x0800cd48       0x20 /tmp/cctfh5J0.ltrans0.ltrans.o
 .rodata.uavcan_protocol_GetNodeInfo_res_descriptor
                0x0800cd68       0x20 /tmp/cctfh5J0.ltrans0.ltrans.o
 .rodata.uavcan_protocol_GetNodeInfo_req_descriptor
                0x0800cd88       0x20 /tmp/cctfh5J0.ltrans0.ltrans.o
 .rodata.ram_areas.lto_priv.275
                0x0800cda8       0x80 /tmp/cctfh5J0.ltrans0.ltrans.o
                0x0800cda8                ram_areas.lto_priv.275
 .rodata.idle_descriptor.5717.lto_priv.262
                0x0800ce28       0x18 /tmp/cctfh5J0.ltrans0.ltrans.o
                0x0800ce28                idle_descriptor.5717.lto_priv.262
 .rodata.__func__.5389.lto_priv.274
                0x0800ce40        0xc /tmp/cctfh5J0.ltrans0.ltrans.o
                0x0800ce40                __func__.5389.lto_priv.274
 .rodata.__func__.5718.lto_priv.22
                0x0800ce4c        0xb /tmp/cctfh5J0.ltrans0.ltrans.o
                0x0800ce4c                __func__.5718.lto_priv.22
 *fill*         0x0800ce57        0x1 
 .rodata.__func__.5726.lto_priv.20
                0x0800ce58        0xd /tmp/cctfh5J0.ltrans0.ltrans.o
                0x0800ce58                __func__.5726.lto_priv.20
 *fill*         0x0800ce65        0x3 
 .rodata.__func__.5745.lto_priv.253
                0x0800ce68        0xc /tmp/cctfh5J0.ltrans0.ltrans.o
                0x0800ce68                __func__.5745.lto_priv.253
 .rodata.__func__.5752.lto_priv.29
                0x0800ce74       0x11 /tmp/cctfh5J0.ltrans0.ltrans.o
                0x0800ce74                __func__.5752.lto_priv.29
 *fill*         0x0800ce85        0x3 
 .rodata.__func__.5779.lto_priv.27
                0x0800ce88        0xd /tmp/cctfh5J0.ltrans0.ltrans.o
                0x0800ce88                __func__.5779.lto_priv.27
 *fill*         0x0800ce95        0x3 
 .rodata.__func__.5716.lto_priv.235
                0x0800ce98       0x16 /tmp/cctfh5J0.ltrans0.ltrans.o
                0x0800ce98                __func__.5716.lto_priv.235
 *fill*         0x0800ceae        0x2 
 .rodata.__func__.5270.lto_priv.5
                0x0800ceb0        0xc /tmp/cctfh5J0.ltrans0.ltrans.o
                0x0800ceb0                __func__.5270.lto_priv.5
 .rodata.__func__.5729.lto_priv.233
                0x0800cebc        0xc /tmp/cctfh5J0.ltrans0.ltrans.o
                0x0800cebc                __func__.5729.lto_priv.233
 .rodata.__func__.5758.lto_priv.228
                0x0800cec8        0xb /tmp/cctfh5J0.ltrans0.ltrans.o
                0x0800cec8                __func__.5758.lto_priv.228
 *fill*         0x0800ced3        0x1 
 .rodata.__func__.5763.lto_priv.227
                0x0800ced4       0x11 /tmp/cctfh5J0.ltrans0.ltrans.o
                0x0800ced4                __func__.5763.lto_priv.227
 *fill*         0x0800cee5        0x3 
 .rodata.__func__.5791.lto_priv.225
                0x0800cee8       0x15 /tmp/cctfh5J0.ltrans0.ltrans.o
                0x0800cee8                __func__.5791.lto_priv.225
 *fill*         0x0800cefd        0x3 
 .rodata.__func__.5797.lto_priv.224
                0x0800cf00        0xd /tmp/cctfh5J0.ltrans0.ltrans.o
                0x0800cf00                __func__.5797.lto_priv.224
 *fill*         0x0800cf0d        0x3 
 .rodata.__func__.5803.lto_priv.223
                0x0800cf10        0xd /tmp/cctfh5J0.ltrans0.ltrans.o
                0x0800cf10                __func__.5803.lto_priv.223
 *fill*         0x0800cf1d        0x3 
 .rodata.__func__.5498.lto_priv.236
                0x0800cf20       0x14 /tmp/cctfh5J0.ltrans0.ltrans.o
                0x0800cf20                __func__.5498.lto_priv.236
 .rodata.ch_debug
                0x0800cf34       0x16 /tmp/cctfh5J0.ltrans0.ltrans.o
                0x0800cf34                ch_debug
 *fill*         0x0800cf4a        0x2 
 .rodata.__func__.5591.lto_priv.18
                0x0800cf4c        0xc /tmp/cctfh5J0.ltrans0.ltrans.o
                0x0800cf4c                __func__.5591.lto_priv.18
 .rodata.__func__.5710.lto_priv.214
                0x0800cf58       0x10 /tmp/cctfh5J0.ltrans0.ltrans.o
                0x0800cf58                __func__.5710.lto_priv.214
 .rodata.__func__.5270.lto_priv.6
                0x0800cf68        0xc /tmp/cctfh5J0.ltrans0.ltrans.o
                0x0800cf68                __func__.5270.lto_priv.6
 .rodata.__func__.5718.lto_priv.23
                0x0800cf74        0xb /tmp/cctfh5J0.ltrans0.ltrans.o
                0x0800cf74                __func__.5718.lto_priv.23
 *fill*         0x0800cf7f        0x1 
 .rodata.__func__.5740.lto_priv.212
                0x0800cf80        0xc /tmp/cctfh5J0.ltrans0.ltrans.o
                0x0800cf80                __func__.5740.lto_priv.212
 .rodata.__func__.5751.lto_priv.211
                0x0800cf8c        0xd /tmp/cctfh5J0.ltrans0.ltrans.o
                0x0800cf8c                __func__.5751.lto_priv.211
 *fill*         0x0800cf99        0x3 
 .rodata.__func__.5712.lto_priv.25
                0x0800cf9c        0xf /tmp/cctfh5J0.ltrans0.ltrans.o
                0x0800cf9c                __func__.5712.lto_priv.25
 *fill*         0x0800cfab        0x1 
 .rodata.__func__.5270.lto_priv.7
                0x0800cfac        0xc /tmp/cctfh5J0.ltrans0.ltrans.o
                0x0800cfac                __func__.5270.lto_priv.7
 .rodata.__func__.5739.lto_priv.200
                0x0800cfb8        0xa /tmp/cctfh5J0.ltrans0.ltrans.o
                0x0800cfb8                __func__.5739.lto_priv.200
 *fill*         0x0800cfc2        0x2 
 .rodata.__func__.5772.lto_priv.196
                0x0800cfc4        0xb /tmp/cctfh5J0.ltrans0.ltrans.o
                0x0800cfc4                __func__.5772.lto_priv.196
 *fill*         0x0800cfcf        0x1 
 .rodata.__func__.5722.lto_priv.195
                0x0800cfd0       0x1e /tmp/cctfh5J0.ltrans0.ltrans.o
                0x0800cfd0                __func__.5722.lto_priv.195
 *fill*         0x0800cfee        0x2 
 .rodata.__func__.5270.lto_priv.8
                0x0800cff0        0xc /tmp/cctfh5J0.ltrans0.ltrans.o
                0x0800cff0                __func__.5270.lto_priv.8
 .rodata.__func__.5712.lto_priv.26
                0x0800cffc       0x11 /tmp/cctfh5J0.ltrans0.ltrans.o
                0x0800cffc                __func__.5712.lto_priv.26
 *fill*         0x0800d00d        0x3 
 .rodata.__func__.5718.lto_priv.24
                0x0800d010       0x10 /tmp/cctfh5J0.ltrans0.ltrans.o
                0x0800d010                __func__.5718.lto_priv.24
 .rodata.__func__.5726.lto_priv.21
                0x0800d020        0xd /tmp/cctfh5J0.ltrans0.ltrans.o
                0x0800d020                __func__.5726.lto_priv.21
 *fill*         0x0800d02d        0x3 
 .rodata.__func__.5270.lto_priv.9
                0x0800d030        0xc /tmp/cctfh5J0.ltrans0.ltrans.o
                0x0800d030                __func__.5270.lto_priv.9
 .rodata.__func__.5736.lto_priv.194
                0x0800d03c        0xc /tmp/cctfh5J0.ltrans0.ltrans.o
                0x0800d03c                __func__.5736.lto_priv.194
 .rodata.__func__.6201.lto_priv.142
                0x0800d048        0xd /tmp/cctfh5J0.ltrans0.ltrans.o
                0x0800d048                __func__.6201.lto_priv.142
 *fill*         0x0800d055        0x3 
 .rodata.__func__.6208.lto_priv.17
                0x0800d058        0xb /tmp/cctfh5J0.ltrans0.ltrans.o
                0x0800d058                __func__.6208.lto_priv.17
 *fill*         0x0800d063        0x1 
 .rodata.cfgtab.6202.lto_priv.139
                0x0800d064       0x12 /tmp/cctfh5J0.ltrans0.ltrans.o
                0x0800d064                cfgtab.6202.lto_priv.139
 *fill*         0x0800d076        0x2 
 .rodata.shared_app_parameters.lto_priv.69
                0x0800d078        0xf /tmp/cctfh5J0.ltrans0.ltrans.o
                0x0800d078                shared_app_parameters.lto_priv.69
 *fill*         0x0800d087        0x1 
 .rodata.__func__.5294.lto_priv.126
                0x0800d088        0xc /tmp/cctfh5J0.ltrans0.ltrans.o
                0x0800d088                __func__.5294.lto_priv.126
 .rodata.__func__.6765.lto_priv.123
                0x0800d094       0x17 /tmp/cctfh5J0.ltrans0.ltrans.o
                0x0800d094                __func__.6765.lto_priv.123
 *fill*         0x0800d0ab        0x1 
 .rodata.__func__.6688.lto_priv.112
                0x0800d0ac       0x13 /tmp/cctfh5J0.ltrans0.ltrans.o
                0x0800d0ac                __func__.6688.lto_priv.112
 *fill*         0x0800d0bf        0x1 
 .rodata.__func__.6693.lto_priv.110
                0x0800d0c0       0x14 /tmp/cctfh5J0.ltrans0.ltrans.o
                0x0800d0c0                __func__.6693.lto_priv.110
 .rodata.__func__.5270.lto_priv.11
                0x0800d0d4        0xc /tmp/cctfh5J0.ltrans0.ltrans.o
                0x0800d0d4                __func__.5270.lto_priv.11
 .rodata.__func__.6758.lto_priv.109
                0x0800d0e0       0x20 /tmp/cctfh5J0.ltrans0.ltrans.o
                0x0800d0e0                __func__.6758.lto_priv.109
 .rodata.__func__.6777.lto_priv.108
                0x0800d100       0x23 /tmp/cctfh5J0.ltrans0.ltrans.o
                0x0800d100                __func__.6777.lto_priv.108
 *fill*         0x0800d123        0x1 
 .rodata.__func__.6859.lto_priv.102
                0x0800d124       0x22 /tmp/cctfh5J0.ltrans0.ltrans.o
                0x0800d124                __func__.6859.lto_priv.102
 *fill*         0x0800d146        0x2 
 .rodata.can_driver_stm32_iface.lto_priv.101
                0x0800d148       0x10 /tmp/cctfh5J0.ltrans0.ltrans.o
                0x0800d148                can_driver_stm32_iface.lto_priv.101
 .rodata.__func__.6775.lto_priv.95
                0x0800d158       0x14 /tmp/cctfh5J0.ltrans0.ltrans.o
                0x0800d158                __func__.6775.lto_priv.95
 .rodata.__func__.5270.lto_priv.12
                0x0800d16c        0xc /tmp/cctfh5J0.ltrans0.ltrans.o
                0x0800d16c                __func__.5270.lto_priv.12
 .rodata.__func__.6803.lto_priv.93
                0x0800d178       0x17 /tmp/cctfh5J0.ltrans0.ltrans.o
                0x0800d178                __func__.6803.lto_priv.93
 *fill*         0x0800d18f        0x1 
 .rodata.__func__.7032.lto_priv.76
                0x0800d190       0x11 /tmp/cctfh5J0.ltrans0.ltrans.o
                0x0800d190                __func__.7032.lto_priv.76
 *fill*         0x0800d1a1        0x3 
 .rodata.__func__.5270.lto_priv.13
                0x0800d1a4        0xc /tmp/cctfh5J0.ltrans0.ltrans.o
                0x0800d1a4                __func__.5270.lto_priv.13
 .rodata.__func__.7196.lto_priv.67
                0x0800d1b0       0x21 /tmp/cctfh5J0.ltrans0.ltrans.o
                0x0800d1b0                __func__.7196.lto_priv.67
 *fill*         0x0800d1d1        0x3 
 .rodata.valid_baudrates.lto_priv.64
                0x0800d1d4       0x10 /tmp/cctfh5J0.ltrans0.ltrans.o
                0x0800d1d4                valid_baudrates.lto_priv.64
 .rodata.__func__.6042.lto_priv.66
                0x0800d1e4        0x9 /tmp/cctfh5J0.ltrans0.ltrans.o
                0x0800d1e4                __func__.6042.lto_priv.66
 *fill*         0x0800d1ed        0x3 
 .rodata.__func__.5457.lto_priv.57
                0x0800d1f0        0x9 /tmp/cctfh5J0.ltrans0.ltrans.o
                0x0800d1f0                __func__.5457.lto_priv.57
 *fill*         0x0800d1f9        0x3 
 .rodata.__func__.5418.lto_priv.60
                0x0800d1fc        0xc /tmp/cctfh5J0.ltrans0.ltrans.o
                0x0800d1fc                __func__.5418.lto_priv.60
 .rodata.__func__.7981
                0x0800d208        0xf /tmp/cctfh5J0.ltrans0.ltrans.o
 *fill*         0x0800d217        0x1 
 .rodata.__func__.5452
                0x0800d218        0x9 /tmp/cctfh5J0.ltrans0.ltrans.o
                0x0800d224                . = ALIGN (0x4)
 *fill*         0x0800d221        0x3 
                0x0800d224                __rodata_end__ = .

.ARM.extab
 *(.ARM.extab* .gnu.linkonce.armextab.*)

.ARM.exidx      0x0800d224        0x8
                0x0800d224                __exidx_start = .
 *(.ARM.exidx* .gnu.linkonce.armexidx.*)
 .ARM.exidx     0x0800d224        0x8 /home/markw/gcc-arm-none-eabi-4_9-2015q3/bin/../lib/gcc/arm-none-eabi/4.9.3/armv7-m/libgcc.a(_divdi3.o)
 .ARM.exidx     0x0800d22c        0x0 /home/markw/gcc-arm-none-eabi-4_9-2015q3/bin/../lib/gcc/arm-none-eabi/4.9.3/armv7-m/libgcc.a(_udivdi3.o)
                                  0x8 (size before relaxing)
                0x0800d22c                __exidx_end = .

.rel.dyn        0x0800d22c        0x0
 .rel.iplt      0x00000000        0x0 build/org.mro.perh_1.0/obj/crt0_v7m.o

.eh_frame_hdr
 *(.eh_frame_hdr)

.eh_frame
 *(.eh_frame)
                0x20000000                __ram0_start__ = ORIGIN (ram0)
                0x00003f00                __ram0_size__ = 0x3f00
                0x20003f00                __ram0_end__ = (__ram0_start__ + __ram0_size__)
                0x00000000                __ram1_start__ = ORIGIN (ram1)
                0xffffffff                __ram1_size__ = 0xffffffff
                0xffffffff                __ram1_end__ = (__ram1_start__ + __ram1_size__)
                0x00000000                __ram2_start__ = ORIGIN (ram2)
                0xffffffff                __ram2_size__ = 0xffffffff
                0xffffffff                __ram2_end__ = (__ram2_start__ + __ram2_size__)
                0x00000000                __ram3_start__ = ORIGIN (ram3)
                0xffffffff                __ram3_size__ = 0xffffffff
                0xffffffff                __ram3_end__ = (__ram3_start__ + __ram3_size__)
                0x00000000                __ram4_start__ = ORIGIN (ram4)
                0xffffffff                __ram4_size__ = 0xffffffff
                0xffffffff                __ram4_end__ = (__ram4_start__ + __ram4_size__)
                0x00000000                __ram5_start__ = ORIGIN (ram5)
                0xffffffff                __ram5_size__ = 0xffffffff
                0xffffffff                __ram5_end__ = (__ram5_start__ + __ram5_size__)
                0x00000000                __ram6_start__ = ORIGIN (ram6)
                0xffffffff                __ram6_size__ = 0xffffffff
                0xffffffff                __ram6_end__ = (__ram6_start__ + __ram6_size__)
                0x00000000                __ram7_start__ = ORIGIN (ram7)
                0xffffffff                __ram7_size__ = 0xffffffff
                0xffffffff                __ram7_end__ = (__ram7_start__ + __ram7_size__)

.data           0x20000a00       0x1c load address 0x0800d22c
                0x20000a00                . = ALIGN (0x4)
                0x0800d22c                PROVIDE (_textdata, LOADADDR (.data))
                0x20000a00                PROVIDE (_data, .)
                0x0800d22c                _textdata_start = LOADADDR (.data)
                0x20000a00                _data_start = .
 *(.data)
 *(.data.*)
 .data.can_instance_pool
                0x20000a00        0xc /tmp/cctfh5J0.ltrans0.ltrans.o
                0x20000a00                can_instance_pool
 .data.rx_list_pool
                0x20000a0c        0xc /tmp/cctfh5J0.ltrans0.ltrans.o
                0x20000a0c                rx_list_pool
 .data._module_freemem_init_phase